******************************************************************************
              TMS320C55x Linker PC v4.4.1                      
******************************************************************************
>> Linked Mon Mar 19 09:32:45 2018

OUTPUT FILE NAME:   <EQ.out>
ENTRY POINT SYMBOL: "_c_int00"  address: 000281dd


MEMORY CONFIGURATION

         name            origin    length      used     unused   attr    fill
                        (bytes)   (bytes)    (bytes)   (bytes)
----------------------  --------  ---------  --------  --------  ----  --------
PAGE 0:
  MMR                   00000000   000000c0  00000000  000000c0  RWIX
  DARAM0                000000c0   0000ff40  000067e4  0000975c  RWIX
  SARAM0                00010000   00010000  00000000  00010000  RWIX
  SARAM1                00020000   00020000  000082ff  00017d01  RWIX
  SARAM2                00040000   0000fe00  00000378  0000fa88  RWIX
  VECS                  0004fe00   00000200  00000200  00000000  RWIX
  PDROM                 00ff8000   00008000  00000000  00008000  R IX

PAGE 2:
  IOPORT                00000000   00020000  00000000  00020000  RWI 


SECTION ALLOCATION MAP
(Addresses surrounded by []'s are displayed for convenience only!)

output                                                          attributes/
section   page  orgn(bytes) orgn(words) len(bytes) len(words)   input sections
--------  ----  ----------- ----------- ---------- ----------   --------------
.pinit       0   [ 00040000 ]  00020000          *   00000000   UNINITIALIZED

.stack       0   [ 000000c0 ]  00000060          *   00001000   UNINITIALIZED
                 [ 000000c0 ]  00000060          *   00001000   --HOLE--

.data        0   [ 000000c0 ]  00000060          *   00000000   UNINITIALIZED

.sysstack 
*            0   [ 000020c0 ]  00001060          *   00000800   UNINITIALIZED
                 [ 000020c0 ]  00001060          *   00000800   --HOLE--

.sysmem      0   [ 000030c0 ]  00001860          *   00001000   UNINITIALIZED
                 [ 000030c0 ]  00001860          *   00001000   --HOLE--

.bss.1       0   [ 000050c0 ]  00002860          *   00000891   UNINITIALIZED
                 [ 000050c0 ]  00002860          *   00000408   ezdsp5535_aic3204_dma.obj (.bss)
                 [ 000058d0 ]  00002c68          *   00000180   main.obj (.bss)
                 [ 00005bd0 ]  00002de8          *   00000119   rts55x.lib : defs.obj (.bss)
                 [ 00005e02 ]  00002f01          *   000000d0              : trgdrv.obj (.bss)
                 [ 00005fa2 ]  00002fd1          *   00000001              : fopen.obj (.bss)
                 [ 00005fa4 ]  00002fd2          *   00000084   cslVC5505.lib : csl_intc.obj (.bss)
                 [ 000060ac ]  00003056          *   00000071   rts55x.lib : lowlev.obj (.bss)
                 [ 0000618e ]  000030c7          *   0000002a   cslVC5505.lib : csl_i2s.obj (.bss)

.bss.2       0   [ 000061e4 ]  000030f2          *   00000030   UNINITIALIZED
                 [ 000061e4 ]  000030f2          *   00000012   cslVC5505.lib : csl_i2c.obj (.bss)
                 [ 00006208 ]  00003104          *   00000008   ezdsp5535bsl.lib : ezdsp5535_sar.obj (.bss)
                 [ 00006218 ]  0000310c          *   00000006   rts55x.lib : memory.obj (.bss)
                 [ 00006224 ]  00003112          *   00000004   ezdsp5535bsl.lib : ezdsp5535_gpio.obj (.bss)
                 [ 0000622c ]  00003116          *   00000004   rts55x.lib : _lock.obj (.bss)
                 [ 00006234 ]  0000311a          *   00000004              : exit.obj (.bss)
                 [ 0000623c ]  0000311e          *   00000002   aic3204.obj (.bss)
                 [ 00006240 ]  00003120          *   00000002   ezdsp5535bsl.lib : ezdsp5535_i2s.obj (.bss)

.const.1     0   [ 00006244 ]  00003122          *   00000319   
                 [ 00006244 ]  00003122          *   00000174   aic3204_init.obj (.const:.string)
                 [ 0000652c ]  00003296          *   00000101   rts55x.lib : ctype.obj (.const:__ctypes_)
                 [ 0000672e ]  00003397          *   00000060   print_number.obj (.const:_consolas_8ptBitmaps)
                 [ 000067ee ]  000033f7          *   00000001   print_number.obj (.const)
                 [ 000067f0 ]  000033f8          *   00000024   rts55x.lib : _printfi.obj (.const:.string)
                 [ 00006838 ]  0000341c          *   0000001f   main.obj (.const:.string)

.const.2     0   [ 00006878 ]  0000343c          *   00000018   
                 [ 00006878 ]  0000343c          *   0000000c   rts55x.lib : _printfi.obj (.const)
                 [ 00006890 ]  00003448          *   00000008              : divd.obj (.const:_initial_approx$1)
                 [ 000068a0 ]  00003450          *   00000002              : fputs.obj (.const:.string)
                 [ 000068a4 ]  00003452          *   00000002              : fltlid.obj (.const)

.text        0     00020000  [ 00010000 ] 000082ff          *   
                   00020000  [ 00010000 ] 000015a4          *   rts55x.lib : _printfi.obj (.text)
                   000215a4  [ 00010ad2 ] 00000c3c          *   cslVC5505.lib : csl_i2c.obj (.text)
                   000221e0  [ 000110f0 ] 00000b18          *                 : csl_sar.obj (.text)
                   00022cf8  [ 0001167c ] 000009f3          *                 : csl_i2s.obj (.text)
                   000236eb  [ 00011b75+] 0000068d          *                 : csl_gpio.obj (.text)
                   00023d78  [ 00011ebc ] 000005b5          *   aic3204_init.obj (.text)
                   0002432d  [ 00012196+] 00000554          *   cslVC5505.lib : csl_intc.obj (.text)
                   00024881  [ 00012440+] 00000543          *   rts55x.lib : lowlev.obj (.text)
                   00024dc4  [ 000126e2 ] 00000528          *              : trgdrv.obj (.text)
                   000252ec  [ 00012976 ] 000004b5          *              : memory.obj (.text)
                   000257a1  [ 00012bd0+] 000003cc          *              : divd.obj (.text)
                   00025b6d  [ 00012db6+] 0000031b          *   ezdsp5535_aic3204_dma.obj (.text)
                   00025e88  [ 00012f44 ] 000002d2          *   print_number.obj (.text)
                   0002615a  [ 000130ad ] 0000027f          *   rts55x.lib : fopen.obj (.text)
                   000263d9  [ 000131ec+] 0000025e          *              : llmpy.obj (.text)
                   00026637  [ 0001331b+] 0000025a          *              : addd.obj (.text)
                   00026891  [ 00013448+] 000001ea          *              : cmpd.obj (.text)
                   00026a7b  [ 0001353d+] 00000192          *   ezdsp5535bsl.lib : ezdsp5535_lcd.obj (.text)
                   00026c0d  [ 00013606+] 0000017a          *                    : ezdsp5535_sar.obj (.text)
                   00026d87  [ 000136c3+] 00000163          *   rts55x.lib : fputs.obj (.text)
                   00026eea  [ 00013775 ] 0000014c          *              : mpyd.obj (.text)
                   00027036  [ 0001381b ] 00000127          *   iir.obj (.text)
                   0002715d  [ 000138ae+] 00000107          *   ezdsp5535bsl.lib : ezdsp5535_i2s.obj (.text)
                   00027264  [ 00013932 ] 000000e6          *   rts55x.lib : setvbuf.obj (.text)
                   0002734a  [ 000139a5 ] 000000dd          *              : _io_perm.obj (.text)
                   00027427  [ 00013a13+] 000000cc          *   ezdsp5535_aic3204_dma.obj (.text:retain)
                   000274f3  [ 00013a79+] 000000c3          *   aic3204.obj (.text)
                   000275b6  [ 00013adb ] 000000c2          *   rts55x.lib : fflush.obj (.text)
                   00027678  [ 00013b3c ] 000000ba          *              : trgmsg.obj (.text:CIO_breakpoint)
                   00027732  [ 00013b99 ] 000000a6          *              : fputc.obj (.text)
                   000277d8  [ 00013bec ] 000000a1          *              : divul.obj (.text)
                   00027879  [ 00013c3c+] 0000008e          *   ezdsp5535bsl.lib : ezdsp5535_i2c.obj (.text)
                   00027907  [ 00013c83+] 0000008c          *   cslVC5505.lib : csl_irqplug.obj (.text)
                   00027993  [ 00013cc9+] 00000087          *   ezdsp5535bsl.lib : ezdsp5535_gpio.obj (.text)
                   00027a1a  [ 00013d0d ] 0000007d          *   rts55x.lib : ltoa.obj (.text)
                   00027a97  [ 00013d4b+] 0000007b          *              : fclose.obj (.text)
                   00027b12  [ 00013d89 ] 00000076          *              : frcmpyd.obj (.text)
                   00027b88  [ 00013dc4 ] 00000073          *              : frcmpyd_div.obj (.text)
                   00027bfb  [ 00013dfd+] 00000072          *              : remul.obj (.text)
                   00027c6d  [ 00013e36+] 0000006f          *              : fixdli.obj (.text)
                   00027cdc  [ 00013e6e ] 0000006d          *   cslVC5505.lib : vectors.obj (.text)
                   00027d49  [ 00013ea4+] 0000006d          *   rts55x.lib : trgmsg.obj (.text)
                   00027db6  [ 00013edb ] 0000006b          *              : fseek.obj (.text)
                   00027e21  [ 00013f10+] 00000067          *              : fltlid.obj (.text)
                   00027e88  [ 00013f44 ] 0000005c          *              : atoi.obj (.text)
                   00027ee4  [ 00013f72 ] 0000005a          *   processing.obj (.text)
                   00027f3e  [ 00013f9f ] 00000054          *   ezdsp5535bsl.lib : ezdsp5535.obj (.text)
                   00027f92  [ 00013fc9 ] 00000053          *   main.obj (.text)
                   00027fe5  [ 00013ff2+] 00000050          *   rts55x.lib : printf.obj (.text)
                   00028035  [ 0001401a+] 0000004d          *              : autoinit.obj (.text)
                   00028082  [ 00014041 ] 0000004b          *              : args_main.obj (.text)
                   000280cd  [ 00014066+] 0000004b          *              : remli.obj (.text)
                   00028118  [ 0001408c ] 00000048          *              : divli.obj (.text)
                   00028160  [ 000140b0 ] 0000003f          *              : memcpy.obj (.text)
                   0002819f  [ 000140cf+] 0000003e          *              : exit.obj (.text)
                   000281dd  [ 000140ee+] 00000034          *              : boot.obj (.text)
                   00028211  [ 00014108+] 0000002a          *              : fixdi.obj (.text)
                   0002823b  [ 0001411d+] 0000002a          *              : udiv.obj (.text)
                   00028265  [ 00014132+] 00000023          *              : memccpy.obj (.text)
                   00028288  [ 00014144 ] 0000001a          *              : isinf.obj (.text)
                   000282a2  [ 00014151 ] 00000014          *              : subd.obj (.text)
                   000282b6  [ 0001415b ] 00000013          *              : lmpy.obj (.text)
                   000282c9  [ 00014164+] 00000012          *              : _lock.obj (.text)
                   000282db  [ 0001416d+] 00000010          *              : negd.obj (.text)
                   000282eb  [ 00014175+] 0000000a          *              : remove.obj (.text)
                   000282f5  [ 0001417a+] 00000007          *              : exit.obj (.text:CIO_breakpoint)
                   000282fc  [ 0001417e ] 00000002          *              : vectors.obj (.text)
                   000282fe  [ 0001417f ] 00000001          *   --HOLE-- [fill = 20]

.cio         0   [ 00040000 ]  00020000          *   00000120   UNINITIALIZED
                 [ 00040000 ]  00020000          *   00000120   rts55x.lib : trgmsg.obj (.cio)

.cinit       0   [ 00040240 ]  00020120          *   00000088   
                 [ 00040240 ]  00020120          *   0000002d   rts55x.lib : lowlev.obj (.cinit)
                 [ 0004029a ]  0002014d          *   0000002a              : defs.obj (.cinit)
                 [ 000402ee ]  00020177          *   0000000c   ezdsp5535bsl.lib : ezdsp5535_sar.obj (.cinit)
                 [ 00040306 ]  00020183          *   0000000a   rts55x.lib : _lock.obj (.cinit)
                 [ 0004031a ]  0002018d          *   0000000a              : exit.obj (.cinit)
                 [ 0004032e ]  00020197          *   00000008   cslVC5505.lib : csl_i2s.obj (.cinit)
                 [ 0004033e ]  0002019f          *   00000004   rts55x.lib : fopen.obj (.cinit)
                 [ 00040346 ]  000201a3          *   00000004              : memory.obj (.cinit)
                 [ 0004034e ]  000201a7          *   00000001   --HOLE-- [fill = 0]

.switch      0   [ 00040350 ]  000201a8          *   00000014   
                 [ 00040350 ]  000201a8          *   00000014   print_number.obj (.switch:_printChar)

vectors      0     0004fe00  [ 00027f00 ] 00000200          *   
                   0004fe00  [ 00027f00 ] 00000100          *   cslVC5505.lib : vectors.obj (vectors)
                   0004ff00  [ 00027f80 ] 00000100          *   rts55x.lib : vectors.obj (vectors)


GLOBAL SYMBOLS: SORTED ALPHABETICALLY BY Name 

abs. value/
byte addr   word addr   name
---------   ---------   ----
00000002                $TI_capability$C5500$CallingConvention
00000002                $TI_capability$C5500$MemoryModel
00000001                $TI_capability_requires_rev3
ffffffff                .bss
ffffffff                .data
ffffffff                .text
000282f6                C$$EXIT
0002772d                C$$IO$$
000282b6                I$$LMPY
0002823b                I$$UDIV
00028250                I$$UMOD
0004fe00                RST
000274f3                _AIC3204_rget
0002753e                _AIC3204_rset
            00002868    _DMA_InputL
            00002968    _DMA_InputR
            00002a68    _DMA_OutputL
            00002b68    _DMA_OutputR
000279fc                _EZDSP5535_GPIO_getInput
00027993                _EZDSP5535_GPIO_init
000279be                _EZDSP5535_GPIO_setDirection
000279e2                _EZDSP5535_GPIO_setOutput
00027879                _EZDSP5535_I2C_init
000278df                _EZDSP5535_I2C_read
000278ae                _EZDSP5535_I2C_reset
000278b9                _EZDSP5535_I2C_write
00027252                _EZDSP5535_I2S_close
0002715d                _EZDSP5535_I2S_init
000271b6                _EZDSP5535_I2S_readLeft
00027215                _EZDSP5535_I2S_readRight
000271e8                _EZDSP5535_I2S_writeLeft
00027236                _EZDSP5535_I2S_writeRight
00026aee                _EZDSP5535_OSD9616_init
00026aa3                _EZDSP5535_OSD9616_multiSend
00026bd0                _EZDSP5535_OSD9616_printLetter
00026a7b                _EZDSP5535_OSD9616_send
00026cd3                _EZDSP5535_SAR_getKey
00026c0d                _EZDSP5535_SAR_init
00027f84                _EZDSP5535_init
00027f3e                _EZDSP5535_wait
00027f72                _EZDSP5535_waitusec
00023bd6                _GPIO_clearInt
0002372f                _GPIO_close
00023753                _GPIO_config
00023986                _GPIO_configBit
00023ace                _GPIO_disableInt
00023b4c                _GPIO_enableInt
000237d8                _GPIO_getConfig
000236eb                _GPIO_open
00023860                _GPIO_read
00023ce9                _GPIO_reset
00023c62                _GPIO_statusBit
000238e3                _GPIO_write
            00003112    _GpioObj
0002528e                _HOSTclock
00025223                _HOSTclose
0002516e                _HOSTlseek
000250cf                _HOSTopen
00025042                _HOSTread
00024f94                _HOSTrename
00024f36                _HOSTtime
00024ecc                _HOSTunlink
00024e3f                _HOSTwrite
0002164d                _I2C_config
00022018                _I2C_eventDisable
00021ee4                _I2C_eventEnable
000217b2                _I2C_getConfig
000221c4                _I2C_getEventId
000215a4                _I2C_init
00021cc6                _I2C_read
00022137                _I2C_setCallback
00021888                _I2C_setup
00021a82                _I2C_write
0002312d                _I2S_close
00022cf8                _I2S_open
000231df                _I2S_read
000235ef                _I2S_reset
00022e3f                _I2S_setup
000236a0                _I2S_transEnable
00023499                _I2S_write
000243c7                _IRQ_clear
00024431                _IRQ_clearAll
00024441                _IRQ_config
00024567                _IRQ_disable
000245e5                _IRQ_disableAll
000245f3                _IRQ_enable
000246ed                _IRQ_getArg
000244d4                _IRQ_getConfig
0002483b                _IRQ_globalDisable
00024854                _IRQ_globalEnable
0002486d                _IRQ_globalRestore
0002432d                _IRQ_init
00024766                _IRQ_map
00027907                _IRQ_plug
0002467d                _IRQ_restore
00024733                _IRQ_setArg
00024798                _IRQ_setVecs
000247c9                _IRQ_test
0004ff00                _Reset
00022763                _SAR_A2DMeasParamSet
00022bdd                _SAR_GPODirSet
000222da                _SAR_chanClose
0002235e                _SAR_chanConfig
0002265a                _SAR_chanCycSet
0002225d                _SAR_chanInit
00022278                _SAR_chanOpen
00022446                _SAR_chanSetup
0002223d                _SAR_deInit
000223d4                _SAR_getConfig
00022cb9                _SAR_getStatus
000221e0                _SAR_init
00022722                _SAR_readData
000226a9                _SAR_startConversion
000226db                _SAR_stopConversion
            00003108    _SarHandle
            00003104    _SarObj
0004fe00                _VECSTART
            00020000    __CIOBUF_
000242d4                __I2S_init
            00001060    __STACK_END
00002000                __STACK_SIZE
00002000                __SYSMEM_SIZE
00001000                __SYSSTACK_SIZE
00000001                __TI_args_main
ffffffff                ___binit__
ffffffff                ___bss__
ffffffff                ___c_args__
            00020120    ___cinit__
ffffffff                ___data__
ffffffff                ___edata__
ffffffff                ___end__
ffffffff                ___etext__
00028288                ___isinf
ffffffff                ___pinit__
ffffffff                ___text__
00026637                __addd
00028082                __args_main
0002627b                __cleanup
            0000311a    __cleanup_ptr
00026a23                __cmpd
            00003296    __ctypes_
000257a1                __divd
00028118                __divli
00026602                __divlli
0002823b                __divu
000277d8                __divul
0002650e                __divull
000275b6                __doflush
            0000311c    __dtors_ptr
000269ef                __eqld
00028211                __fixdi
00027c6d                __fixdli
00027e21                __fltlid
00027b12                __frcmpyd
00027b88                __frcmpyd_div
            00002f00    __ft_end
            00002de8    __ftable
000269a5                __geqd
0002695a                __gtrd
0002690d                __leqd
            00003116    __lock
000268c5                __lssd
00026eea                __mpyd
000282b6                __mpyli
00026456                __mpylli
000282db                __negd
00026891                __neqd
000282d9                __nop
00021362                __printfi
000273ca                __rd_ok
000282d1                __register_lock
000282c9                __register_unlock
000280cd                __remli
00026427                __remlli
00028250                __remu
00027bfb                __remul
000263d9                __remull
            00000060    __stack
000282a2                __subd
            00001860    __sys_memory
            00001060    __sysstack
            00002e60    __tmpnams
            00003118    __unlock
0002734a                __wrt_ok
000282f5                _abort
00024cd4                _add_device
0002758b                _aic3204_codec_read
000275a2                _aic3204_codec_write
0002757a                _aic3204_disable
00025b6d                _aic3204_dma_init
00027568                _aic3204_hardware_init
00023d78                _aic3204_init
00025cf8                _aic3204_read_block
00025dad                _aic3204_write_block
00027e88                _atoi
00028035                _auto_init
000281dd                _c_int00
00027ef0                _calculatePeekCoeff
00027ee4                _calculateShelvingCoeff
0002577b                _calloc
00025773                _chkheap
00025f26                _clearLCD
00024c61                _close
            00003397    _consolas_8ptBitmaps
            0000311e    _counter1
            0000311f    _counter2
0002819f                _exit
00027a97                _fclose
0002761f                _fflush
00024c58                _find_registered_device
00027036                _first_order_IIR
0002639e                _fopen
00027732                _fputc
00026d87                _fputs
000252ec                _free
0002571d                _free_memory
000262d5                _freopen
            000030ef    _fsError
00027db6                _fseek
            000030f2    _gI2cObj
00024dc4                _getenv
            00003114    _hGpio
            00003120    _hI2s
            00003102    _i2cHandle
00025e88                _initPrintNumber
            0000310a    _keyCnt1
            0000310b    _keyCnt2
00024bf2                _lseek
00027a1a                _ltoa
00027f92                _main
0002541d                _malloc
000256c3                _max_free
00028265                _memccpy
00028160                _memcpy
000253b8                _minit
00024b33                _open
            000030f0    _ouError
            00003107    _preKey
00025ff4                _printChar
00027fe5                _printf
00027732                _putc
000277c9                _putchar
00026ebc                _puts
00024a85                _read
00027d49                _readmsg
00025512                _realloc
000282eb                _remove
00024a4f                _remove_device
000249f6                _rename
            00002c68    _sampleBufferL
            00002ce8    _sampleBufferR
000270a4                _second_order_IIR
00025fd2                _setWritePointerToFirstChar
00023f69                _set_sampling_frequency_and_gain
00027264                _setvbuf
00027eff                _shelvingHP
00027f14                _shelvingLP
00027f29                _shelvingPeek
            000033f7    _sign_width
            00002d68    _tempBuff
000249c3                _unlink
00024881                _write
00027678                _writemsg
ffffffff                binit
            00020120    cinit
ffffffff                edata
ffffffff                end
ffffffff                etext
ffffffff                pinit


GLOBAL SYMBOLS: SORTED BY Symbol Address 

abs. value/
byte addr   word addr   name
---------   ---------   ----
00000001                $TI_capability_requires_rev3
00000001                __TI_args_main
00000002                $TI_capability$C5500$CallingConvention
00000002                $TI_capability$C5500$MemoryModel
            00000060    __stack
00001000                __SYSSTACK_SIZE
00002000                __STACK_SIZE
00002000                __SYSMEM_SIZE
            00001060    __STACK_END
            00001060    __sysstack
            00001860    __sys_memory
            00002868    _DMA_InputL
            00002968    _DMA_InputR
            00002a68    _DMA_OutputL
            00002b68    _DMA_OutputR
            00002c68    _sampleBufferL
            00002ce8    _sampleBufferR
            00002d68    _tempBuff
            00002de8    __ftable
            00002e60    __tmpnams
            00002f00    __ft_end
            000030ef    _fsError
            000030f0    _ouError
            000030f2    _gI2cObj
            00003102    _i2cHandle
            00003104    _SarObj
            00003107    _preKey
            00003108    _SarHandle
            0000310a    _keyCnt1
            0000310b    _keyCnt2
            00003112    _GpioObj
            00003114    _hGpio
            00003116    __lock
            00003118    __unlock
            0000311a    __cleanup_ptr
            0000311c    __dtors_ptr
            0000311e    _counter1
            0000311f    _counter2
            00003120    _hI2s
            00003296    __ctypes_
            00003397    _consolas_8ptBitmaps
            000033f7    _sign_width
00021362                __printfi
000215a4                _I2C_init
0002164d                _I2C_config
000217b2                _I2C_getConfig
00021888                _I2C_setup
00021a82                _I2C_write
00021cc6                _I2C_read
00021ee4                _I2C_eventEnable
00022018                _I2C_eventDisable
00022137                _I2C_setCallback
000221c4                _I2C_getEventId
000221e0                _SAR_init
0002223d                _SAR_deInit
0002225d                _SAR_chanInit
00022278                _SAR_chanOpen
000222da                _SAR_chanClose
0002235e                _SAR_chanConfig
000223d4                _SAR_getConfig
00022446                _SAR_chanSetup
0002265a                _SAR_chanCycSet
000226a9                _SAR_startConversion
000226db                _SAR_stopConversion
00022722                _SAR_readData
00022763                _SAR_A2DMeasParamSet
00022bdd                _SAR_GPODirSet
00022cb9                _SAR_getStatus
00022cf8                _I2S_open
00022e3f                _I2S_setup
0002312d                _I2S_close
000231df                _I2S_read
00023499                _I2S_write
000235ef                _I2S_reset
000236a0                _I2S_transEnable
000236eb                _GPIO_open
0002372f                _GPIO_close
00023753                _GPIO_config
000237d8                _GPIO_getConfig
00023860                _GPIO_read
000238e3                _GPIO_write
00023986                _GPIO_configBit
00023ace                _GPIO_disableInt
00023b4c                _GPIO_enableInt
00023bd6                _GPIO_clearInt
00023c62                _GPIO_statusBit
00023ce9                _GPIO_reset
00023d78                _aic3204_init
00023f69                _set_sampling_frequency_and_gain
000242d4                __I2S_init
0002432d                _IRQ_init
000243c7                _IRQ_clear
00024431                _IRQ_clearAll
00024441                _IRQ_config
000244d4                _IRQ_getConfig
00024567                _IRQ_disable
000245e5                _IRQ_disableAll
000245f3                _IRQ_enable
0002467d                _IRQ_restore
000246ed                _IRQ_getArg
00024733                _IRQ_setArg
00024766                _IRQ_map
00024798                _IRQ_setVecs
000247c9                _IRQ_test
0002483b                _IRQ_globalDisable
00024854                _IRQ_globalEnable
0002486d                _IRQ_globalRestore
00024881                _write
000249c3                _unlink
000249f6                _rename
00024a4f                _remove_device
00024a85                _read
00024b33                _open
00024bf2                _lseek
00024c58                _find_registered_device
00024c61                _close
00024cd4                _add_device
00024dc4                _getenv
00024e3f                _HOSTwrite
00024ecc                _HOSTunlink
00024f36                _HOSTtime
00024f94                _HOSTrename
00025042                _HOSTread
000250cf                _HOSTopen
0002516e                _HOSTlseek
00025223                _HOSTclose
0002528e                _HOSTclock
000252ec                _free
000253b8                _minit
0002541d                _malloc
00025512                _realloc
000256c3                _max_free
0002571d                _free_memory
00025773                _chkheap
0002577b                _calloc
000257a1                __divd
00025b6d                _aic3204_dma_init
00025cf8                _aic3204_read_block
00025dad                _aic3204_write_block
00025e88                _initPrintNumber
00025f26                _clearLCD
00025fd2                _setWritePointerToFirstChar
00025ff4                _printChar
0002627b                __cleanup
000262d5                _freopen
0002639e                _fopen
000263d9                __remull
00026427                __remlli
00026456                __mpylli
0002650e                __divull
00026602                __divlli
00026637                __addd
00026891                __neqd
000268c5                __lssd
0002690d                __leqd
0002695a                __gtrd
000269a5                __geqd
000269ef                __eqld
00026a23                __cmpd
00026a7b                _EZDSP5535_OSD9616_send
00026aa3                _EZDSP5535_OSD9616_multiSend
00026aee                _EZDSP5535_OSD9616_init
00026bd0                _EZDSP5535_OSD9616_printLetter
00026c0d                _EZDSP5535_SAR_init
00026cd3                _EZDSP5535_SAR_getKey
00026d87                _fputs
00026ebc                _puts
00026eea                __mpyd
00027036                _first_order_IIR
000270a4                _second_order_IIR
0002715d                _EZDSP5535_I2S_init
000271b6                _EZDSP5535_I2S_readLeft
000271e8                _EZDSP5535_I2S_writeLeft
00027215                _EZDSP5535_I2S_readRight
00027236                _EZDSP5535_I2S_writeRight
00027252                _EZDSP5535_I2S_close
00027264                _setvbuf
0002734a                __wrt_ok
000273ca                __rd_ok
000274f3                _AIC3204_rget
0002753e                _AIC3204_rset
00027568                _aic3204_hardware_init
0002757a                _aic3204_disable
0002758b                _aic3204_codec_read
000275a2                _aic3204_codec_write
000275b6                __doflush
0002761f                _fflush
00027678                _writemsg
0002772d                C$$IO$$
00027732                _fputc
00027732                _putc
000277c9                _putchar
000277d8                __divul
00027879                _EZDSP5535_I2C_init
000278ae                _EZDSP5535_I2C_reset
000278b9                _EZDSP5535_I2C_write
000278df                _EZDSP5535_I2C_read
00027907                _IRQ_plug
00027993                _EZDSP5535_GPIO_init
000279be                _EZDSP5535_GPIO_setDirection
000279e2                _EZDSP5535_GPIO_setOutput
000279fc                _EZDSP5535_GPIO_getInput
00027a1a                _ltoa
00027a97                _fclose
00027b12                __frcmpyd
00027b88                __frcmpyd_div
00027bfb                __remul
00027c6d                __fixdli
00027d49                _readmsg
00027db6                _fseek
00027e21                __fltlid
00027e88                _atoi
00027ee4                _calculateShelvingCoeff
00027ef0                _calculatePeekCoeff
00027eff                _shelvingHP
00027f14                _shelvingLP
00027f29                _shelvingPeek
00027f3e                _EZDSP5535_wait
00027f72                _EZDSP5535_waitusec
00027f84                _EZDSP5535_init
00027f92                _main
00027fe5                _printf
00028035                _auto_init
00028082                __args_main
000280cd                __remli
00028118                __divli
00028160                _memcpy
0002819f                _exit
000281dd                _c_int00
00028211                __fixdi
0002823b                I$$UDIV
0002823b                __divu
00028250                I$$UMOD
00028250                __remu
00028265                _memccpy
00028288                ___isinf
000282a2                __subd
000282b6                I$$LMPY
000282b6                __mpyli
000282c9                __register_unlock
000282d1                __register_lock
000282d9                __nop
000282db                __negd
000282eb                _remove
000282f5                _abort
000282f6                C$$EXIT
            00020000    __CIOBUF_
            00020120    ___cinit__
            00020120    cinit
0004fe00                RST
0004fe00                _VECSTART
0004ff00                _Reset
ffffffff                .bss
ffffffff                .data
ffffffff                .text
ffffffff                ___binit__
ffffffff                ___bss__
ffffffff                ___c_args__
ffffffff                ___data__
ffffffff                ___edata__
ffffffff                ___end__
ffffffff                ___etext__
ffffffff                ___pinit__
ffffffff                ___text__
ffffffff                binit
ffffffff                edata
ffffffff                end
ffffffff                etext
ffffffff                pinit

[269 symbols]
