<?xml version="1.0"?>
<link_info>
   <banner>TMS320C55x Linker PC v4.4.1</banner>
   <copyright>Copyright (c) 1996-2012 Texas Instruments Incorporated</copyright>
   <link_time>0x5aaf75ad</link_time>
   <output_file>EQ.out</output_file>
   <entry_point>
      <name>_c_int00</name>
      <address>0x281dd</address>
   </entry_point>
   <input_file_list>
      <input_file id="fl-2">
         <path>.\</path>
         <kind>object</kind>
         <file>aic3204.obj</file>
         <name>aic3204.obj</name>
      </input_file>
      <input_file id="fl-3">
         <path>.\</path>
         <kind>object</kind>
         <file>aic3204_init.obj</file>
         <name>aic3204_init.obj</name>
      </input_file>
      <input_file id="fl-4">
         <path>.\</path>
         <kind>object</kind>
         <file>ezdsp5535_aic3204_dma.obj</file>
         <name>ezdsp5535_aic3204_dma.obj</name>
      </input_file>
      <input_file id="fl-5">
         <path>.\</path>
         <kind>object</kind>
         <file>iir.obj</file>
         <name>iir.obj</name>
      </input_file>
      <input_file id="fl-6">
         <path>.\</path>
         <kind>object</kind>
         <file>main.obj</file>
         <name>main.obj</name>
      </input_file>
      <input_file id="fl-7">
         <path>.\</path>
         <kind>object</kind>
         <file>print_number.obj</file>
         <name>print_number.obj</name>
      </input_file>
      <input_file id="fl-8">
         <path>.\</path>
         <kind>object</kind>
         <file>processing.obj</file>
         <name>processing.obj</name>
      </input_file>
      <input_file id="fl-11">
         <path>..\lib\</path>
         <kind>archive</kind>
         <file>ezdsp5535bsl.lib</file>
         <name>ezdsp5535_sar.obj</name>
      </input_file>
      <input_file id="fl-12">
         <path>..\lib\</path>
         <kind>archive</kind>
         <file>ezdsp5535bsl.lib</file>
         <name>ezdsp5535_lcd.obj</name>
      </input_file>
      <input_file id="fl-13">
         <path>..\lib\</path>
         <kind>archive</kind>
         <file>ezdsp5535bsl.lib</file>
         <name>ezdsp5535_i2s.obj</name>
      </input_file>
      <input_file id="fl-14">
         <path>..\lib\</path>
         <kind>archive</kind>
         <file>ezdsp5535bsl.lib</file>
         <name>ezdsp5535_i2c.obj</name>
      </input_file>
      <input_file id="fl-15">
         <path>..\lib\</path>
         <kind>archive</kind>
         <file>ezdsp5535bsl.lib</file>
         <name>ezdsp5535_gpio.obj</name>
      </input_file>
      <input_file id="fl-16">
         <path>..\lib\</path>
         <kind>archive</kind>
         <file>ezdsp5535bsl.lib</file>
         <name>ezdsp5535.obj</name>
      </input_file>
      <input_file id="fl-17">
         <path>..\c55xx_csl\lib\</path>
         <kind>archive</kind>
         <file>cslVC5505.lib</file>
         <name>vectors.obj</name>
      </input_file>
      <input_file id="fl-18">
         <path>..\c55xx_csl\lib\</path>
         <kind>archive</kind>
         <file>cslVC5505.lib</file>
         <name>csl_sar.obj</name>
      </input_file>
      <input_file id="fl-19">
         <path>..\c55xx_csl\lib\</path>
         <kind>archive</kind>
         <file>cslVC5505.lib</file>
         <name>csl_irqplug.obj</name>
      </input_file>
      <input_file id="fl-1a">
         <path>..\c55xx_csl\lib\</path>
         <kind>archive</kind>
         <file>cslVC5505.lib</file>
         <name>csl_intc.obj</name>
      </input_file>
      <input_file id="fl-1b">
         <path>..\c55xx_csl\lib\</path>
         <kind>archive</kind>
         <file>cslVC5505.lib</file>
         <name>csl_i2s.obj</name>
      </input_file>
      <input_file id="fl-1c">
         <path>..\c55xx_csl\lib\</path>
         <kind>archive</kind>
         <file>cslVC5505.lib</file>
         <name>csl_i2c.obj</name>
      </input_file>
      <input_file id="fl-1d">
         <path>..\c55xx_csl\lib\</path>
         <kind>archive</kind>
         <file>cslVC5505.lib</file>
         <name>csl_gpio.obj</name>
      </input_file>
      <input_file id="fl-1e">
         <path>D:\ti\ccsv6\tools\compiler\c5500_4.4.1\lib\</path>
         <kind>archive</kind>
         <file>rts55x.lib</file>
         <name>boot.obj</name>
      </input_file>
      <input_file id="fl-1f">
         <path>D:\ti\ccsv6\tools\compiler\c5500_4.4.1\lib\</path>
         <kind>archive</kind>
         <file>rts55x.lib</file>
         <name>divul.obj</name>
      </input_file>
      <input_file id="fl-20">
         <path>D:\ti\ccsv6\tools\compiler\c5500_4.4.1\lib\</path>
         <kind>archive</kind>
         <file>rts55x.lib</file>
         <name>exit.obj</name>
      </input_file>
      <input_file id="fl-21">
         <path>D:\ti\ccsv6\tools\compiler\c5500_4.4.1\lib\</path>
         <kind>archive</kind>
         <file>rts55x.lib</file>
         <name>lmpy.obj</name>
      </input_file>
      <input_file id="fl-22">
         <path>D:\ti\ccsv6\tools\compiler\c5500_4.4.1\lib\</path>
         <kind>archive</kind>
         <file>rts55x.lib</file>
         <name>printf.obj</name>
      </input_file>
      <input_file id="fl-23">
         <path>D:\ti\ccsv6\tools\compiler\c5500_4.4.1\lib\</path>
         <kind>archive</kind>
         <file>rts55x.lib</file>
         <name>remul.obj</name>
      </input_file>
      <input_file id="fl-24">
         <path>D:\ti\ccsv6\tools\compiler\c5500_4.4.1\lib\</path>
         <kind>archive</kind>
         <file>rts55x.lib</file>
         <name>vectors.obj</name>
      </input_file>
      <input_file id="fl-25">
         <path>D:\ti\ccsv6\tools\compiler\c5500_4.4.1\lib\</path>
         <kind>archive</kind>
         <file>rts55x.lib</file>
         <name>_lock.obj</name>
      </input_file>
      <input_file id="fl-26">
         <path>D:\ti\ccsv6\tools\compiler\c5500_4.4.1\lib\</path>
         <kind>archive</kind>
         <file>rts55x.lib</file>
         <name>_printfi.obj</name>
      </input_file>
      <input_file id="fl-27">
         <path>D:\ti\ccsv6\tools\compiler\c5500_4.4.1\lib\</path>
         <kind>archive</kind>
         <file>rts55x.lib</file>
         <name>args_main.obj</name>
      </input_file>
      <input_file id="fl-28">
         <path>D:\ti\ccsv6\tools\compiler\c5500_4.4.1\lib\</path>
         <kind>archive</kind>
         <file>rts55x.lib</file>
         <name>atoi.obj</name>
      </input_file>
      <input_file id="fl-29">
         <path>D:\ti\ccsv6\tools\compiler\c5500_4.4.1\lib\</path>
         <kind>archive</kind>
         <file>rts55x.lib</file>
         <name>autoinit.obj</name>
      </input_file>
      <input_file id="fl-2a">
         <path>D:\ti\ccsv6\tools\compiler\c5500_4.4.1\lib\</path>
         <kind>archive</kind>
         <file>rts55x.lib</file>
         <name>cmpd.obj</name>
      </input_file>
      <input_file id="fl-2b">
         <path>D:\ti\ccsv6\tools\compiler\c5500_4.4.1\lib\</path>
         <kind>archive</kind>
         <file>rts55x.lib</file>
         <name>ctype.obj</name>
      </input_file>
      <input_file id="fl-2c">
         <path>D:\ti\ccsv6\tools\compiler\c5500_4.4.1\lib\</path>
         <kind>archive</kind>
         <file>rts55x.lib</file>
         <name>defs.obj</name>
      </input_file>
      <input_file id="fl-2d">
         <path>D:\ti\ccsv6\tools\compiler\c5500_4.4.1\lib\</path>
         <kind>archive</kind>
         <file>rts55x.lib</file>
         <name>divd.obj</name>
      </input_file>
      <input_file id="fl-2e">
         <path>D:\ti\ccsv6\tools\compiler\c5500_4.4.1\lib\</path>
         <kind>archive</kind>
         <file>rts55x.lib</file>
         <name>fixdi.obj</name>
      </input_file>
      <input_file id="fl-2f">
         <path>D:\ti\ccsv6\tools\compiler\c5500_4.4.1\lib\</path>
         <kind>archive</kind>
         <file>rts55x.lib</file>
         <name>fixdli.obj</name>
      </input_file>
      <input_file id="fl-30">
         <path>D:\ti\ccsv6\tools\compiler\c5500_4.4.1\lib\</path>
         <kind>archive</kind>
         <file>rts55x.lib</file>
         <name>fltlid.obj</name>
      </input_file>
      <input_file id="fl-31">
         <path>D:\ti\ccsv6\tools\compiler\c5500_4.4.1\lib\</path>
         <kind>archive</kind>
         <file>rts55x.lib</file>
         <name>fputc.obj</name>
      </input_file>
      <input_file id="fl-32">
         <path>D:\ti\ccsv6\tools\compiler\c5500_4.4.1\lib\</path>
         <kind>archive</kind>
         <file>rts55x.lib</file>
         <name>fputs.obj</name>
      </input_file>
      <input_file id="fl-33">
         <path>D:\ti\ccsv6\tools\compiler\c5500_4.4.1\lib\</path>
         <kind>archive</kind>
         <file>rts55x.lib</file>
         <name>frcmpyd_div.obj</name>
      </input_file>
      <input_file id="fl-34">
         <path>D:\ti\ccsv6\tools\compiler\c5500_4.4.1\lib\</path>
         <kind>archive</kind>
         <file>rts55x.lib</file>
         <name>isinf.obj</name>
      </input_file>
      <input_file id="fl-35">
         <path>D:\ti\ccsv6\tools\compiler\c5500_4.4.1\lib\</path>
         <kind>archive</kind>
         <file>rts55x.lib</file>
         <name>llmpy.obj</name>
      </input_file>
      <input_file id="fl-36">
         <path>D:\ti\ccsv6\tools\compiler\c5500_4.4.1\lib\</path>
         <kind>archive</kind>
         <file>rts55x.lib</file>
         <name>lowlev.obj</name>
      </input_file>
      <input_file id="fl-37">
         <path>D:\ti\ccsv6\tools\compiler\c5500_4.4.1\lib\</path>
         <kind>archive</kind>
         <file>rts55x.lib</file>
         <name>ltoa.obj</name>
      </input_file>
      <input_file id="fl-38">
         <path>D:\ti\ccsv6\tools\compiler\c5500_4.4.1\lib\</path>
         <kind>archive</kind>
         <file>rts55x.lib</file>
         <name>memccpy.obj</name>
      </input_file>
      <input_file id="fl-39">
         <path>D:\ti\ccsv6\tools\compiler\c5500_4.4.1\lib\</path>
         <kind>archive</kind>
         <file>rts55x.lib</file>
         <name>memcpy.obj</name>
      </input_file>
      <input_file id="fl-3a">
         <path>D:\ti\ccsv6\tools\compiler\c5500_4.4.1\lib\</path>
         <kind>archive</kind>
         <file>rts55x.lib</file>
         <name>mpyd.obj</name>
      </input_file>
      <input_file id="fl-3b">
         <path>D:\ti\ccsv6\tools\compiler\c5500_4.4.1\lib\</path>
         <kind>archive</kind>
         <file>rts55x.lib</file>
         <name>negd.obj</name>
      </input_file>
      <input_file id="fl-3c">
         <path>D:\ti\ccsv6\tools\compiler\c5500_4.4.1\lib\</path>
         <kind>archive</kind>
         <file>rts55x.lib</file>
         <name>remli.obj</name>
      </input_file>
      <input_file id="fl-3d">
         <path>D:\ti\ccsv6\tools\compiler\c5500_4.4.1\lib\</path>
         <kind>archive</kind>
         <file>rts55x.lib</file>
         <name>subd.obj</name>
      </input_file>
      <input_file id="fl-3e">
         <path>D:\ti\ccsv6\tools\compiler\c5500_4.4.1\lib\</path>
         <kind>archive</kind>
         <file>rts55x.lib</file>
         <name>trgdrv.obj</name>
      </input_file>
      <input_file id="fl-3f">
         <path>D:\ti\ccsv6\tools\compiler\c5500_4.4.1\lib\</path>
         <kind>archive</kind>
         <file>rts55x.lib</file>
         <name>trgmsg.obj</name>
      </input_file>
      <input_file id="fl-40">
         <path>D:\ti\ccsv6\tools\compiler\c5500_4.4.1\lib\</path>
         <kind>archive</kind>
         <file>rts55x.lib</file>
         <name>udiv.obj</name>
      </input_file>
      <input_file id="fl-41">
         <path>D:\ti\ccsv6\tools\compiler\c5500_4.4.1\lib\</path>
         <kind>archive</kind>
         <file>rts55x.lib</file>
         <name>_io_perm.obj</name>
      </input_file>
      <input_file id="fl-42">
         <path>D:\ti\ccsv6\tools\compiler\c5500_4.4.1\lib\</path>
         <kind>archive</kind>
         <file>rts55x.lib</file>
         <name>addd.obj</name>
      </input_file>
      <input_file id="fl-43">
         <path>D:\ti\ccsv6\tools\compiler\c5500_4.4.1\lib\</path>
         <kind>archive</kind>
         <file>rts55x.lib</file>
         <name>divli.obj</name>
      </input_file>
      <input_file id="fl-44">
         <path>D:\ti\ccsv6\tools\compiler\c5500_4.4.1\lib\</path>
         <kind>archive</kind>
         <file>rts55x.lib</file>
         <name>fflush.obj</name>
      </input_file>
      <input_file id="fl-45">
         <path>D:\ti\ccsv6\tools\compiler\c5500_4.4.1\lib\</path>
         <kind>archive</kind>
         <file>rts55x.lib</file>
         <name>frcmpyd.obj</name>
      </input_file>
      <input_file id="fl-46">
         <path>D:\ti\ccsv6\tools\compiler\c5500_4.4.1\lib\</path>
         <kind>archive</kind>
         <file>rts55x.lib</file>
         <name>fseek.obj</name>
      </input_file>
      <input_file id="fl-47">
         <path>D:\ti\ccsv6\tools\compiler\c5500_4.4.1\lib\</path>
         <kind>archive</kind>
         <file>rts55x.lib</file>
         <name>setvbuf.obj</name>
      </input_file>
      <input_file id="fl-48">
         <path>D:\ti\ccsv6\tools\compiler\c5500_4.4.1\lib\</path>
         <kind>archive</kind>
         <file>rts55x.lib</file>
         <name>fopen.obj</name>
      </input_file>
      <input_file id="fl-49">
         <path>D:\ti\ccsv6\tools\compiler\c5500_4.4.1\lib\</path>
         <kind>archive</kind>
         <file>rts55x.lib</file>
         <name>memory.obj</name>
      </input_file>
      <input_file id="fl-4a">
         <path>D:\ti\ccsv6\tools\compiler\c5500_4.4.1\lib\</path>
         <kind>archive</kind>
         <file>rts55x.lib</file>
         <name>fclose.obj</name>
      </input_file>
      <input_file id="fl-4b">
         <path>D:\ti\ccsv6\tools\compiler\c5500_4.4.1\lib\</path>
         <kind>archive</kind>
         <file>rts55x.lib</file>
         <name>remove.obj</name>
      </input_file>
   </input_file_list>
   <object_component_list>
      <object_component id="oc-a9">
         <name>.text</name>
         <load_address>0x20000</load_address>
         <run_address>0x20000</run_address>
         <size>0x15a4</size>
         <input_file_ref idref="fl-26"/>
      </object_component>
      <object_component id="oc-79">
         <name>.text</name>
         <load_address>0x215a4</load_address>
         <run_address>0x215a4</run_address>
         <size>0xc3c</size>
         <input_file_ref idref="fl-1c"/>
      </object_component>
      <object_component id="oc-63">
         <name>.text</name>
         <load_address>0x221e0</load_address>
         <run_address>0x221e0</run_address>
         <size>0xb18</size>
         <input_file_ref idref="fl-18"/>
      </object_component>
      <object_component id="oc-72">
         <name>.text</name>
         <load_address>0x22cf8</load_address>
         <run_address>0x22cf8</run_address>
         <size>0x9f3</size>
         <input_file_ref idref="fl-1b"/>
      </object_component>
      <object_component id="oc-7f">
         <name>.text</name>
         <load_address>0x236eb</load_address>
         <run_address>0x236eb</run_address>
         <size>0x68d</size>
         <input_file_ref idref="fl-1d"/>
      </object_component>
      <object_component id="oc-18">
         <name>.text</name>
         <load_address>0x23d78</load_address>
         <run_address>0x23d78</run_address>
         <size>0x5b5</size>
         <input_file_ref idref="fl-3"/>
      </object_component>
      <object_component id="oc-6c">
         <name>.text</name>
         <load_address>0x2432d</load_address>
         <run_address>0x2432d</run_address>
         <size>0x554</size>
         <input_file_ref idref="fl-1a"/>
      </object_component>
      <object_component id="oc-eb">
         <name>.text</name>
         <load_address>0x24881</load_address>
         <run_address>0x24881</run_address>
         <size>0x543</size>
         <input_file_ref idref="fl-36"/>
      </object_component>
      <object_component id="oc-10d">
         <name>.text</name>
         <load_address>0x24dc4</load_address>
         <run_address>0x24dc4</run_address>
         <size>0x528</size>
         <input_file_ref idref="fl-3e"/>
      </object_component>
      <object_component id="oc-13e">
         <name>.text</name>
         <load_address>0x252ec</load_address>
         <run_address>0x252ec</run_address>
         <size>0x4b5</size>
         <input_file_ref idref="fl-49"/>
      </object_component>
      <object_component id="oc-c5">
         <name>.text</name>
         <load_address>0x257a1</load_address>
         <run_address>0x257a1</run_address>
         <size>0x3cc</size>
         <input_file_ref idref="fl-2d"/>
      </object_component>
      <object_component id="oc-1e">
         <name>.text</name>
         <load_address>0x25b6d</load_address>
         <run_address>0x25b6d</run_address>
         <size>0x31b</size>
         <input_file_ref idref="fl-4"/>
      </object_component>
      <object_component id="oc-31">
         <name>.text</name>
         <load_address>0x25e88</load_address>
         <run_address>0x25e88</run_address>
         <size>0x2d2</size>
         <input_file_ref idref="fl-7"/>
      </object_component>
      <object_component id="oc-138">
         <name>.text</name>
         <load_address>0x2615a</load_address>
         <run_address>0x2615a</run_address>
         <size>0x27f</size>
         <input_file_ref idref="fl-48"/>
      </object_component>
      <object_component id="oc-e7">
         <name>.text</name>
         <load_address>0x263d9</load_address>
         <run_address>0x263d9</run_address>
         <size>0x25e</size>
         <input_file_ref idref="fl-35"/>
      </object_component>
      <object_component id="oc-120">
         <name>.text</name>
         <load_address>0x26637</load_address>
         <run_address>0x26637</run_address>
         <size>0x25a</size>
         <input_file_ref idref="fl-42"/>
      </object_component>
      <object_component id="oc-bb">
         <name>.text</name>
         <load_address>0x26891</load_address>
         <run_address>0x26891</run_address>
         <size>0x1ea</size>
         <input_file_ref idref="fl-2a"/>
      </object_component>
      <object_component id="oc-43">
         <name>.text</name>
         <load_address>0x26a7b</load_address>
         <run_address>0x26a7b</run_address>
         <size>0x192</size>
         <input_file_ref idref="fl-12"/>
      </object_component>
      <object_component id="oc-3c">
         <name>.text</name>
         <load_address>0x26c0d</load_address>
         <run_address>0x26c0d</run_address>
         <size>0x17a</size>
         <input_file_ref idref="fl-11"/>
      </object_component>
      <object_component id="oc-da">
         <name>.text</name>
         <load_address>0x26d87</load_address>
         <run_address>0x26d87</run_address>
         <size>0x163</size>
         <input_file_ref idref="fl-32"/>
      </object_component>
      <object_component id="oc-fd">
         <name>.text</name>
         <load_address>0x26eea</load_address>
         <run_address>0x26eea</run_address>
         <size>0x14c</size>
         <input_file_ref idref="fl-3a"/>
      </object_component>
      <object_component id="oc-25">
         <name>.text</name>
         <load_address>0x27036</load_address>
         <run_address>0x27036</run_address>
         <size>0x127</size>
         <input_file_ref idref="fl-5"/>
      </object_component>
      <object_component id="oc-48">
         <name>.text</name>
         <load_address>0x2715d</load_address>
         <run_address>0x2715d</run_address>
         <size>0x107</size>
         <input_file_ref idref="fl-13"/>
      </object_component>
      <object_component id="oc-134">
         <name>.text</name>
         <load_address>0x27264</load_address>
         <run_address>0x27264</run_address>
         <size>0xe6</size>
         <input_file_ref idref="fl-47"/>
      </object_component>
      <object_component id="oc-11c">
         <name>.text</name>
         <load_address>0x2734a</load_address>
         <run_address>0x2734a</run_address>
         <size>0xdd</size>
         <input_file_ref idref="fl-41"/>
      </object_component>
      <object_component id="oc-21">
         <name>.text:retain</name>
         <load_address>0x27427</load_address>
         <run_address>0x27427</run_address>
         <size>0xcc</size>
         <input_file_ref idref="fl-4"/>
      </object_component>
      <object_component id="oc-12">
         <name>.text</name>
         <load_address>0x274f3</load_address>
         <run_address>0x274f3</run_address>
         <size>0xc3</size>
         <input_file_ref idref="fl-2"/>
      </object_component>
      <object_component id="oc-128">
         <name>.text</name>
         <load_address>0x275b6</load_address>
         <run_address>0x275b6</run_address>
         <size>0xc2</size>
         <input_file_ref idref="fl-44"/>
      </object_component>
      <object_component id="oc-115">
         <name>.text:CIO_breakpoint</name>
         <load_address>0x27678</load_address>
         <run_address>0x27678</run_address>
         <size>0xba</size>
         <input_file_ref idref="fl-3f"/>
      </object_component>
      <object_component id="oc-d6">
         <name>.text</name>
         <load_address>0x27732</load_address>
         <run_address>0x27732</run_address>
         <size>0xa6</size>
         <input_file_ref idref="fl-31"/>
      </object_component>
      <object_component id="oc-88">
         <name>.text</name>
         <load_address>0x277d8</load_address>
         <run_address>0x277d8</run_address>
         <size>0xa1</size>
         <input_file_ref idref="fl-1f"/>
      </object_component>
      <object_component id="oc-4e">
         <name>.text</name>
         <load_address>0x27879</load_address>
         <run_address>0x27879</run_address>
         <size>0x8e</size>
         <input_file_ref idref="fl-14"/>
      </object_component>
      <object_component id="oc-68">
         <name>.text</name>
         <load_address>0x27907</load_address>
         <run_address>0x27907</run_address>
         <size>0x8c</size>
         <input_file_ref idref="fl-19"/>
      </object_component>
      <object_component id="oc-53">
         <name>.text</name>
         <load_address>0x27993</load_address>
         <run_address>0x27993</run_address>
         <size>0x87</size>
         <input_file_ref idref="fl-15"/>
      </object_component>
      <object_component id="oc-f1">
         <name>.text</name>
         <load_address>0x27a1a</load_address>
         <run_address>0x27a1a</run_address>
         <size>0x7d</size>
         <input_file_ref idref="fl-37"/>
      </object_component>
      <object_component id="oc-145">
         <name>.text</name>
         <load_address>0x27a97</load_address>
         <run_address>0x27a97</run_address>
         <size>0x7b</size>
         <input_file_ref idref="fl-4a"/>
      </object_component>
      <object_component id="oc-12c">
         <name>.text</name>
         <load_address>0x27b12</load_address>
         <run_address>0x27b12</run_address>
         <size>0x76</size>
         <input_file_ref idref="fl-45"/>
      </object_component>
      <object_component id="oc-df">
         <name>.text</name>
         <load_address>0x27b88</load_address>
         <run_address>0x27b88</run_address>
         <size>0x73</size>
         <input_file_ref idref="fl-33"/>
      </object_component>
      <object_component id="oc-9b">
         <name>.text</name>
         <load_address>0x27bfb</load_address>
         <run_address>0x27bfb</run_address>
         <size>0x72</size>
         <input_file_ref idref="fl-23"/>
      </object_component>
      <object_component id="oc-cd">
         <name>.text</name>
         <load_address>0x27c6d</load_address>
         <run_address>0x27c6d</run_address>
         <size>0x6f</size>
         <input_file_ref idref="fl-2f"/>
      </object_component>
      <object_component id="oc-5e">
         <name>.text</name>
         <load_address>0x27cdc</load_address>
         <run_address>0x27cdc</run_address>
         <size>0x6d</size>
         <input_file_ref idref="fl-17"/>
      </object_component>
      <object_component id="oc-112">
         <name>.text</name>
         <load_address>0x27d49</load_address>
         <run_address>0x27d49</run_address>
         <size>0x6d</size>
         <input_file_ref idref="fl-3f"/>
      </object_component>
      <object_component id="oc-130">
         <name>.text</name>
         <load_address>0x27db6</load_address>
         <run_address>0x27db6</run_address>
         <size>0x6b</size>
         <input_file_ref idref="fl-46"/>
      </object_component>
      <object_component id="oc-d1">
         <name>.text</name>
         <load_address>0x27e21</load_address>
         <run_address>0x27e21</run_address>
         <size>0x67</size>
         <input_file_ref idref="fl-30"/>
      </object_component>
      <object_component id="oc-b3">
         <name>.text</name>
         <load_address>0x27e88</load_address>
         <run_address>0x27e88</run_address>
         <size>0x5c</size>
         <input_file_ref idref="fl-28"/>
      </object_component>
      <object_component id="oc-37">
         <name>.text</name>
         <load_address>0x27ee4</load_address>
         <run_address>0x27ee4</run_address>
         <size>0x5a</size>
         <input_file_ref idref="fl-8"/>
      </object_component>
      <object_component id="oc-59">
         <name>.text</name>
         <load_address>0x27f3e</load_address>
         <run_address>0x27f3e</run_address>
         <size>0x54</size>
         <input_file_ref idref="fl-16"/>
      </object_component>
      <object_component id="oc-2a">
         <name>.text</name>
         <load_address>0x27f92</load_address>
         <run_address>0x27f92</run_address>
         <size>0x53</size>
         <input_file_ref idref="fl-6"/>
      </object_component>
      <object_component id="oc-97">
         <name>.text</name>
         <load_address>0x27fe5</load_address>
         <run_address>0x27fe5</run_address>
         <size>0x50</size>
         <input_file_ref idref="fl-22"/>
      </object_component>
      <object_component id="oc-b7">
         <name>.text</name>
         <load_address>0x28035</load_address>
         <run_address>0x28035</run_address>
         <size>0x4d</size>
         <input_file_ref idref="fl-29"/>
      </object_component>
      <object_component id="oc-af">
         <name>.text</name>
         <load_address>0x28082</load_address>
         <run_address>0x28082</run_address>
         <size>0x4b</size>
         <input_file_ref idref="fl-27"/>
      </object_component>
      <object_component id="oc-105">
         <name>.text</name>
         <load_address>0x280cd</load_address>
         <run_address>0x280cd</run_address>
         <size>0x4b</size>
         <input_file_ref idref="fl-3c"/>
      </object_component>
      <object_component id="oc-124">
         <name>.text</name>
         <load_address>0x28118</load_address>
         <run_address>0x28118</run_address>
         <size>0x48</size>
         <input_file_ref idref="fl-43"/>
      </object_component>
      <object_component id="oc-f9">
         <name>.text</name>
         <load_address>0x28160</load_address>
         <run_address>0x28160</run_address>
         <size>0x3f</size>
         <input_file_ref idref="fl-39"/>
      </object_component>
      <object_component id="oc-8c">
         <name>.text</name>
         <load_address>0x2819f</load_address>
         <run_address>0x2819f</run_address>
         <size>0x3e</size>
         <input_file_ref idref="fl-20"/>
      </object_component>
      <object_component id="oc-10">
         <name>.text</name>
         <load_address>0x281dd</load_address>
         <run_address>0x281dd</run_address>
         <size>0x34</size>
         <input_file_ref idref="fl-1e"/>
      </object_component>
      <object_component id="oc-c9">
         <name>.text</name>
         <load_address>0x28211</load_address>
         <run_address>0x28211</run_address>
         <size>0x2a</size>
         <input_file_ref idref="fl-2e"/>
      </object_component>
      <object_component id="oc-118">
         <name>.text</name>
         <load_address>0x2823b</load_address>
         <run_address>0x2823b</run_address>
         <size>0x2a</size>
         <input_file_ref idref="fl-40"/>
      </object_component>
      <object_component id="oc-f5">
         <name>.text</name>
         <load_address>0x28265</load_address>
         <run_address>0x28265</run_address>
         <size>0x23</size>
         <input_file_ref idref="fl-38"/>
      </object_component>
      <object_component id="oc-e3">
         <name>.text</name>
         <load_address>0x28288</load_address>
         <run_address>0x28288</run_address>
         <size>0x1a</size>
         <input_file_ref idref="fl-34"/>
      </object_component>
      <object_component id="oc-109">
         <name>.text</name>
         <load_address>0x282a2</load_address>
         <run_address>0x282a2</run_address>
         <size>0x14</size>
         <input_file_ref idref="fl-3d"/>
      </object_component>
      <object_component id="oc-93">
         <name>.text</name>
         <load_address>0x282b6</load_address>
         <run_address>0x282b6</run_address>
         <size>0x13</size>
         <input_file_ref idref="fl-21"/>
      </object_component>
      <object_component id="oc-a3">
         <name>.text</name>
         <load_address>0x282c9</load_address>
         <run_address>0x282c9</run_address>
         <size>0x12</size>
         <input_file_ref idref="fl-25"/>
      </object_component>
      <object_component id="oc-101">
         <name>.text</name>
         <load_address>0x282db</load_address>
         <run_address>0x282db</run_address>
         <size>0x10</size>
         <input_file_ref idref="fl-3b"/>
      </object_component>
      <object_component id="oc-149">
         <name>.text</name>
         <load_address>0x282eb</load_address>
         <run_address>0x282eb</run_address>
         <size>0xa</size>
         <input_file_ref idref="fl-4b"/>
      </object_component>
      <object_component id="oc-90">
         <name>.text:CIO_breakpoint</name>
         <load_address>0x282f5</load_address>
         <run_address>0x282f5</run_address>
         <size>0x7</size>
         <input_file_ref idref="fl-20"/>
      </object_component>
      <object_component id="oc-9f">
         <name>.text</name>
         <load_address>0x282fc</load_address>
         <run_address>0x282fc</run_address>
         <size>0x2</size>
         <input_file_ref idref="fl-24"/>
      </object_component>
      <object_component id="oc-84">
         <name>.stack</name>
         <uninitialized>true</uninitialized>
         <run_address>0xc0</run_address>
         <size>0x0</size>
         <input_file_ref idref="fl-1e"/>
      </object_component>
      <object_component id="oc-169">
         <name>.stack</name>
         <uninitialized>true</uninitialized>
         <run_address>0xc0</run_address>
         <size>0x0</size>
      </object_component>
      <object_component id="oc-14d">
         <name>.sysstack</name>
         <uninitialized>true</uninitialized>
         <run_address>0x20c0</run_address>
         <size>0x0</size>
         <input_file_ref idref="fl-1e"/>
      </object_component>
      <object_component id="oc-16b">
         <name>.sysstack</name>
         <uninitialized>true</uninitialized>
         <run_address>0x20c0</run_address>
         <size>0x0</size>
      </object_component>
      <object_component id="oc-1f">
         <name>.bss</name>
         <uninitialized>true</uninitialized>
         <run_address>0x50c0</run_address>
         <size>0x810</size>
         <input_file_ref idref="fl-4"/>
      </object_component>
      <object_component id="oc-2b">
         <name>.bss</name>
         <uninitialized>true</uninitialized>
         <run_address>0x58d0</run_address>
         <size>0x300</size>
         <input_file_ref idref="fl-6"/>
      </object_component>
      <object_component id="oc-c1">
         <name>.bss</name>
         <uninitialized>true</uninitialized>
         <run_address>0x5bd0</run_address>
         <size>0x232</size>
         <input_file_ref idref="fl-2c"/>
      </object_component>
      <object_component id="oc-10e">
         <name>.bss</name>
         <uninitialized>true</uninitialized>
         <run_address>0x5e02</run_address>
         <size>0x1a0</size>
         <input_file_ref idref="fl-3e"/>
      </object_component>
      <object_component id="oc-139">
         <name>.bss</name>
         <uninitialized>true</uninitialized>
         <run_address>0x5fa2</run_address>
         <size>0x2</size>
         <input_file_ref idref="fl-48"/>
      </object_component>
      <object_component id="oc-6d">
         <name>.bss</name>
         <uninitialized>true</uninitialized>
         <run_address>0x5fa4</run_address>
         <size>0x108</size>
         <input_file_ref idref="fl-1a"/>
      </object_component>
      <object_component id="oc-ec">
         <name>.bss</name>
         <uninitialized>true</uninitialized>
         <run_address>0x60ac</run_address>
         <size>0xe2</size>
         <input_file_ref idref="fl-36"/>
      </object_component>
      <object_component id="oc-73">
         <name>.bss</name>
         <uninitialized>true</uninitialized>
         <run_address>0x618e</run_address>
         <size>0x54</size>
         <input_file_ref idref="fl-1b"/>
      </object_component>
      <object_component id="oc-7a">
         <name>.bss</name>
         <uninitialized>true</uninitialized>
         <run_address>0x61e4</run_address>
         <size>0x24</size>
         <input_file_ref idref="fl-1c"/>
      </object_component>
      <object_component id="oc-3d">
         <name>.bss</name>
         <uninitialized>true</uninitialized>
         <run_address>0x6208</run_address>
         <size>0x10</size>
         <input_file_ref idref="fl-11"/>
      </object_component>
      <object_component id="oc-13f">
         <name>.bss</name>
         <uninitialized>true</uninitialized>
         <run_address>0x6218</run_address>
         <size>0xc</size>
         <input_file_ref idref="fl-49"/>
      </object_component>
      <object_component id="oc-54">
         <name>.bss</name>
         <uninitialized>true</uninitialized>
         <run_address>0x6224</run_address>
         <size>0x8</size>
         <input_file_ref idref="fl-15"/>
      </object_component>
      <object_component id="oc-a4">
         <name>.bss</name>
         <uninitialized>true</uninitialized>
         <run_address>0x622c</run_address>
         <size>0x8</size>
         <input_file_ref idref="fl-25"/>
      </object_component>
      <object_component id="oc-8d">
         <name>.bss</name>
         <uninitialized>true</uninitialized>
         <run_address>0x6234</run_address>
         <size>0x8</size>
         <input_file_ref idref="fl-20"/>
      </object_component>
      <object_component id="oc-13">
         <name>.bss</name>
         <uninitialized>true</uninitialized>
         <run_address>0x623c</run_address>
         <size>0x4</size>
         <input_file_ref idref="fl-2"/>
      </object_component>
      <object_component id="oc-49">
         <name>.bss</name>
         <uninitialized>true</uninitialized>
         <run_address>0x6240</run_address>
         <size>0x4</size>
         <input_file_ref idref="fl-13"/>
      </object_component>
      <object_component id="oc-1a">
         <name>.const:.string</name>
         <load_address>0x6244</load_address>
         <run_address>0x6244</run_address>
         <size>0x2e8</size>
         <input_file_ref idref="fl-3"/>
      </object_component>
      <object_component id="oc-150">
         <name>.const:__ctypes_</name>
         <load_address>0x652c</load_address>
         <run_address>0x652c</run_address>
         <size>0x202</size>
         <input_file_ref idref="fl-2b"/>
      </object_component>
      <object_component id="oc-14f">
         <name>.const:_consolas_8ptBitmaps</name>
         <load_address>0x672e</load_address>
         <run_address>0x672e</run_address>
         <size>0xc0</size>
         <input_file_ref idref="fl-7"/>
      </object_component>
      <object_component id="oc-33">
         <name>.const</name>
         <load_address>0x67ee</load_address>
         <run_address>0x67ee</run_address>
         <size>0x2</size>
         <input_file_ref idref="fl-7"/>
      </object_component>
      <object_component id="oc-ac">
         <name>.const:.string</name>
         <load_address>0x67f0</load_address>
         <run_address>0x67f0</run_address>
         <size>0x48</size>
         <input_file_ref idref="fl-26"/>
      </object_component>
      <object_component id="oc-2d">
         <name>.const:.string</name>
         <load_address>0x6838</load_address>
         <run_address>0x6838</run_address>
         <size>0x3e</size>
         <input_file_ref idref="fl-6"/>
      </object_component>
      <object_component id="oc-ab">
         <name>.const</name>
         <load_address>0x6878</load_address>
         <run_address>0x6878</run_address>
         <size>0x18</size>
         <input_file_ref idref="fl-26"/>
      </object_component>
      <object_component id="oc-151">
         <name>.const:_initial_approx$1</name>
         <load_address>0x6890</load_address>
         <run_address>0x6890</run_address>
         <size>0x10</size>
         <input_file_ref idref="fl-2d"/>
      </object_component>
      <object_component id="oc-dc">
         <name>.const:.string</name>
         <load_address>0x68a0</load_address>
         <run_address>0x68a0</run_address>
         <size>0x4</size>
         <input_file_ref idref="fl-32"/>
      </object_component>
      <object_component id="oc-d3">
         <name>.const</name>
         <load_address>0x68a4</load_address>
         <run_address>0x68a4</run_address>
         <size>0x4</size>
         <input_file_ref idref="fl-30"/>
      </object_component>
      <object_component id="oc-142">
         <name>.sysmem</name>
         <uninitialized>true</uninitialized>
         <run_address>0x30c0</run_address>
         <size>0x0</size>
         <input_file_ref idref="fl-49"/>
      </object_component>
      <object_component id="oc-16a">
         <name>.sysmem</name>
         <uninitialized>true</uninitialized>
         <run_address>0x30c0</run_address>
         <size>0x0</size>
      </object_component>
      <object_component id="oc-14e">
         <name>.switch:_printChar</name>
         <load_address>0x40350</load_address>
         <run_address>0x40350</run_address>
         <size>0x28</size>
         <input_file_ref idref="fl-7"/>
      </object_component>
      <object_component id="oc-ee">
         <name>.cinit</name>
         <load_address>0x40240</load_address>
         <run_address>0x40240</run_address>
         <size>0x5a</size>
         <input_file_ref idref="fl-36"/>
      </object_component>
      <object_component id="oc-c3">
         <name>.cinit</name>
         <load_address>0x4029a</load_address>
         <run_address>0x4029a</run_address>
         <size>0x54</size>
         <input_file_ref idref="fl-2c"/>
      </object_component>
      <object_component id="oc-3f">
         <name>.cinit</name>
         <load_address>0x402ee</load_address>
         <run_address>0x402ee</run_address>
         <size>0x18</size>
         <input_file_ref idref="fl-11"/>
      </object_component>
      <object_component id="oc-a6">
         <name>.cinit</name>
         <load_address>0x40306</load_address>
         <run_address>0x40306</run_address>
         <size>0x14</size>
         <input_file_ref idref="fl-25"/>
      </object_component>
      <object_component id="oc-8f">
         <name>.cinit</name>
         <load_address>0x4031a</load_address>
         <run_address>0x4031a</run_address>
         <size>0x14</size>
         <input_file_ref idref="fl-20"/>
      </object_component>
      <object_component id="oc-75">
         <name>.cinit</name>
         <load_address>0x4032e</load_address>
         <run_address>0x4032e</run_address>
         <size>0x10</size>
         <input_file_ref idref="fl-1b"/>
      </object_component>
      <object_component id="oc-13b">
         <name>.cinit</name>
         <load_address>0x4033e</load_address>
         <run_address>0x4033e</run_address>
         <size>0x8</size>
         <input_file_ref idref="fl-48"/>
      </object_component>
      <object_component id="oc-141">
         <name>.cinit</name>
         <load_address>0x40346</load_address>
         <run_address>0x40346</run_address>
         <size>0x8</size>
         <input_file_ref idref="fl-49"/>
      </object_component>
      <object_component id="oc-114">
         <name>.cio</name>
         <uninitialized>true</uninitialized>
         <run_address>0x40000</run_address>
         <size>0x240</size>
         <input_file_ref idref="fl-3f"/>
      </object_component>
      <object_component id="oc-5f">
         <name>vectors</name>
         <load_address>0x4fe00</load_address>
         <run_address>0x4fe00</run_address>
         <size>0x100</size>
         <input_file_ref idref="fl-17"/>
      </object_component>
      <object_component id="oc-11">
         <name>vectors</name>
         <load_address>0x4ff00</load_address>
         <run_address>0x4ff00</run_address>
         <size>0x100</size>
         <input_file_ref idref="fl-24"/>
      </object_component>
      <object_component id="oc-14">
         <name>.debug_info</name>
         <load_address>0x0</load_address>
         <run_address>0x0</run_address>
         <size>0xc7c</size>
         <input_file_ref idref="fl-2"/>
      </object_component>
      <object_component id="oc-19">
         <name>.debug_info</name>
         <load_address>0xc7c</load_address>
         <run_address>0xc7c</run_address>
         <size>0x1bd3</size>
         <input_file_ref idref="fl-3"/>
      </object_component>
      <object_component id="oc-20">
         <name>.debug_info</name>
         <load_address>0x284f</load_address>
         <run_address>0x284f</run_address>
         <size>0x1062</size>
         <input_file_ref idref="fl-4"/>
      </object_component>
      <object_component id="oc-26">
         <name>.debug_info</name>
         <load_address>0x38b1</load_address>
         <run_address>0x38b1</run_address>
         <size>0x783</size>
         <input_file_ref idref="fl-5"/>
      </object_component>
      <object_component id="oc-2c">
         <name>.debug_info</name>
         <load_address>0x4034</load_address>
         <run_address>0x4034</run_address>
         <size>0x8c0</size>
         <input_file_ref idref="fl-6"/>
      </object_component>
      <object_component id="oc-32">
         <name>.debug_info</name>
         <load_address>0x48f4</load_address>
         <run_address>0x48f4</run_address>
         <size>0xcff</size>
         <input_file_ref idref="fl-7"/>
      </object_component>
      <object_component id="oc-38">
         <name>.debug_info</name>
         <load_address>0x55f3</load_address>
         <run_address>0x55f3</run_address>
         <size>0x9f3</size>
         <input_file_ref idref="fl-8"/>
      </object_component>
      <object_component id="oc-3e">
         <name>.debug_info</name>
         <load_address>0x5fe6</load_address>
         <run_address>0x5fe6</run_address>
         <size>0x6384</size>
         <input_file_ref idref="fl-11"/>
      </object_component>
      <object_component id="oc-44">
         <name>.debug_info</name>
         <load_address>0xc36a</load_address>
         <run_address>0xc36a</run_address>
         <size>0x5f6b</size>
         <input_file_ref idref="fl-12"/>
      </object_component>
      <object_component id="oc-4a">
         <name>.debug_info</name>
         <load_address>0x122d5</load_address>
         <run_address>0x122d5</run_address>
         <size>0x6979</size>
         <input_file_ref idref="fl-13"/>
      </object_component>
      <object_component id="oc-4f">
         <name>.debug_info</name>
         <load_address>0x18c4e</load_address>
         <run_address>0x18c4e</run_address>
         <size>0x65d7</size>
         <input_file_ref idref="fl-14"/>
      </object_component>
      <object_component id="oc-55">
         <name>.debug_info</name>
         <load_address>0x1f225</load_address>
         <run_address>0x1f225</run_address>
         <size>0x63d2</size>
         <input_file_ref idref="fl-15"/>
      </object_component>
      <object_component id="oc-5a">
         <name>.debug_info</name>
         <load_address>0x255f7</load_address>
         <run_address>0x255f7</run_address>
         <size>0x5896</size>
         <input_file_ref idref="fl-16"/>
      </object_component>
      <object_component id="oc-60">
         <name>.debug_info</name>
         <load_address>0x2ae8d</load_address>
         <run_address>0x2ae8d</run_address>
         <size>0x1a4</size>
         <input_file_ref idref="fl-17"/>
      </object_component>
      <object_component id="oc-64">
         <name>.debug_info</name>
         <load_address>0x2b031</load_address>
         <run_address>0x2b031</run_address>
         <size>0x6ebb</size>
         <input_file_ref idref="fl-18"/>
      </object_component>
      <object_component id="oc-69">
         <name>.debug_info</name>
         <load_address>0x31eec</load_address>
         <run_address>0x31eec</run_address>
         <size>0x18e</size>
         <input_file_ref idref="fl-19"/>
      </object_component>
      <object_component id="oc-6e">
         <name>.debug_info</name>
         <load_address>0x3207a</load_address>
         <run_address>0x3207a</run_address>
         <size>0x6f61</size>
         <input_file_ref idref="fl-1a"/>
      </object_component>
      <object_component id="oc-74">
         <name>.debug_info</name>
         <load_address>0x38fdb</load_address>
         <run_address>0x38fdb</run_address>
         <size>0x710f</size>
         <input_file_ref idref="fl-1b"/>
      </object_component>
      <object_component id="oc-7b">
         <name>.debug_info</name>
         <load_address>0x400ea</load_address>
         <run_address>0x400ea</run_address>
         <size>0x7424</size>
         <input_file_ref idref="fl-1c"/>
      </object_component>
      <object_component id="oc-80">
         <name>.debug_info</name>
         <load_address>0x4750e</load_address>
         <run_address>0x4750e</run_address>
         <size>0x6ced</size>
         <input_file_ref idref="fl-1d"/>
      </object_component>
      <object_component id="oc-85">
         <name>.debug_info</name>
         <load_address>0x4e1fb</load_address>
         <run_address>0x4e1fb</run_address>
         <size>0xe8</size>
         <input_file_ref idref="fl-1e"/>
      </object_component>
      <object_component id="oc-89">
         <name>.debug_info</name>
         <load_address>0x4e2e3</load_address>
         <run_address>0x4e2e3</run_address>
         <size>0x534</size>
         <input_file_ref idref="fl-1f"/>
      </object_component>
      <object_component id="oc-8e">
         <name>.debug_info</name>
         <load_address>0x4e817</load_address>
         <run_address>0x4e817</run_address>
         <size>0x5fb</size>
         <input_file_ref idref="fl-20"/>
      </object_component>
      <object_component id="oc-94">
         <name>.debug_info</name>
         <load_address>0x4ee12</load_address>
         <run_address>0x4ee12</run_address>
         <size>0xbd</size>
         <input_file_ref idref="fl-21"/>
      </object_component>
      <object_component id="oc-98">
         <name>.debug_info</name>
         <load_address>0x4eecf</load_address>
         <run_address>0x4eecf</run_address>
         <size>0x76c</size>
         <input_file_ref idref="fl-22"/>
      </object_component>
      <object_component id="oc-9c">
         <name>.debug_info</name>
         <load_address>0x4f63b</load_address>
         <run_address>0x4f63b</run_address>
         <size>0x534</size>
         <input_file_ref idref="fl-23"/>
      </object_component>
      <object_component id="oc-a0">
         <name>.debug_info</name>
         <load_address>0x4fb6f</load_address>
         <run_address>0x4fb6f</run_address>
         <size>0xbc</size>
         <input_file_ref idref="fl-24"/>
      </object_component>
      <object_component id="oc-a5">
         <name>.debug_info</name>
         <load_address>0x4fc2b</load_address>
         <run_address>0x4fc2b</run_address>
         <size>0x5bc</size>
         <input_file_ref idref="fl-25"/>
      </object_component>
      <object_component id="oc-aa">
         <name>.debug_info</name>
         <load_address>0x501e7</load_address>
         <run_address>0x501e7</run_address>
         <size>0x27bd</size>
         <input_file_ref idref="fl-26"/>
      </object_component>
      <object_component id="oc-b0">
         <name>.debug_info</name>
         <load_address>0x529a4</load_address>
         <run_address>0x529a4</run_address>
         <size>0x586</size>
         <input_file_ref idref="fl-27"/>
      </object_component>
      <object_component id="oc-b4">
         <name>.debug_info</name>
         <load_address>0x52f2a</load_address>
         <run_address>0x52f2a</run_address>
         <size>0x5a4</size>
         <input_file_ref idref="fl-28"/>
      </object_component>
      <object_component id="oc-b8">
         <name>.debug_info</name>
         <load_address>0x534ce</load_address>
         <run_address>0x534ce</run_address>
         <size>0xcd</size>
         <input_file_ref idref="fl-29"/>
      </object_component>
      <object_component id="oc-bc">
         <name>.debug_info</name>
         <load_address>0x5359b</load_address>
         <run_address>0x5359b</run_address>
         <size>0x81f</size>
         <input_file_ref idref="fl-2a"/>
      </object_component>
      <object_component id="oc-bf">
         <name>.debug_info</name>
         <load_address>0x53dba</load_address>
         <run_address>0x53dba</run_address>
         <size>0x498</size>
         <input_file_ref idref="fl-2b"/>
      </object_component>
      <object_component id="oc-c2">
         <name>.debug_info</name>
         <load_address>0x54252</load_address>
         <run_address>0x54252</run_address>
         <size>0x57e</size>
         <input_file_ref idref="fl-2c"/>
      </object_component>
      <object_component id="oc-c6">
         <name>.debug_info</name>
         <load_address>0x547d0</load_address>
         <run_address>0x547d0</run_address>
         <size>0x7e8</size>
         <input_file_ref idref="fl-2d"/>
      </object_component>
      <object_component id="oc-ca">
         <name>.debug_info</name>
         <load_address>0x54fb8</load_address>
         <run_address>0x54fb8</run_address>
         <size>0x4cf</size>
         <input_file_ref idref="fl-2e"/>
      </object_component>
      <object_component id="oc-ce">
         <name>.debug_info</name>
         <load_address>0x55487</load_address>
         <run_address>0x55487</run_address>
         <size>0x534</size>
         <input_file_ref idref="fl-2f"/>
      </object_component>
      <object_component id="oc-d2">
         <name>.debug_info</name>
         <load_address>0x559bb</load_address>
         <run_address>0x559bb</run_address>
         <size>0x549</size>
         <input_file_ref idref="fl-30"/>
      </object_component>
      <object_component id="oc-d7">
         <name>.debug_info</name>
         <load_address>0x55f04</load_address>
         <run_address>0x55f04</run_address>
         <size>0x6aa</size>
         <input_file_ref idref="fl-31"/>
      </object_component>
      <object_component id="oc-db">
         <name>.debug_info</name>
         <load_address>0x565ae</load_address>
         <run_address>0x565ae</run_address>
         <size>0x942</size>
         <input_file_ref idref="fl-32"/>
      </object_component>
      <object_component id="oc-e0">
         <name>.debug_info</name>
         <load_address>0x56ef0</load_address>
         <run_address>0x56ef0</run_address>
         <size>0x53e</size>
         <input_file_ref idref="fl-33"/>
      </object_component>
      <object_component id="oc-e4">
         <name>.debug_info</name>
         <load_address>0x5742e</load_address>
         <run_address>0x5742e</run_address>
         <size>0x680</size>
         <input_file_ref idref="fl-34"/>
      </object_component>
      <object_component id="oc-e8">
         <name>.debug_info</name>
         <load_address>0x57aae</load_address>
         <run_address>0x57aae</run_address>
         <size>0x7d4</size>
         <input_file_ref idref="fl-35"/>
      </object_component>
      <object_component id="oc-ed">
         <name>.debug_info</name>
         <load_address>0x58282</load_address>
         <run_address>0x58282</run_address>
         <size>0x144b</size>
         <input_file_ref idref="fl-36"/>
      </object_component>
      <object_component id="oc-f2">
         <name>.debug_info</name>
         <load_address>0x596cd</load_address>
         <run_address>0x596cd</run_address>
         <size>0x5ad</size>
         <input_file_ref idref="fl-37"/>
      </object_component>
      <object_component id="oc-f6">
         <name>.debug_info</name>
         <load_address>0x59c7a</load_address>
         <run_address>0x59c7a</run_address>
         <size>0x574</size>
         <input_file_ref idref="fl-38"/>
      </object_component>
      <object_component id="oc-fa">
         <name>.debug_info</name>
         <load_address>0x5a1ee</load_address>
         <run_address>0x5a1ee</run_address>
         <size>0xd1</size>
         <input_file_ref idref="fl-39"/>
      </object_component>
      <object_component id="oc-fe">
         <name>.debug_info</name>
         <load_address>0x5a2bf</load_address>
         <run_address>0x5a2bf</run_address>
         <size>0x55b</size>
         <input_file_ref idref="fl-3a"/>
      </object_component>
      <object_component id="oc-102">
         <name>.debug_info</name>
         <load_address>0x5a81a</load_address>
         <run_address>0x5a81a</run_address>
         <size>0x4b7</size>
         <input_file_ref idref="fl-3b"/>
      </object_component>
      <object_component id="oc-106">
         <name>.debug_info</name>
         <load_address>0x5acd1</load_address>
         <run_address>0x5acd1</run_address>
         <size>0x4f2</size>
         <input_file_ref idref="fl-3c"/>
      </object_component>
      <object_component id="oc-10a">
         <name>.debug_info</name>
         <load_address>0x5b1c3</load_address>
         <run_address>0x5b1c3</run_address>
         <size>0x4de</size>
         <input_file_ref idref="fl-3d"/>
      </object_component>
      <object_component id="oc-10f">
         <name>.debug_info</name>
         <load_address>0x5b6a1</load_address>
         <run_address>0x5b6a1</run_address>
         <size>0xed4</size>
         <input_file_ref idref="fl-3e"/>
      </object_component>
      <object_component id="oc-113">
         <name>.debug_info</name>
         <load_address>0x5c575</load_address>
         <run_address>0x5c575</run_address>
         <size>0x744</size>
         <input_file_ref idref="fl-3f"/>
      </object_component>
      <object_component id="oc-119">
         <name>.debug_info</name>
         <load_address>0x5ccb9</load_address>
         <run_address>0x5ccb9</run_address>
         <size>0xef</size>
         <input_file_ref idref="fl-40"/>
      </object_component>
      <object_component id="oc-11d">
         <name>.debug_info</name>
         <load_address>0x5cda8</load_address>
         <run_address>0x5cda8</run_address>
         <size>0x662</size>
         <input_file_ref idref="fl-41"/>
      </object_component>
      <object_component id="oc-121">
         <name>.debug_info</name>
         <load_address>0x5d40a</load_address>
         <run_address>0x5d40a</run_address>
         <size>0x5ab</size>
         <input_file_ref idref="fl-42"/>
      </object_component>
      <object_component id="oc-125">
         <name>.debug_info</name>
         <load_address>0x5d9b5</load_address>
         <run_address>0x5d9b5</run_address>
         <size>0x4f2</size>
         <input_file_ref idref="fl-43"/>
      </object_component>
      <object_component id="oc-129">
         <name>.debug_info</name>
         <load_address>0x5dea7</load_address>
         <run_address>0x5dea7</run_address>
         <size>0x706</size>
         <input_file_ref idref="fl-44"/>
      </object_component>
      <object_component id="oc-12d">
         <name>.debug_info</name>
         <load_address>0x5e5ad</load_address>
         <run_address>0x5e5ad</run_address>
         <size>0x4d2</size>
         <input_file_ref idref="fl-45"/>
      </object_component>
      <object_component id="oc-131">
         <name>.debug_info</name>
         <load_address>0x5ea7f</load_address>
         <run_address>0x5ea7f</run_address>
         <size>0x5f7</size>
         <input_file_ref idref="fl-46"/>
      </object_component>
      <object_component id="oc-135">
         <name>.debug_info</name>
         <load_address>0x5f076</load_address>
         <run_address>0x5f076</run_address>
         <size>0x64a</size>
         <input_file_ref idref="fl-47"/>
      </object_component>
      <object_component id="oc-13a">
         <name>.debug_info</name>
         <load_address>0x5f6c0</load_address>
         <run_address>0x5f6c0</run_address>
         <size>0xa1c</size>
         <input_file_ref idref="fl-48"/>
      </object_component>
      <object_component id="oc-140">
         <name>.debug_info</name>
         <load_address>0x600dc</load_address>
         <run_address>0x600dc</run_address>
         <size>0xb97</size>
         <input_file_ref idref="fl-49"/>
      </object_component>
      <object_component id="oc-146">
         <name>.debug_info</name>
         <load_address>0x60c73</load_address>
         <run_address>0x60c73</run_address>
         <size>0x64f</size>
         <input_file_ref idref="fl-4a"/>
      </object_component>
      <object_component id="oc-14a">
         <name>.debug_info</name>
         <load_address>0x612c2</load_address>
         <run_address>0x612c2</run_address>
         <size>0x510</size>
         <input_file_ref idref="fl-4b"/>
      </object_component>
      <object_component id="oc-172">
         <name>.debug_info</name>
         <load_address>0x617d2</load_address>
         <run_address>0x617d2</run_address>
         <size>0x6e</size>
      </object_component>
      <object_component id="oc-15">
         <name>.debug_frame</name>
         <load_address>0x0</load_address>
         <run_address>0x0</run_address>
         <size>0x171</size>
         <input_file_ref idref="fl-2"/>
      </object_component>
      <object_component id="oc-1b">
         <name>.debug_frame</name>
         <load_address>0x171</load_address>
         <run_address>0x171</run_address>
         <size>0x121</size>
         <input_file_ref idref="fl-3"/>
      </object_component>
      <object_component id="oc-22">
         <name>.debug_frame</name>
         <load_address>0x292</load_address>
         <run_address>0x292</run_address>
         <size>0x16a</size>
         <input_file_ref idref="fl-4"/>
      </object_component>
      <object_component id="oc-27">
         <name>.debug_frame</name>
         <load_address>0x3fc</load_address>
         <run_address>0x3fc</run_address>
         <size>0x102</size>
         <input_file_ref idref="fl-5"/>
      </object_component>
      <object_component id="oc-2e">
         <name>.debug_frame</name>
         <load_address>0x4fe</load_address>
         <run_address>0x4fe</run_address>
         <size>0xe1</size>
         <input_file_ref idref="fl-6"/>
      </object_component>
      <object_component id="oc-34">
         <name>.debug_frame</name>
         <load_address>0x5df</load_address>
         <run_address>0x5df</run_address>
         <size>0x13b</size>
         <input_file_ref idref="fl-7"/>
      </object_component>
      <object_component id="oc-39">
         <name>.debug_frame</name>
         <load_address>0x71a</load_address>
         <run_address>0x71a</run_address>
         <size>0x154</size>
         <input_file_ref idref="fl-8"/>
      </object_component>
      <object_component id="oc-40">
         <name>.debug_frame</name>
         <load_address>0x86e</load_address>
         <run_address>0x86e</run_address>
         <size>0x102</size>
         <input_file_ref idref="fl-11"/>
      </object_component>
      <object_component id="oc-45">
         <name>.debug_frame</name>
         <load_address>0x970</load_address>
         <run_address>0x970</run_address>
         <size>0x13a</size>
         <input_file_ref idref="fl-12"/>
      </object_component>
      <object_component id="oc-4b">
         <name>.debug_frame</name>
         <load_address>0xaaa</load_address>
         <run_address>0xaaa</run_address>
         <size>0x171</size>
         <input_file_ref idref="fl-13"/>
      </object_component>
      <object_component id="oc-50">
         <name>.debug_frame</name>
         <load_address>0xc1b</load_address>
         <run_address>0xc1b</run_address>
         <size>0x138</size>
         <input_file_ref idref="fl-14"/>
      </object_component>
      <object_component id="oc-56">
         <name>.debug_frame</name>
         <load_address>0xd53</load_address>
         <run_address>0xd53</run_address>
         <size>0x138</size>
         <input_file_ref idref="fl-15"/>
      </object_component>
      <object_component id="oc-5b">
         <name>.debug_frame</name>
         <load_address>0xe8b</load_address>
         <run_address>0xe8b</run_address>
         <size>0x116</size>
         <input_file_ref idref="fl-16"/>
      </object_component>
      <object_component id="oc-65">
         <name>.debug_frame</name>
         <load_address>0xfa1</load_address>
         <run_address>0xfa1</run_address>
         <size>0x272</size>
         <input_file_ref idref="fl-18"/>
      </object_component>
      <object_component id="oc-6f">
         <name>.debug_frame</name>
         <load_address>0x1213</load_address>
         <run_address>0x1213</run_address>
         <size>0x2a1</size>
         <input_file_ref idref="fl-1a"/>
      </object_component>
      <object_component id="oc-76">
         <name>.debug_frame</name>
         <load_address>0x14b4</load_address>
         <run_address>0x14b4</run_address>
         <size>0x197</size>
         <input_file_ref idref="fl-1b"/>
      </object_component>
      <object_component id="oc-7c">
         <name>.debug_frame</name>
         <load_address>0x164b</load_address>
         <run_address>0x164b</run_address>
         <size>0x1ef</size>
         <input_file_ref idref="fl-1c"/>
      </object_component>
      <object_component id="oc-81">
         <name>.debug_frame</name>
         <load_address>0x183a</load_address>
         <run_address>0x183a</run_address>
         <size>0x224</size>
         <input_file_ref idref="fl-1d"/>
      </object_component>
      <object_component id="oc-16">
         <name>.debug_line</name>
         <load_address>0x0</load_address>
         <run_address>0x0</run_address>
         <size>0xd0</size>
         <input_file_ref idref="fl-2"/>
      </object_component>
      <object_component id="oc-1c">
         <name>.debug_line</name>
         <load_address>0xd0</load_address>
         <run_address>0xd0</run_address>
         <size>0x253</size>
         <input_file_ref idref="fl-3"/>
      </object_component>
      <object_component id="oc-23">
         <name>.debug_line</name>
         <load_address>0x323</load_address>
         <run_address>0x323</run_address>
         <size>0x198</size>
         <input_file_ref idref="fl-4"/>
      </object_component>
      <object_component id="oc-28">
         <name>.debug_line</name>
         <load_address>0x4bb</load_address>
         <run_address>0x4bb</run_address>
         <size>0x73</size>
         <input_file_ref idref="fl-5"/>
      </object_component>
      <object_component id="oc-2f">
         <name>.debug_line</name>
         <load_address>0x52e</load_address>
         <run_address>0x52e</run_address>
         <size>0x57</size>
         <input_file_ref idref="fl-6"/>
      </object_component>
      <object_component id="oc-35">
         <name>.debug_line</name>
         <load_address>0x585</load_address>
         <run_address>0x585</run_address>
         <size>0x1d6</size>
         <input_file_ref idref="fl-7"/>
      </object_component>
      <object_component id="oc-3a">
         <name>.debug_line</name>
         <load_address>0x75b</load_address>
         <run_address>0x75b</run_address>
         <size>0x95</size>
         <input_file_ref idref="fl-8"/>
      </object_component>
      <object_component id="oc-41">
         <name>.debug_line</name>
         <load_address>0x7f0</load_address>
         <run_address>0x7f0</run_address>
         <size>0x66e</size>
         <input_file_ref idref="fl-11"/>
      </object_component>
      <object_component id="oc-46">
         <name>.debug_line</name>
         <load_address>0xe5e</load_address>
         <run_address>0xe5e</run_address>
         <size>0x6ca</size>
         <input_file_ref idref="fl-12"/>
      </object_component>
      <object_component id="oc-4c">
         <name>.debug_line</name>
         <load_address>0x1528</load_address>
         <run_address>0x1528</run_address>
         <size>0x69c</size>
         <input_file_ref idref="fl-13"/>
      </object_component>
      <object_component id="oc-51">
         <name>.debug_line</name>
         <load_address>0x1bc4</load_address>
         <run_address>0x1bc4</run_address>
         <size>0x659</size>
         <input_file_ref idref="fl-14"/>
      </object_component>
      <object_component id="oc-57">
         <name>.debug_line</name>
         <load_address>0x221d</load_address>
         <run_address>0x221d</run_address>
         <size>0x653</size>
         <input_file_ref idref="fl-15"/>
      </object_component>
      <object_component id="oc-5c">
         <name>.debug_line</name>
         <load_address>0x2870</load_address>
         <run_address>0x2870</run_address>
         <size>0x59c</size>
         <input_file_ref idref="fl-16"/>
      </object_component>
      <object_component id="oc-61">
         <name>.debug_line</name>
         <load_address>0x2e0c</load_address>
         <run_address>0x2e0c</run_address>
         <size>0xa8</size>
         <input_file_ref idref="fl-17"/>
      </object_component>
      <object_component id="oc-66">
         <name>.debug_line</name>
         <load_address>0x2eb4</load_address>
         <run_address>0x2eb4</run_address>
         <size>0x94b</size>
         <input_file_ref idref="fl-18"/>
      </object_component>
      <object_component id="oc-6a">
         <name>.debug_line</name>
         <load_address>0x37ff</load_address>
         <run_address>0x37ff</run_address>
         <size>0xab</size>
         <input_file_ref idref="fl-19"/>
      </object_component>
      <object_component id="oc-70">
         <name>.debug_line</name>
         <load_address>0x38aa</load_address>
         <run_address>0x38aa</run_address>
         <size>0x83c</size>
         <input_file_ref idref="fl-1a"/>
      </object_component>
      <object_component id="oc-77">
         <name>.debug_line</name>
         <load_address>0x40e6</load_address>
         <run_address>0x40e6</run_address>
         <size>0x94c</size>
         <input_file_ref idref="fl-1b"/>
      </object_component>
      <object_component id="oc-7d">
         <name>.debug_line</name>
         <load_address>0x4a32</load_address>
         <run_address>0x4a32</run_address>
         <size>0x96d</size>
         <input_file_ref idref="fl-1c"/>
      </object_component>
      <object_component id="oc-82">
         <name>.debug_line</name>
         <load_address>0x539f</load_address>
         <run_address>0x539f</run_address>
         <size>0x7c8</size>
         <input_file_ref idref="fl-1d"/>
      </object_component>
      <object_component id="oc-86">
         <name>.debug_line</name>
         <load_address>0x5b67</load_address>
         <run_address>0x5b67</run_address>
         <size>0x54</size>
         <input_file_ref idref="fl-1e"/>
      </object_component>
      <object_component id="oc-8a">
         <name>.debug_line</name>
         <load_address>0x5bbb</load_address>
         <run_address>0x5bbb</run_address>
         <size>0x44</size>
         <input_file_ref idref="fl-1f"/>
      </object_component>
      <object_component id="oc-91">
         <name>.debug_line</name>
         <load_address>0x5bff</load_address>
         <run_address>0x5bff</run_address>
         <size>0x51</size>
         <input_file_ref idref="fl-20"/>
      </object_component>
      <object_component id="oc-95">
         <name>.debug_line</name>
         <load_address>0x5c50</load_address>
         <run_address>0x5c50</run_address>
         <size>0x3c</size>
         <input_file_ref idref="fl-21"/>
      </object_component>
      <object_component id="oc-99">
         <name>.debug_line</name>
         <load_address>0x5c8c</load_address>
         <run_address>0x5c8c</run_address>
         <size>0x69</size>
         <input_file_ref idref="fl-22"/>
      </object_component>
      <object_component id="oc-9d">
         <name>.debug_line</name>
         <load_address>0x5cf5</load_address>
         <run_address>0x5cf5</run_address>
         <size>0x44</size>
         <input_file_ref idref="fl-23"/>
      </object_component>
      <object_component id="oc-a1">
         <name>.debug_line</name>
         <load_address>0x5d39</load_address>
         <run_address>0x5d39</run_address>
         <size>0x37</size>
         <input_file_ref idref="fl-24"/>
      </object_component>
      <object_component id="oc-a7">
         <name>.debug_line</name>
         <load_address>0x5d70</load_address>
         <run_address>0x5d70</run_address>
         <size>0x57</size>
         <input_file_ref idref="fl-25"/>
      </object_component>
      <object_component id="oc-ad">
         <name>.debug_line</name>
         <load_address>0x5dc7</load_address>
         <run_address>0x5dc7</run_address>
         <size>0x328</size>
         <input_file_ref idref="fl-26"/>
      </object_component>
      <object_component id="oc-b1">
         <name>.debug_line</name>
         <load_address>0x60ef</load_address>
         <run_address>0x60ef</run_address>
         <size>0x41</size>
         <input_file_ref idref="fl-27"/>
      </object_component>
      <object_component id="oc-b5">
         <name>.debug_line</name>
         <load_address>0x6130</load_address>
         <run_address>0x6130</run_address>
         <size>0x46</size>
         <input_file_ref idref="fl-28"/>
      </object_component>
      <object_component id="oc-b9">
         <name>.debug_line</name>
         <load_address>0x6176</load_address>
         <run_address>0x6176</run_address>
         <size>0x55</size>
         <input_file_ref idref="fl-29"/>
      </object_component>
      <object_component id="oc-bd">
         <name>.debug_line</name>
         <load_address>0x61cb</load_address>
         <run_address>0x61cb</run_address>
         <size>0xad</size>
         <input_file_ref idref="fl-2a"/>
      </object_component>
      <object_component id="oc-c7">
         <name>.debug_line</name>
         <load_address>0x6278</load_address>
         <run_address>0x6278</run_address>
         <size>0x5b</size>
         <input_file_ref idref="fl-2d"/>
      </object_component>
      <object_component id="oc-cb">
         <name>.debug_line</name>
         <load_address>0x62d3</load_address>
         <run_address>0x62d3</run_address>
         <size>0x3d</size>
         <input_file_ref idref="fl-2e"/>
      </object_component>
      <object_component id="oc-cf">
         <name>.debug_line</name>
         <load_address>0x6310</load_address>
         <run_address>0x6310</run_address>
         <size>0x3d</size>
         <input_file_ref idref="fl-2f"/>
      </object_component>
      <object_component id="oc-d4">
         <name>.debug_line</name>
         <load_address>0x634d</load_address>
         <run_address>0x634d</run_address>
         <size>0x44</size>
         <input_file_ref idref="fl-30"/>
      </object_component>
      <object_component id="oc-d8">
         <name>.debug_line</name>
         <load_address>0x6391</load_address>
         <run_address>0x6391</run_address>
         <size>0x56</size>
         <input_file_ref idref="fl-31"/>
      </object_component>
      <object_component id="oc-dd">
         <name>.debug_line</name>
         <load_address>0x63e7</load_address>
         <run_address>0x63e7</run_address>
         <size>0xa8</size>
         <input_file_ref idref="fl-32"/>
      </object_component>
      <object_component id="oc-e1">
         <name>.debug_line</name>
         <load_address>0x648f</load_address>
         <run_address>0x648f</run_address>
         <size>0x40</size>
         <input_file_ref idref="fl-33"/>
      </object_component>
      <object_component id="oc-e5">
         <name>.debug_line</name>
         <load_address>0x64cf</load_address>
         <run_address>0x64cf</run_address>
         <size>0x38</size>
         <input_file_ref idref="fl-34"/>
      </object_component>
      <object_component id="oc-e9">
         <name>.debug_line</name>
         <load_address>0x6507</load_address>
         <run_address>0x6507</run_address>
         <size>0xa8</size>
         <input_file_ref idref="fl-35"/>
      </object_component>
      <object_component id="oc-ef">
         <name>.debug_line</name>
         <load_address>0x65af</load_address>
         <run_address>0x65af</run_address>
         <size>0x1b0</size>
         <input_file_ref idref="fl-36"/>
      </object_component>
      <object_component id="oc-f3">
         <name>.debug_line</name>
         <load_address>0x675f</load_address>
         <run_address>0x675f</run_address>
         <size>0x40</size>
         <input_file_ref idref="fl-37"/>
      </object_component>
      <object_component id="oc-f7">
         <name>.debug_line</name>
         <load_address>0x679f</load_address>
         <run_address>0x679f</run_address>
         <size>0x3c</size>
         <input_file_ref idref="fl-38"/>
      </object_component>
      <object_component id="oc-fb">
         <name>.debug_line</name>
         <load_address>0x67db</load_address>
         <run_address>0x67db</run_address>
         <size>0x4d</size>
         <input_file_ref idref="fl-39"/>
      </object_component>
      <object_component id="oc-ff">
         <name>.debug_line</name>
         <load_address>0x6828</load_address>
         <run_address>0x6828</run_address>
         <size>0x3c</size>
         <input_file_ref idref="fl-3a"/>
      </object_component>
      <object_component id="oc-103">
         <name>.debug_line</name>
         <load_address>0x6864</load_address>
         <run_address>0x6864</run_address>
         <size>0x37</size>
         <input_file_ref idref="fl-3b"/>
      </object_component>
      <object_component id="oc-107">
         <name>.debug_line</name>
         <load_address>0x689b</load_address>
         <run_address>0x689b</run_address>
         <size>0x3c</size>
         <input_file_ref idref="fl-3c"/>
      </object_component>
      <object_component id="oc-10b">
         <name>.debug_line</name>
         <load_address>0x68d7</load_address>
         <run_address>0x68d7</run_address>
         <size>0x37</size>
         <input_file_ref idref="fl-3d"/>
      </object_component>
      <object_component id="oc-110">
         <name>.debug_line</name>
         <load_address>0x690e</load_address>
         <run_address>0x690e</run_address>
         <size>0x15d</size>
         <input_file_ref idref="fl-3e"/>
      </object_component>
      <object_component id="oc-116">
         <name>.debug_line</name>
         <load_address>0x6a6b</load_address>
         <run_address>0x6a6b</run_address>
         <size>0x6a</size>
         <input_file_ref idref="fl-3f"/>
      </object_component>
      <object_component id="oc-11a">
         <name>.debug_line</name>
         <load_address>0x6ad5</load_address>
         <run_address>0x6ad5</run_address>
         <size>0x58</size>
         <input_file_ref idref="fl-40"/>
      </object_component>
      <object_component id="oc-11e">
         <name>.debug_line</name>
         <load_address>0x6b2d</load_address>
         <run_address>0x6b2d</run_address>
         <size>0x57</size>
         <input_file_ref idref="fl-41"/>
      </object_component>
      <object_component id="oc-122">
         <name>.debug_line</name>
         <load_address>0x6b84</load_address>
         <run_address>0x6b84</run_address>
         <size>0x5c</size>
         <input_file_ref idref="fl-42"/>
      </object_component>
      <object_component id="oc-126">
         <name>.debug_line</name>
         <load_address>0x6be0</load_address>
         <run_address>0x6be0</run_address>
         <size>0x3c</size>
         <input_file_ref idref="fl-43"/>
      </object_component>
      <object_component id="oc-12a">
         <name>.debug_line</name>
         <load_address>0x6c1c</load_address>
         <run_address>0x6c1c</run_address>
         <size>0x5b</size>
         <input_file_ref idref="fl-44"/>
      </object_component>
      <object_component id="oc-12e">
         <name>.debug_line</name>
         <load_address>0x6c77</load_address>
         <run_address>0x6c77</run_address>
         <size>0x3a</size>
         <input_file_ref idref="fl-45"/>
      </object_component>
      <object_component id="oc-132">
         <name>.debug_line</name>
         <load_address>0x6cb1</load_address>
         <run_address>0x6cb1</run_address>
         <size>0x3c</size>
         <input_file_ref idref="fl-46"/>
      </object_component>
      <object_component id="oc-136">
         <name>.debug_line</name>
         <load_address>0x6ced</load_address>
         <run_address>0x6ced</run_address>
         <size>0x3f</size>
         <input_file_ref idref="fl-47"/>
      </object_component>
      <object_component id="oc-13c">
         <name>.debug_line</name>
         <load_address>0x6d2c</load_address>
         <run_address>0x6d2c</run_address>
         <size>0xd7</size>
         <input_file_ref idref="fl-48"/>
      </object_component>
      <object_component id="oc-143">
         <name>.debug_line</name>
         <load_address>0x6e03</load_address>
         <run_address>0x6e03</run_address>
         <size>0x112</size>
         <input_file_ref idref="fl-49"/>
      </object_component>
      <object_component id="oc-147">
         <name>.debug_line</name>
         <load_address>0x6f15</load_address>
         <run_address>0x6f15</run_address>
         <size>0x3d</size>
         <input_file_ref idref="fl-4a"/>
      </object_component>
      <object_component id="oc-14b">
         <name>.debug_line</name>
         <load_address>0x6f52</load_address>
         <run_address>0x6f52</run_address>
         <size>0x39</size>
         <input_file_ref idref="fl-4b"/>
      </object_component>
      <object_component id="oc-17">
         <name>.debug_abbrev</name>
         <load_address>0x0</load_address>
         <run_address>0x0</run_address>
         <size>0x125</size>
         <input_file_ref idref="fl-2"/>
      </object_component>
      <object_component id="oc-1d">
         <name>.debug_abbrev</name>
         <load_address>0x125</load_address>
         <run_address>0x125</run_address>
         <size>0x178</size>
         <input_file_ref idref="fl-3"/>
      </object_component>
      <object_component id="oc-24">
         <name>.debug_abbrev</name>
         <load_address>0x29d</load_address>
         <run_address>0x29d</run_address>
         <size>0x17d</size>
         <input_file_ref idref="fl-4"/>
      </object_component>
      <object_component id="oc-29">
         <name>.debug_abbrev</name>
         <load_address>0x41a</load_address>
         <run_address>0x41a</run_address>
         <size>0xb2</size>
[...]
      <symbol id="sm-3cf">
         <name>_I2C_config</name>
         <value>0x2164d</value>
         <object_component_ref idref="oc-79"/>
      </symbol>
      <symbol id="sm-3d0">
         <name>_gI2cObj</name>
         <value>0x61e4</value>
         <object_component_ref idref="oc-7a"/>
      </symbol>
      <symbol id="sm-3d1">
         <name>_I2C_getConfig</name>
         <value>0x217b2</value>
         <object_component_ref idref="oc-79"/>
      </symbol>
      <symbol id="sm-3d2">
         <name>_I2C_setup</name>
         <value>0x21888</value>
         <object_component_ref idref="oc-79"/>
      </symbol>
      <symbol id="sm-3d3">
         <name>_I2C_write</name>
         <value>0x21a82</value>
         <object_component_ref idref="oc-79"/>
      </symbol>
      <symbol id="sm-3d4">
         <name>_I2C_read</name>
         <value>0x21cc6</value>
         <object_component_ref idref="oc-79"/>
      </symbol>
      <symbol id="sm-3d5">
         <name>_I2C_eventDisable</name>
         <value>0x22018</value>
         <object_component_ref idref="oc-79"/>
      </symbol>
      <symbol id="sm-3d6">
         <name>_I2C_getEventId</name>
         <value>0x221c4</value>
         <object_component_ref idref="oc-79"/>
      </symbol>
      <symbol id="sm-3d7">
         <name>_i2cHandle</name>
         <value>0x6204</value>
         <object_component_ref idref="oc-7a"/>
      </symbol>
      <symbol id="sm-41c">
         <name>_GPIO_write</name>
         <value>0x238e3</value>
         <object_component_ref idref="oc-7f"/>
      </symbol>
      <symbol id="sm-41d">
         <name>_GPIO_read</name>
         <value>0x23860</value>
         <object_component_ref idref="oc-7f"/>
      </symbol>
      <symbol id="sm-41e">
         <name>_GPIO_close</name>
         <value>0x2372f</value>
         <object_component_ref idref="oc-7f"/>
      </symbol>
      <symbol id="sm-41f">
         <name>_GPIO_enableInt</name>
         <value>0x23b4c</value>
         <object_component_ref idref="oc-7f"/>
      </symbol>
      <symbol id="sm-420">
         <name>_GPIO_clearInt</name>
         <value>0x23bd6</value>
         <object_component_ref idref="oc-7f"/>
      </symbol>
      <symbol id="sm-421">
         <name>_GPIO_statusBit</name>
         <value>0x23c62</value>
         <object_component_ref idref="oc-7f"/>
      </symbol>
      <symbol id="sm-422">
         <name>_GPIO_configBit</name>
         <value>0x23986</value>
         <object_component_ref idref="oc-7f"/>
      </symbol>
      <symbol id="sm-423">
         <name>_GPIO_reset</name>
         <value>0x23ce9</value>
         <object_component_ref idref="oc-7f"/>
      </symbol>
      <symbol id="sm-424">
         <name>_GPIO_getConfig</name>
         <value>0x237d8</value>
         <object_component_ref idref="oc-7f"/>
      </symbol>
      <symbol id="sm-425">
         <name>_GPIO_disableInt</name>
         <value>0x23ace</value>
         <object_component_ref idref="oc-7f"/>
      </symbol>
      <symbol id="sm-426">
         <name>_GPIO_config</name>
         <value>0x23753</value>
         <object_component_ref idref="oc-7f"/>
      </symbol>
      <symbol id="sm-427">
         <name>_GPIO_open</name>
         <value>0x236eb</value>
         <object_component_ref idref="oc-7f"/>
      </symbol>
      <symbol id="sm-433">
         <name>__sysstack</name>
         <value>0x20c0</value>
         <object_component_ref idref="oc-14d"/>
      </symbol>
      <symbol id="sm-434">
         <name>_c_int00</name>
         <value>0x281dd</value>
         <object_component_ref idref="oc-10"/>
      </symbol>
      <symbol id="sm-435">
         <name>__stack</name>
         <value>0xc0</value>
         <object_component_ref idref="oc-84"/>
      </symbol>
      <symbol id="sm-440">
         <name>__divul</name>
         <value>0x277d8</value>
         <object_component_ref idref="oc-88"/>
      </symbol>
      <symbol id="sm-450">
         <name>C$$EXIT</name>
         <value>0x282f6</value>
         <object_component_ref idref="oc-90"/>
      </symbol>
      <symbol id="sm-451">
         <name>_exit</name>
         <value>0x2819f</value>
         <object_component_ref idref="oc-8c"/>
      </symbol>
      <symbol id="sm-452">
         <name>_abort</name>
         <value>0x282f5</value>
         <object_component_ref idref="oc-90"/>
      </symbol>
      <symbol id="sm-453">
         <name>__cleanup_ptr</name>
         <value>0x6234</value>
         <object_component_ref idref="oc-8d"/>
      </symbol>
      <symbol id="sm-454">
         <name>__dtors_ptr</name>
         <value>0x6238</value>
         <object_component_ref idref="oc-8d"/>
      </symbol>
      <symbol id="sm-45c">
         <name>__mpyli</name>
         <value>0x282b6</value>
         <object_component_ref idref="oc-93"/>
      </symbol>
      <symbol id="sm-45d">
         <name>I$$LMPY</name>
         <value>0x282b6</value>
         <object_component_ref idref="oc-93"/>
      </symbol>
      <symbol id="sm-467">
         <name>_printf</name>
         <value>0x27fe5</value>
         <object_component_ref idref="oc-97"/>
      </symbol>
      <symbol id="sm-472">
         <name>__remul</name>
         <value>0x27bfb</value>
         <object_component_ref idref="oc-9b"/>
      </symbol>
      <symbol id="sm-47c">
         <name>_Reset</name>
         <value>0x4ff00</value>
         <object_component_ref idref="oc-11"/>
      </symbol>
      <symbol id="sm-48a">
         <name>__unlock</name>
         <value>0x6230</value>
         <object_component_ref idref="oc-a4"/>
      </symbol>
      <symbol id="sm-48b">
         <name>__lock</name>
         <value>0x622c</value>
         <object_component_ref idref="oc-a4"/>
      </symbol>
      <symbol id="sm-48c">
         <name>__register_lock</name>
         <value>0x282d1</value>
         <object_component_ref idref="oc-a3"/>
      </symbol>
      <symbol id="sm-48d">
         <name>__nop</name>
         <value>0x282d9</value>
         <object_component_ref idref="oc-a3"/>
      </symbol>
      <symbol id="sm-48e">
         <name>__register_unlock</name>
         <value>0x282c9</value>
         <object_component_ref idref="oc-a3"/>
      </symbol>
      <symbol id="sm-4a0">
         <name>__printfi</name>
         <value>0x21362</value>
         <object_component_ref idref="oc-a9"/>
      </symbol>
      <symbol id="sm-4aa">
         <name>__args_main</name>
         <value>0x28082</value>
         <object_component_ref idref="oc-af"/>
      </symbol>
      <symbol id="sm-4ab">
         <name>__TI_args_main</name>
         <value>0x1</value>
      </symbol>
      <symbol id="sm-4b5">
         <name>_atoi</name>
         <value>0x27e88</value>
         <object_component_ref idref="oc-b3"/>
      </symbol>
      <symbol id="sm-4bd">
         <name>_auto_init</name>
         <value>0x28035</value>
         <object_component_ref idref="oc-b7"/>
      </symbol>
      <symbol id="sm-4c7">
         <name>__eqld</name>
         <value>0x269ef</value>
         <object_component_ref idref="oc-bb"/>
      </symbol>
      <symbol id="sm-4c8">
         <name>__cmpd</name>
         <value>0x26a23</value>
         <object_component_ref idref="oc-bb"/>
      </symbol>
      <symbol id="sm-4c9">
         <name>__neqd</name>
         <value>0x26891</value>
         <object_component_ref idref="oc-bb"/>
      </symbol>
      <symbol id="sm-4ca">
         <name>__gtrd</name>
         <value>0x2695a</value>
         <object_component_ref idref="oc-bb"/>
      </symbol>
      <symbol id="sm-4cb">
         <name>__geqd</name>
         <value>0x269a5</value>
         <object_component_ref idref="oc-bb"/>
      </symbol>
      <symbol id="sm-4cc">
         <name>__leqd</name>
         <value>0x2690d</value>
         <object_component_ref idref="oc-bb"/>
      </symbol>
      <symbol id="sm-4cd">
         <name>__lssd</name>
         <value>0x268c5</value>
         <object_component_ref idref="oc-bb"/>
      </symbol>
      <symbol id="sm-4d5">
         <name>__ctypes_</name>
         <value>0x652c</value>
         <object_component_ref idref="oc-150"/>
      </symbol>
      <symbol id="sm-4df">
         <name>__tmpnams</name>
         <value>0x5cc0</value>
         <object_component_ref idref="oc-c1"/>
      </symbol>
      <symbol id="sm-4e0">
         <name>__ft_end</name>
         <value>0x5e00</value>
         <object_component_ref idref="oc-c1"/>
      </symbol>
      <symbol id="sm-4e1">
         <name>__ftable</name>
         <value>0x5bd0</value>
         <object_component_ref idref="oc-c1"/>
      </symbol>
      <symbol id="sm-4ed">
         <name>__divd</name>
         <value>0x257a1</value>
         <object_component_ref idref="oc-c5"/>
      </symbol>
      <symbol id="sm-4f7">
         <name>__fixdi</name>
         <value>0x28211</value>
         <object_component_ref idref="oc-c9"/>
      </symbol>
      <symbol id="sm-501">
         <name>__fixdli</name>
         <value>0x27c6d</value>
         <object_component_ref idref="oc-cd"/>
      </symbol>
      <symbol id="sm-50d">
         <name>__fltlid</name>
         <value>0x27e21</value>
         <object_component_ref idref="oc-d1"/>
      </symbol>
      <symbol id="sm-517">
         <name>_putchar</name>
         <value>0x277c9</value>
         <object_component_ref idref="oc-d6"/>
      </symbol>
      <symbol id="sm-518">
         <name>_putc</name>
         <value>0x27732</value>
         <object_component_ref idref="oc-d6"/>
      </symbol>
      <symbol id="sm-519">
         <name>_fputc</name>
         <value>0x27732</value>
         <object_component_ref idref="oc-d6"/>
      </symbol>
      <symbol id="sm-527">
         <name>_puts</name>
         <value>0x26ebc</value>
         <object_component_ref idref="oc-da"/>
      </symbol>
      <symbol id="sm-528">
         <name>_fputs</name>
         <value>0x26d87</value>
         <object_component_ref idref="oc-da"/>
      </symbol>
      <symbol id="sm-532">
         <name>__frcmpyd_div</name>
         <value>0x27b88</value>
         <object_component_ref idref="oc-df"/>
      </symbol>
      <symbol id="sm-53c">
         <name>___isinf</name>
         <value>0x28288</value>
         <object_component_ref idref="oc-e3"/>
      </symbol>
      <symbol id="sm-546">
         <name>__divull</name>
         <value>0x2650e</value>
         <object_component_ref idref="oc-e7"/>
      </symbol>
      <symbol id="sm-547">
         <name>__mpylli</name>
         <value>0x26456</value>
         <object_component_ref idref="oc-e7"/>
      </symbol>
      <symbol id="sm-548">
         <name>__remlli</name>
         <value>0x26427</value>
         <object_component_ref idref="oc-e7"/>
      </symbol>
      <symbol id="sm-549">
         <name>__divlli</name>
         <value>0x26602</value>
         <object_component_ref idref="oc-e7"/>
      </symbol>
      <symbol id="sm-54a">
         <name>__remull</name>
         <value>0x263d9</value>
         <object_component_ref idref="oc-e7"/>
      </symbol>
      <symbol id="sm-55c">
         <name>_add_device</name>
         <value>0x24cd4</value>
         <object_component_ref idref="oc-eb"/>
      </symbol>
      <symbol id="sm-55d">
         <name>_rename</name>
         <value>0x249f6</value>
         <object_component_ref idref="oc-eb"/>
      </symbol>
      <symbol id="sm-55e">
         <name>_read</name>
         <value>0x24a85</value>
         <object_component_ref idref="oc-eb"/>
      </symbol>
      <symbol id="sm-55f">
         <name>_unlink</name>
         <value>0x249c3</value>
         <object_component_ref idref="oc-eb"/>
      </symbol>
      <symbol id="sm-560">
         <name>_remove_device</name>
         <value>0x24a4f</value>
         <object_component_ref idref="oc-eb"/>
      </symbol>
      <symbol id="sm-561">
         <name>_open</name>
         <value>0x24b33</value>
         <object_component_ref idref="oc-eb"/>
      </symbol>
      <symbol id="sm-562">
         <name>_find_registered_device</name>
         <value>0x24c58</value>
         <object_component_ref idref="oc-eb"/>
      </symbol>
      <symbol id="sm-563">
         <name>_lseek</name>
         <value>0x24bf2</value>
         <object_component_ref idref="oc-eb"/>
      </symbol>
      <symbol id="sm-564">
         <name>_close</name>
         <value>0x24c61</value>
         <object_component_ref idref="oc-eb"/>
      </symbol>
      <symbol id="sm-565">
         <name>_write</name>
         <value>0x24881</value>
         <object_component_ref idref="oc-eb"/>
      </symbol>
      <symbol id="sm-56f">
         <name>_ltoa</name>
         <value>0x27a1a</value>
         <object_component_ref idref="oc-f1"/>
      </symbol>
      <symbol id="sm-57a">
         <name>_memccpy</name>
         <value>0x28265</value>
         <object_component_ref idref="oc-f5"/>
      </symbol>
      <symbol id="sm-582">
         <name>_memcpy</name>
         <value>0x28160</value>
         <object_component_ref idref="oc-f9"/>
      </symbol>
      <symbol id="sm-58c">
         <name>__mpyd</name>
         <value>0x26eea</value>
         <object_component_ref idref="oc-fd"/>
      </symbol>
      <symbol id="sm-596">
         <name>__negd</name>
         <value>0x282db</value>
         <object_component_ref idref="oc-101"/>
      </symbol>
      <symbol id="sm-5a0">
         <name>__remli</name>
         <value>0x280cd</value>
         <object_component_ref idref="oc-105"/>
      </symbol>
      <symbol id="sm-5aa">
         <name>__subd</name>
         <value>0x282a2</value>
         <object_component_ref idref="oc-109"/>
      </symbol>
      <symbol id="sm-5b6">
         <name>_HOSTopen</name>
         <value>0x250cf</value>
         <object_component_ref idref="oc-10d"/>
      </symbol>
      <symbol id="sm-5b7">
         <name>_HOSTread</name>
         <value>0x25042</value>
         <object_component_ref idref="oc-10d"/>
      </symbol>
      <symbol id="sm-5b8">
         <name>_HOSTtime</name>
         <value>0x24f36</value>
         <object_component_ref idref="oc-10d"/>
      </symbol>
      <symbol id="sm-5b9">
         <name>_getenv</name>
         <value>0x24dc4</value>
         <object_component_ref idref="oc-10d"/>
      </symbol>
      <symbol id="sm-5ba">
         <name>_HOSTrename</name>
         <value>0x24f94</value>
         <object_component_ref idref="oc-10d"/>
      </symbol>
      <symbol id="sm-5bb">
         <name>_HOSTclock</name>
         <value>0x2528e</value>
         <object_component_ref idref="oc-10d"/>
      </symbol>
      <symbol id="sm-5bc">
         <name>_HOSTwrite</name>
         <value>0x24e3f</value>
         <object_component_ref idref="oc-10d"/>
      </symbol>
      <symbol id="sm-5bd">
         <name>_HOSTlseek</name>
         <value>0x2516e</value>
         <object_component_ref idref="oc-10d"/>
      </symbol>
      <symbol id="sm-5be">
         <name>_HOSTunlink</name>
         <value>0x24ecc</value>
         <object_component_ref idref="oc-10d"/>
      </symbol>
      <symbol id="sm-5bf">
         <name>_HOSTclose</name>
         <value>0x25223</value>
         <object_component_ref idref="oc-10d"/>
      </symbol>
      <symbol id="sm-5d1">
         <name>C$$IO$$</name>
         <value>0x2772d</value>
         <object_component_ref idref="oc-115"/>
      </symbol>
      <symbol id="sm-5d2">
         <name>__CIOBUF_</name>
         <value>0x40000</value>
         <object_component_ref idref="oc-114"/>
      </symbol>
      <symbol id="sm-5d3">
         <name>_readmsg</name>
         <value>0x27d49</value>
         <object_component_ref idref="oc-112"/>
      </symbol>
      <symbol id="sm-5d4">
         <name>_writemsg</name>
         <value>0x27678</value>
         <object_component_ref idref="oc-115"/>
      </symbol>
      <symbol id="sm-5dc">
         <name>__remu</name>
         <value>0x28250</value>
         <object_component_ref idref="oc-118"/>
      </symbol>
      <symbol id="sm-5dd">
         <name>__divu</name>
         <value>0x2823b</value>
         <object_component_ref idref="oc-118"/>
      </symbol>
      <symbol id="sm-5de">
         <name>I$$UMOD</name>
         <value>0x28250</value>
         <object_component_ref idref="oc-118"/>
      </symbol>
      <symbol id="sm-5df">
         <name>I$$UDIV</name>
         <value>0x2823b</value>
         <object_component_ref idref="oc-118"/>
      </symbol>
      <symbol id="sm-5e9">
         <name>__rd_ok</name>
         <value>0x273ca</value>
         <object_component_ref idref="oc-11c"/>
      </symbol>
      <symbol id="sm-5ea">
         <name>__wrt_ok</name>
         <value>0x2734a</value>
         <object_component_ref idref="oc-11c"/>
      </symbol>
      <symbol id="sm-5f4">
         <name>__addd</name>
         <value>0x26637</value>
         <object_component_ref idref="oc-120"/>
      </symbol>
      <symbol id="sm-5fe">
         <name>__divli</name>
         <value>0x28118</value>
         <object_component_ref idref="oc-124"/>
      </symbol>
      <symbol id="sm-608">
         <name>__doflush</name>
         <value>0x275b6</value>
         <object_component_ref idref="oc-128"/>
      </symbol>
      <symbol id="sm-609">
         <name>_fflush</name>
         <value>0x2761f</value>
         <object_component_ref idref="oc-128"/>
      </symbol>
      <symbol id="sm-613">
         <name>__frcmpyd</name>
         <value>0x27b12</value>
         <object_component_ref idref="oc-12c"/>
      </symbol>
      <symbol id="sm-61d">
         <name>_fseek</name>
         <value>0x27db6</value>
         <object_component_ref idref="oc-130"/>
      </symbol>
      <symbol id="sm-627">
         <name>_setvbuf</name>
         <value>0x27264</value>
         <object_component_ref idref="oc-134"/>
      </symbol>
      <symbol id="sm-636">
         <name>__cleanup</name>
         <value>0x2627b</value>
         <object_component_ref idref="oc-138"/>
      </symbol>
      <symbol id="sm-637">
         <name>_fopen</name>
         <value>0x2639e</value>
         <object_component_ref idref="oc-138"/>
      </symbol>
      <symbol id="sm-638">
         <name>_freopen</name>
         <value>0x262d5</value>
         <object_component_ref idref="oc-138"/>
      </symbol>
      <symbol id="sm-648">
         <name>__sys_memory</name>
         <value>0x30c0</value>
         <object_component_ref idref="oc-142"/>
      </symbol>
      <symbol id="sm-649">
         <name>_chkheap</name>
         <value>0x25773</value>
         <object_component_ref idref="oc-13e"/>
      </symbol>
      <symbol id="sm-64a">
         <name>_realloc</name>
         <value>0x25512</value>
         <object_component_ref idref="oc-13e"/>
      </symbol>
      <symbol id="sm-64b">
         <name>_free_memory</name>
         <value>0x2571d</value>
         <object_component_ref idref="oc-13e"/>
      </symbol>
      <symbol id="sm-64c">
         <name>_max_free</name>
         <value>0x256c3</value>
         <object_component_ref idref="oc-13e"/>
      </symbol>
      <symbol id="sm-64d">
         <name>_free</name>
         <value>0x252ec</value>
         <object_component_ref idref="oc-13e"/>
      </symbol>
      <symbol id="sm-64e">
         <name>_calloc</name>
         <value>0x2577b</value>
         <object_component_ref idref="oc-13e"/>
      </symbol>
      <symbol id="sm-64f">
         <name>_malloc</name>
         <value>0x2541d</value>
         <object_component_ref idref="oc-13e"/>
      </symbol>
      <symbol id="sm-650">
         <name>_minit</name>
         <value>0x253b8</value>
         <object_component_ref idref="oc-13e"/>
      </symbol>
      <symbol id="sm-65a">
         <name>_fclose</name>
         <value>0x27a97</value>
         <object_component_ref idref="oc-145"/>
      </symbol>
      <symbol id="sm-664">
         <name>_remove</name>
         <value>0x282eb</value>
         <object_component_ref idref="oc-149"/>
      </symbol>
   </symbol_table>
</link_info>
