******************************************************************************
              TMS320C55x Linker PC v4.4.1                      
******************************************************************************
>> Linked Thu Apr 05 09:49:59 2018

OUTPUT FILE NAME:   <EQ sim.out>
ENTRY POINT SYMBOL: "_c_int00"  address: 00024e53


MEMORY CONFIGURATION

         name            origin    length      used     unused   attr    fill
                        (bytes)   (bytes)    (bytes)   (bytes)
----------------------  --------  ---------  --------  --------  ----  --------
PAGE 0:
  MMR                   00000000   000000c0  00000000  000000c0  RWIX
  DARAM0                000000c0   0000ff40  00006bfc  00009344  RWIX
  SARAM0                00010000   00010000  00000000  00010000  RWIX
  SARAM1                00020000   00020000  00004f7f  0001b081  RWIX
  SARAM2                00040000   0000fe00  00000380  0000fa80  RWIX
  VECS                  0004fe00   00000200  00000100  00000100  RWIX
  PDROM                 00ff8000   00008000  00000000  00008000  R IX

PAGE 2:
  IOPORT                00000000   00020000  00000000  00020000  RWI 


SECTION ALLOCATION MAP
(Addresses surrounded by []'s are displayed for convenience only!)

output                                                          attributes/
section   page  orgn(bytes) orgn(words) len(bytes) len(words)   input sections
--------  ----  ----------- ----------- ---------- ----------   --------------
.pinit       0   [ 00040000 ]  00020000          *   00000000   UNINITIALIZED

.stack       0   [ 000000c0 ]  00000060          *   00001000   UNINITIALIZED
                 [ 000000c0 ]  00000060          *   00001000   --HOLE--

.data        0   [ 000000c0 ]  00000060          *   00000000   UNINITIALIZED

.sysstack 
*            0   [ 000020c0 ]  00001060          *   00000800   UNINITIALIZED
                 [ 000020c0 ]  00001060          *   00000800   --HOLE--

.sysmem      0   [ 000030c0 ]  00001860          *   00001000   UNINITIALIZED
                 [ 000030c0 ]  00001860          *   00001000   --HOLE--

.bss.1       0   [ 000050c0 ]  00002860          *   00000b97   UNINITIALIZED
                 [ 000050c0 ]  00002860          *   0000053c   main.obj (.bss)
                 [ 00005b38 ]  00002d9c          *   00000400   ezdsp5535_aic3204_dma.obj (.bss)
                 [ 00006338 ]  0000319c          *   00000119   rts55x.lib : defs.obj (.bss)
                 [ 0000656a ]  000032b5          *   000000d0              : trgdrv.obj (.bss)
                 [ 0000670a ]  00003385          *   00000001              : fopen.obj (.bss)
                 [ 0000670c ]  00003386          *   00000071              : lowlev.obj (.bss)

.bss.2       0   [ 000067f0 ]  000033f8          *   0000000b   UNINITIALIZED
                 [ 000067f0 ]  000033f8          *   00000006   rts55x.lib : memory.obj (.bss)
                 [ 000067fc ]  000033fe          *   00000005   aic3204.obj (.bss)

.bss.3       0   [ 00006808 ]  00003404          *   0000000c   UNINITIALIZED
                 [ 00006808 ]  00003404          *   00000004   aic3204_init.obj (.bss)
                 [ 00006810 ]  00003408          *   00000004   rts55x.lib : _lock.obj (.bss)
                 [ 00006818 ]  0000340c          *   00000004              : exit.obj (.bss)

.const.1     0   [ 00006820 ]  00003410          *   00000199   
                 [ 00006820 ]  00003410          *   00000101   rts55x.lib : ctype.obj (.const:__ctypes_)
                 [ 00006a22 ]  00003511          *   00000001   print_number.obj (.const)
                 [ 00006a24 ]  00003512          *   00000097   aic3204_init.obj (.const:.string)

.const.2     0   [ 00006b54 ]  000035aa          *   0000008f   
                 [ 00006b54 ]  000035aa          *   00000056   main.obj (.const:.string)
                 [ 00006c00 ]  00003600          *   00000024   rts55x.lib : _printfi.obj (.const:.string)
                 [ 00006c48 ]  00003624          *   00000015   print_number.obj (.const:.string)

.const.3     0   [ 00006c74 ]  0000363a          *   00000028   
                 [ 00006c74 ]  0000363a          *   0000000c   rts55x.lib : _printfi.obj (.const)
                 [ 00006c8c ]  00003646          *   00000008              : divd.obj (.const:_initial_approx$1)
                 [ 00006c9c ]  0000364e          *   00000008   main.obj (.const)
                 [ 00006cac ]  00003656          *   00000008   processing.obj (.const)
                 [ 00006cbc ]  0000365e          *   00000002   rts55x.lib : fputs.obj (.const:.string)
                 [ 00006cc0 ]  00003660          *   00000002              : fltlid.obj (.const)

.text        0     00020000  [ 00010000 ] 00004f7f          *   
                   00020000  [ 00010000 ] 000015a4          *   rts55x.lib : _printfi.obj (.text)
                   000215a4  [ 00010ad2 ] 00000543          *              : lowlev.obj (.text)
                   00021ae7  [ 00010d73+] 00000528          *              : trgdrv.obj (.text)
                   0002200f  [ 00011007+] 000004b5          *              : memory.obj (.text)
                   000224c4  [ 00011262 ] 0000040e          *   main.obj (.text)
                   000228d2  [ 00011469 ] 000003cc          *   rts55x.lib : divd.obj (.text)
                   00022c9e  [ 0001164f ] 0000027f          *              : fopen.obj (.text)
                   00022f1d  [ 0001178e+] 00000270          *   processing.obj (.text)
                   0002318d  [ 000118c6+] 0000025e          *   rts55x.lib : llmpy.obj (.text)
                   000233eb  [ 000119f5+] 0000025a          *              : addd.obj (.text)
                   00023645  [ 00011b22+] 000001ee          *              : fwrite.obj (.text)
                   00023833  [ 00011c19+] 000001ea          *              : cmpd.obj (.text)
                   00023a1d  [ 00011d0e+] 00000163          *              : fputs.obj (.text)
                   00023b80  [ 00011dc0 ] 00000152          *   ezdsp5535_aic3204_dma.obj (.text)
                   00023cd2  [ 00011e69 ] 0000014c          *   rts55x.lib : mpyd.obj (.text)
                   00023e1e  [ 00011f0f ] 00000120          *   iir.obj (.text)
                   00023f3e  [ 00011f9f ] 0000010f          *   rts55x.lib : fread.obj (.text)
                   0002404d  [ 00012026+] 000000f6          *   aic3204_init.obj (.text)
                   00024143  [ 000120a1+] 000000f2          *   aic3204.obj (.text)
                   00024235  [ 0001211a+] 000000e6          *   rts55x.lib : setvbuf.obj (.text)
                   0002431b  [ 0001218d+] 000000dd          *              : _io_perm.obj (.text)
                   000243f8  [ 000121fc ] 000000c2          *              : fflush.obj (.text)
                   000244ba  [ 0001225d ] 000000ba          *              : trgmsg.obj (.text:CIO_breakpoint)
                   00024574  [ 000122ba ] 000000ae          *              : _bufread.obj (.text)
                   00024622  [ 00012311 ] 000000a6          *              : fputc.obj (.text)
                   000246c8  [ 00012364 ] 000000a1          *              : divul.obj (.text)
                   00024769  [ 000123b4+] 0000007d          *              : ltoa.obj (.text)
                   000247e6  [ 000123f3 ] 0000007b          *              : fclose.obj (.text)
                   00024861  [ 00012430+] 00000076          *              : frcmpyd.obj (.text)
                   000248d7  [ 0001246b+] 00000073          *              : frcmpyd_div.obj (.text)
                   0002494a  [ 000124a5 ] 00000072          *              : remul.obj (.text)
                   000249bc  [ 000124de ] 0000006f          *              : fixdli.obj (.text)
                   00024a2b  [ 00012515+] 0000006d          *              : trgmsg.obj (.text)
                   00024a98  [ 0001254c ] 0000006b          *              : fseek.obj (.text)
                   00024b03  [ 00012581+] 00000067          *              : fltlid.obj (.text)
                   00024b6a  [ 000125b5 ] 0000005c          *              : atoi.obj (.text)
                   00024bc6  [ 000125e3 ] 00000054          *   ezdsp5535bsl.lib : ezdsp5535.obj (.text)
                   00024c1a  [ 0001260d ] 00000050          *   rts55x.lib : printf.obj (.text)
                   00024c6a  [ 00012635 ] 0000004d          *              : autoinit.obj (.text)
                   00024cb7  [ 0001265b+] 0000004b          *              : args_main.obj (.text)
                   00024d02  [ 00012681 ] 0000004b          *              : remli.obj (.text)
                   00024d4d  [ 000126a6+] 00000048          *              : divli.obj (.text)
                   00024d95  [ 000126ca+] 00000041          *   print_number.obj (.text)
                   00024dd6  [ 000126eb ] 0000003f          *   rts55x.lib : memcpy.obj (.text)
                   00024e15  [ 0001270a+] 0000003e          *              : exit.obj (.text)
                   00024e53  [ 00012729+] 00000034          *              : boot.obj (.text)
                   00024e87  [ 00012743+] 0000002a          *              : fixdi.obj (.text)
                   00024eb1  [ 00012758+] 0000002a          *              : udiv.obj (.text)
                   00024edb  [ 0001276d+] 00000023          *              : memccpy.obj (.text)
                   00024efe  [ 0001277f ] 0000001a          *              : isinf.obj (.text)
                   00024f18  [ 0001278c ] 00000014          *              : subd.obj (.text)
                   00024f2c  [ 00012796 ] 00000013          *              : lmpy.obj (.text)
                   00024f3f  [ 0001279f+] 00000012          *              : _lock.obj (.text)
                   00024f51  [ 000127a8+] 00000010          *              : negd.obj (.text)
                   00024f61  [ 000127b0+] 0000000a          *   EZDSP5535_SAR_sim.obj (.text)
                   00024f6b  [ 000127b5+] 0000000a          *   rts55x.lib : remove.obj (.text)
                   00024f75  [ 000127ba+] 00000007          *              : exit.obj (.text:CIO_breakpoint)
                   00024f7c  [ 000127be ] 00000002          *              : vectors.obj (.text)
                   00024f7e  [ 000127bf ] 00000001          *   --HOLE-- [fill = 20]

.cio         0   [ 00040000 ]  00020000          *   00000120   UNINITIALIZED
                 [ 00040000 ]  00020000          *   00000120   rts55x.lib : trgmsg.obj (.cio)

.cinit       0   [ 00040240 ]  00020120          *   000000a0   
                 [ 00040240 ]  00020120          *   0000002d   rts55x.lib : lowlev.obj (.cinit)
                 [ 0004029a ]  0002014d          *   0000002a              : defs.obj (.cinit)
                 [ 000402ee ]  00020177          *   0000001e   main.obj (.cinit)
                 [ 0004032a ]  00020195          *   0000000a   aic3204_init.obj (.cinit)
                 [ 0004033e ]  0002019f          *   0000000a   rts55x.lib : _lock.obj (.cinit)
                 [ 00040352 ]  000201a9          *   0000000a              : exit.obj (.cinit)
                 [ 00040366 ]  000201b3          *   00000004   aic3204.obj (.cinit)
                 [ 0004036e ]  000201b7          *   00000004   rts55x.lib : fopen.obj (.cinit)
                 [ 00040376 ]  000201bb          *   00000004              : memory.obj (.cinit)
                 [ 0004037e ]  000201bf          *   00000001   --HOLE-- [fill = 0]

vectors      0     0004fe00  [ 00027f00 ] 00000100          *   
                   0004fe00  [ 00027f00 ] 00000100          *   rts55x.lib : vectors.obj (vectors)


GLOBAL SYMBOLS: SORTED ALPHABETICALLY BY Name 

abs. value/
byte addr   word addr   name
---------   ---------   ----
00000002                $TI_capability$C5500$CallingConvention
00000002                $TI_capability$C5500$MemoryModel
00000001                $TI_capability_requires_rev3
ffffffff                .bss
ffffffff                .data
ffffffff                .text
00024f76                C$$EXIT
0002456f                C$$IO$$
00024f2c                I$$LMPY
00024eb1                I$$UDIV
00024ec6                I$$UMOD
            00002a6c    _EQHP
            000029ec    _EQLP
            00002aec    _EQPeek
            00002b6c    _EQPeek2
            00002bf0    _EQx_historyHP
            00002bec    _EQx_historyLP
            00002bf4    _EQx_historyPeek
            00002bf8    _EQx_historyPeek2
            00002bf2    _EQy_historyHP
            00002bee    _EQy_historyLP
            00002bf6    _EQy_historyPeek
            00002bfa    _EQy_historyPeek2
00024f65                _EZDSP5535_SAR_getKey
00024f61                _EZDSP5535_SAR_init
00024c0c                _EZDSP5535_init
00024bc6                _EZDSP5535_wait
00024bfa                _EZDSP5535_waitusec
00021fb1                _HOSTclock
00021f46                _HOSTclose
00021e91                _HOSTlseek
00021df2                _HOSTopen
00021d65                _HOSTread
00021cb7                _HOSTrename
00021c59                _HOSTtime
00021bef                _HOSTunlink
00021b62                _HOSTwrite
0004fe00                _Reset
            00002c9c    _ShellBufferHP
            00002c1c    _ShellBufferLP
            00002d1c    _ShellBufferPeek
            00002d9c    _SimulatorInput
            00002f9c    _SimulatorOutput
            00020000    __CIOBUF_
            00001060    __STACK_END
00002000                __STACK_SIZE
00002000                __SYSMEM_SIZE
00001000                __SYSSTACK_SIZE
00000001                __TI_args_main
ffffffff                ___binit__
ffffffff                ___bss__
ffffffff                ___c_args__
            00020120    ___cinit__
ffffffff                ___data__
ffffffff                ___edata__
ffffffff                ___end__
ffffffff                ___etext__
00024efe                ___isinf
ffffffff                ___pinit__
ffffffff                ___text__
000233eb                __addd
00024cb7                __args_main
00024574                __buff_read
00022dbf                __cleanup
            0000340c    __cleanup_ptr
000239c5                __cmpd
            00003410    __ctypes_
000228d2                __divd
00024d4d                __divli
000233b6                __divlli
00024eb1                __divu
000246c8                __divul
000232c2                __divull
000243f8                __doflush
            0000340e    __dtors_ptr
00023991                __eqld
00024e87                __fixdi
000249bc                __fixdli
00024b03                __fltlid
00024861                __frcmpyd
000248d7                __frcmpyd_div
            000032b4    __ft_end
            0000319c    __ftable
00023947                __geqd
000238fc                __gtrd
000238af                __leqd
            00003408    __lock
00023867                __lssd
00023cd2                __mpyd
00024f2c                __mpyli
0002320a                __mpylli
00024f51                __negd
00023833                __neqd
00024f4f                __nop
00021362                __printfi
0002439b                __rd_ok
00024f47                __register_lock
00024f3f                __register_unlock
00024d02                __remli
000231db                __remlli
00024ec6                __remu
0002494a                __remul
0002318d                __remull
            00000060    __stack
00024f18                __subd
            00001860    __sys_memory
            00001060    __sysstack
            00003214    __tmpnams
            0000340a    __unlock
0002431b                __wrt_ok
00024f75                _abort
000219f7                _add_device
00024179                _aic3204_codec_read
000241e9                _aic3204_codec_write
00024145                _aic3204_disable
00023b80                _aic3204_dma_init
            00003402    _aic3204_enabled
00024143                _aic3204_hardware_init
00024071                _aic3204_init
00023b82                _aic3204_read_block
0002404d                _aic3204_set_input_filename
0002405f                _aic3204_set_output_filename
00023c33                _aic3204_write_block
            000029e2    _alphaHP
            000029e0    _alphaLP
            000029e4    _alphaPeek
            000029e8    _alphaPeek2
00024b6a                _atoi
00024c6a                _auto_init
            000029e6    _betaPeek
            000029ea    _betaPeek2
00024e53                _c_int00
00022f64                _calculatePeekCoeff
00022f1d                _calculateShelvingCoeff
0002249e                _calloc
00022496                _chkheap
00024d97                _clearLCD
00021984                _close
            00002c0c    _coeffHP
            00002c08    _coeffLP
            00002c10    _coeffPeek
            00002c16    _coeffPeek2
            00002960    _dirakSample
00024e15                _exit
000247e6                _fclose
00024461                _fflush
0002197b                _find_registered_device
00023e1e                _first_order_IIR
00022ee2                _fopen
00024622                _fputc
00023a1d                _fputs
00023f3e                _fread
0002200f                _free
00022440                _free_memory
00022e19                _freopen
00024a98                _fseek
00023645                _fwrite
00021ae7                _getenv
00024d95                _initPrintNumber
            000033fe    _input_file
00021915                _lseek
00024769                _ltoa
000224c4                _main
00022140                _malloc
000223e6                _max_free
00024edb                _memccpy
00024dd6                _memcpy
000220db                _minit
00021856                _open
            00003400    _output_file
00024dbd                _printChar
00024c1a                _printf
00024622                _putc
000246b9                _putchar
00023b52                _puts
000217a8                _read
00024a2b                _readmsg
00022235                _realloc
00024f6b                _remove
00021772                _remove_device
00021719                _rename
            00002860    _sampleBufferL
            000028e0    _sampleBufferR
00023e85                _second_order_IIR
00024daa                _setWritePointerToFirstChar
00024136                _set_sampling_frequency_and_gain
00024235                _setvbuf
00023012                _shelvingHP
0002306b                _shelvingLP
000230fc                _shelvingPeek
            00003511    _sign_width
000216e6                _unlink
000215a4                _write
000244ba                _writemsg
            00002c00    _x_historyHP
            00002bfc    _x_historyLP
            00002c04    _x_historyPeek
            00002c02    _y_historyHP
            00002bfe    _y_historyLP
            00002c06    _y_historyPeek
ffffffff                binit
            00020120    cinit
ffffffff                edata
ffffffff                end
ffffffff                etext
ffffffff                pinit


GLOBAL SYMBOLS: SORTED BY Symbol Address 

abs. value/
byte addr   word addr   name
---------   ---------   ----
00000001                $TI_capability_requires_rev3
00000001                __TI_args_main
00000002                $TI_capability$C5500$CallingConvention
00000002                $TI_capability$C5500$MemoryModel
            00000060    __stack
00001000                __SYSSTACK_SIZE
00002000                __STACK_SIZE
00002000                __SYSMEM_SIZE
            00001060    __STACK_END
            00001060    __sysstack
            00001860    __sys_memory
            00002860    _sampleBufferL
            000028e0    _sampleBufferR
            00002960    _dirakSample
            000029e0    _alphaLP
            000029e2    _alphaHP
            000029e4    _alphaPeek
            000029e6    _betaPeek
            000029e8    _alphaPeek2
            000029ea    _betaPeek2
            000029ec    _EQLP
            00002a6c    _EQHP
            00002aec    _EQPeek
            00002b6c    _EQPeek2
            00002bec    _EQx_historyLP
            00002bee    _EQy_historyLP
            00002bf0    _EQx_historyHP
            00002bf2    _EQy_historyHP
            00002bf4    _EQx_historyPeek
            00002bf6    _EQy_historyPeek
            00002bf8    _EQx_historyPeek2
            00002bfa    _EQy_historyPeek2
            00002bfc    _x_historyLP
            00002bfe    _y_historyLP
            00002c00    _x_historyHP
            00002c02    _y_historyHP
            00002c04    _x_historyPeek
            00002c06    _y_historyPeek
            00002c08    _coeffLP
            00002c0c    _coeffHP
            00002c10    _coeffPeek
            00002c16    _coeffPeek2
            00002c1c    _ShellBufferLP
            00002c9c    _ShellBufferHP
            00002d1c    _ShellBufferPeek
            00002d9c    _SimulatorInput
            00002f9c    _SimulatorOutput
            0000319c    __ftable
            00003214    __tmpnams
            000032b4    __ft_end
            000033fe    _input_file
            00003400    _output_file
            00003402    _aic3204_enabled
            00003408    __lock
            0000340a    __unlock
            0000340c    __cleanup_ptr
            0000340e    __dtors_ptr
            00003410    __ctypes_
            00003511    _sign_width
00021362                __printfi
000215a4                _write
000216e6                _unlink
00021719                _rename
00021772                _remove_device
000217a8                _read
00021856                _open
00021915                _lseek
0002197b                _find_registered_device
00021984                _close
000219f7                _add_device
00021ae7                _getenv
00021b62                _HOSTwrite
00021bef                _HOSTunlink
00021c59                _HOSTtime
00021cb7                _HOSTrename
00021d65                _HOSTread
00021df2                _HOSTopen
00021e91                _HOSTlseek
00021f46                _HOSTclose
00021fb1                _HOSTclock
0002200f                _free
000220db                _minit
00022140                _malloc
00022235                _realloc
000223e6                _max_free
00022440                _free_memory
00022496                _chkheap
0002249e                _calloc
000224c4                _main
000228d2                __divd
00022dbf                __cleanup
00022e19                _freopen
00022ee2                _fopen
00022f1d                _calculateShelvingCoeff
00022f64                _calculatePeekCoeff
00023012                _shelvingHP
0002306b                _shelvingLP
000230fc                _shelvingPeek
0002318d                __remull
000231db                __remlli
0002320a                __mpylli
000232c2                __divull
000233b6                __divlli
000233eb                __addd
00023645                _fwrite
00023833                __neqd
00023867                __lssd
000238af                __leqd
000238fc                __gtrd
00023947                __geqd
00023991                __eqld
000239c5                __cmpd
00023a1d                _fputs
00023b52                _puts
00023b80                _aic3204_dma_init
00023b82                _aic3204_read_block
00023c33                _aic3204_write_block
00023cd2                __mpyd
00023e1e                _first_order_IIR
00023e85                _second_order_IIR
00023f3e                _fread
0002404d                _aic3204_set_input_filename
0002405f                _aic3204_set_output_filename
00024071                _aic3204_init
00024136                _set_sampling_frequency_and_gain
00024143                _aic3204_hardware_init
00024145                _aic3204_disable
00024179                _aic3204_codec_read
000241e9                _aic3204_codec_write
00024235                _setvbuf
0002431b                __wrt_ok
0002439b                __rd_ok
000243f8                __doflush
00024461                _fflush
000244ba                _writemsg
0002456f                C$$IO$$
00024574                __buff_read
00024622                _fputc
00024622                _putc
000246b9                _putchar
000246c8                __divul
00024769                _ltoa
000247e6                _fclose
00024861                __frcmpyd
000248d7                __frcmpyd_div
0002494a                __remul
000249bc                __fixdli
00024a2b                _readmsg
00024a98                _fseek
00024b03                __fltlid
00024b6a                _atoi
00024bc6                _EZDSP5535_wait
00024bfa                _EZDSP5535_waitusec
00024c0c                _EZDSP5535_init
00024c1a                _printf
00024c6a                _auto_init
00024cb7                __args_main
00024d02                __remli
00024d4d                __divli
00024d95                _initPrintNumber
00024d97                _clearLCD
00024daa                _setWritePointerToFirstChar
00024dbd                _printChar
00024dd6                _memcpy
00024e15                _exit
00024e53                _c_int00
00024e87                __fixdi
00024eb1                I$$UDIV
00024eb1                __divu
00024ec6                I$$UMOD
00024ec6                __remu
00024edb                _memccpy
00024efe                ___isinf
00024f18                __subd
00024f2c                I$$LMPY
00024f2c                __mpyli
00024f3f                __register_unlock
00024f47                __register_lock
00024f4f                __nop
00024f51                __negd
00024f61                _EZDSP5535_SAR_init
00024f65                _EZDSP5535_SAR_getKey
00024f6b                _remove
00024f75                _abort
00024f76                C$$EXIT
            00020000    __CIOBUF_
            00020120    ___cinit__
            00020120    cinit
0004fe00                _Reset
ffffffff                .bss
ffffffff                .data
ffffffff                .text
ffffffff                ___binit__
ffffffff                ___bss__
ffffffff                ___c_args__
ffffffff                ___data__
ffffffff                ___edata__
ffffffff                ___end__
ffffffff                ___etext__
ffffffff                ___pinit__
ffffffff                ___text__
ffffffff                binit
ffffffff                edata
ffffffff                end
ffffffff                etext
ffffffff                pinit

[206 symbols]
