<?xml version="1.0"?>
<link_info>
   <banner>TMS320C55x Linker PC v4.4.1</banner>
   <copyright>Copyright (c) 1996-2012 Texas Instruments Incorporated</copyright>
   <link_time>0x5aafbb76</link_time>
   <output_file>EQ sim.out</output_file>
   <entry_point>
      <name>_c_int00</name>
      <address>0x24896</address>
   </entry_point>
   <input_file_list>
      <input_file id="fl-2">
         <path>.\</path>
         <kind>object</kind>
         <file>EZDSP5535_SAR_sim.obj</file>
         <name>EZDSP5535_SAR_sim.obj</name>
      </input_file>
      <input_file id="fl-3">
         <path>.\</path>
         <kind>object</kind>
         <file>aic3204.obj</file>
         <name>aic3204.obj</name>
      </input_file>
      <input_file id="fl-4">
         <path>.\</path>
         <kind>object</kind>
         <file>aic3204_init.obj</file>
         <name>aic3204_init.obj</name>
      </input_file>
      <input_file id="fl-5">
         <path>.\</path>
         <kind>object</kind>
         <file>ezdsp5535_aic3204_dma.obj</file>
         <name>ezdsp5535_aic3204_dma.obj</name>
      </input_file>
      <input_file id="fl-6">
         <path>.\</path>
         <kind>object</kind>
         <file>iir.obj</file>
         <name>iir.obj</name>
      </input_file>
      <input_file id="fl-7">
         <path>.\</path>
         <kind>object</kind>
         <file>main.obj</file>
         <name>main.obj</name>
      </input_file>
      <input_file id="fl-8">
         <path>.\</path>
         <kind>object</kind>
         <file>print_number.obj</file>
         <name>print_number.obj</name>
      </input_file>
      <input_file id="fl-9">
         <path>.\</path>
         <kind>object</kind>
         <file>processing.obj</file>
         <name>processing.obj</name>
      </input_file>
      <input_file id="fl-13">
         <path>..\lib\</path>
         <kind>archive</kind>
         <file>ezdsp5535bsl.lib</file>
         <name>ezdsp5535.obj</name>
      </input_file>
      <input_file id="fl-27">
         <path>D:\ti\ccsv6\tools\compiler\c5500_4.4.1\lib\</path>
         <kind>archive</kind>
         <file>rts55x.lib</file>
         <name>boot.obj</name>
      </input_file>
      <input_file id="fl-28">
         <path>D:\ti\ccsv6\tools\compiler\c5500_4.4.1\lib\</path>
         <kind>archive</kind>
         <file>rts55x.lib</file>
         <name>exit.obj</name>
      </input_file>
      <input_file id="fl-29">
         <path>D:\ti\ccsv6\tools\compiler\c5500_4.4.1\lib\</path>
         <kind>archive</kind>
         <file>rts55x.lib</file>
         <name>fclose.obj</name>
      </input_file>
      <input_file id="fl-2a">
         <path>D:\ti\ccsv6\tools\compiler\c5500_4.4.1\lib\</path>
         <kind>archive</kind>
         <file>rts55x.lib</file>
         <name>fflush.obj</name>
      </input_file>
      <input_file id="fl-2b">
         <path>D:\ti\ccsv6\tools\compiler\c5500_4.4.1\lib\</path>
         <kind>archive</kind>
         <file>rts55x.lib</file>
         <name>fopen.obj</name>
      </input_file>
      <input_file id="fl-2c">
         <path>D:\ti\ccsv6\tools\compiler\c5500_4.4.1\lib\</path>
         <kind>archive</kind>
         <file>rts55x.lib</file>
         <name>fread.obj</name>
      </input_file>
      <input_file id="fl-2d">
         <path>D:\ti\ccsv6\tools\compiler\c5500_4.4.1\lib\</path>
         <kind>archive</kind>
         <file>rts55x.lib</file>
         <name>fwrite.obj</name>
      </input_file>
      <input_file id="fl-2e">
         <path>D:\ti\ccsv6\tools\compiler\c5500_4.4.1\lib\</path>
         <kind>archive</kind>
         <file>rts55x.lib</file>
         <name>lowlev.obj</name>
      </input_file>
      <input_file id="fl-2f">
         <path>D:\ti\ccsv6\tools\compiler\c5500_4.4.1\lib\</path>
         <kind>archive</kind>
         <file>rts55x.lib</file>
         <name>memcpy.obj</name>
      </input_file>
      <input_file id="fl-30">
         <path>D:\ti\ccsv6\tools\compiler\c5500_4.4.1\lib\</path>
         <kind>archive</kind>
         <file>rts55x.lib</file>
         <name>memory.obj</name>
      </input_file>
      <input_file id="fl-31">
         <path>D:\ti\ccsv6\tools\compiler\c5500_4.4.1\lib\</path>
         <kind>archive</kind>
         <file>rts55x.lib</file>
         <name>printf.obj</name>
      </input_file>
      <input_file id="fl-32">
         <path>D:\ti\ccsv6\tools\compiler\c5500_4.4.1\lib\</path>
         <kind>archive</kind>
         <file>rts55x.lib</file>
         <name>remove.obj</name>
      </input_file>
      <input_file id="fl-33">
         <path>D:\ti\ccsv6\tools\compiler\c5500_4.4.1\lib\</path>
         <kind>archive</kind>
         <file>rts55x.lib</file>
         <name>trgdrv.obj</name>
      </input_file>
      <input_file id="fl-34">
         <path>D:\ti\ccsv6\tools\compiler\c5500_4.4.1\lib\</path>
         <kind>archive</kind>
         <file>rts55x.lib</file>
         <name>trgmsg.obj</name>
      </input_file>
      <input_file id="fl-35">
         <path>D:\ti\ccsv6\tools\compiler\c5500_4.4.1\lib\</path>
         <kind>archive</kind>
         <file>rts55x.lib</file>
         <name>udiv.obj</name>
      </input_file>
      <input_file id="fl-36">
         <path>D:\ti\ccsv6\tools\compiler\c5500_4.4.1\lib\</path>
         <kind>archive</kind>
         <file>rts55x.lib</file>
         <name>vectors.obj</name>
      </input_file>
      <input_file id="fl-37">
         <path>D:\ti\ccsv6\tools\compiler\c5500_4.4.1\lib\</path>
         <kind>archive</kind>
         <file>rts55x.lib</file>
         <name>_bufread.obj</name>
      </input_file>
      <input_file id="fl-38">
         <path>D:\ti\ccsv6\tools\compiler\c5500_4.4.1\lib\</path>
         <kind>archive</kind>
         <file>rts55x.lib</file>
         <name>_io_perm.obj</name>
      </input_file>
      <input_file id="fl-39">
         <path>D:\ti\ccsv6\tools\compiler\c5500_4.4.1\lib\</path>
         <kind>archive</kind>
         <file>rts55x.lib</file>
         <name>_lock.obj</name>
      </input_file>
      <input_file id="fl-3a">
         <path>D:\ti\ccsv6\tools\compiler\c5500_4.4.1\lib\</path>
         <kind>archive</kind>
         <file>rts55x.lib</file>
         <name>_printfi.obj</name>
      </input_file>
      <input_file id="fl-3b">
         <path>D:\ti\ccsv6\tools\compiler\c5500_4.4.1\lib\</path>
         <kind>archive</kind>
         <file>rts55x.lib</file>
         <name>args_main.obj</name>
      </input_file>
      <input_file id="fl-3c">
         <path>D:\ti\ccsv6\tools\compiler\c5500_4.4.1\lib\</path>
         <kind>archive</kind>
         <file>rts55x.lib</file>
         <name>atoi.obj</name>
      </input_file>
      <input_file id="fl-3d">
         <path>D:\ti\ccsv6\tools\compiler\c5500_4.4.1\lib\</path>
         <kind>archive</kind>
         <file>rts55x.lib</file>
         <name>autoinit.obj</name>
      </input_file>
      <input_file id="fl-3e">
         <path>D:\ti\ccsv6\tools\compiler\c5500_4.4.1\lib\</path>
         <kind>archive</kind>
         <file>rts55x.lib</file>
         <name>cmpd.obj</name>
      </input_file>
      <input_file id="fl-3f">
         <path>D:\ti\ccsv6\tools\compiler\c5500_4.4.1\lib\</path>
         <kind>archive</kind>
         <file>rts55x.lib</file>
         <name>ctype.obj</name>
      </input_file>
      <input_file id="fl-40">
         <path>D:\ti\ccsv6\tools\compiler\c5500_4.4.1\lib\</path>
         <kind>archive</kind>
         <file>rts55x.lib</file>
         <name>defs.obj</name>
      </input_file>
      <input_file id="fl-41">
         <path>D:\ti\ccsv6\tools\compiler\c5500_4.4.1\lib\</path>
         <kind>archive</kind>
         <file>rts55x.lib</file>
         <name>divd.obj</name>
      </input_file>
      <input_file id="fl-42">
         <path>D:\ti\ccsv6\tools\compiler\c5500_4.4.1\lib\</path>
         <kind>archive</kind>
         <file>rts55x.lib</file>
         <name>divul.obj</name>
      </input_file>
      <input_file id="fl-43">
         <path>D:\ti\ccsv6\tools\compiler\c5500_4.4.1\lib\</path>
         <kind>archive</kind>
         <file>rts55x.lib</file>
         <name>fixdi.obj</name>
      </input_file>
      <input_file id="fl-44">
         <path>D:\ti\ccsv6\tools\compiler\c5500_4.4.1\lib\</path>
         <kind>archive</kind>
         <file>rts55x.lib</file>
         <name>fixdli.obj</name>
      </input_file>
      <input_file id="fl-45">
         <path>D:\ti\ccsv6\tools\compiler\c5500_4.4.1\lib\</path>
         <kind>archive</kind>
         <file>rts55x.lib</file>
         <name>fltlid.obj</name>
      </input_file>
      <input_file id="fl-46">
         <path>D:\ti\ccsv6\tools\compiler\c5500_4.4.1\lib\</path>
         <kind>archive</kind>
         <file>rts55x.lib</file>
         <name>fputc.obj</name>
      </input_file>
      <input_file id="fl-47">
         <path>D:\ti\ccsv6\tools\compiler\c5500_4.4.1\lib\</path>
         <kind>archive</kind>
         <file>rts55x.lib</file>
         <name>fputs.obj</name>
      </input_file>
      <input_file id="fl-48">
         <path>D:\ti\ccsv6\tools\compiler\c5500_4.4.1\lib\</path>
         <kind>archive</kind>
         <file>rts55x.lib</file>
         <name>frcmpyd_div.obj</name>
      </input_file>
      <input_file id="fl-49">
         <path>D:\ti\ccsv6\tools\compiler\c5500_4.4.1\lib\</path>
         <kind>archive</kind>
         <file>rts55x.lib</file>
         <name>fseek.obj</name>
      </input_file>
      <input_file id="fl-4a">
         <path>D:\ti\ccsv6\tools\compiler\c5500_4.4.1\lib\</path>
         <kind>archive</kind>
         <file>rts55x.lib</file>
         <name>isinf.obj</name>
      </input_file>
      <input_file id="fl-4b">
         <path>D:\ti\ccsv6\tools\compiler\c5500_4.4.1\lib\</path>
         <kind>archive</kind>
         <file>rts55x.lib</file>
         <name>llmpy.obj</name>
      </input_file>
      <input_file id="fl-4c">
         <path>D:\ti\ccsv6\tools\compiler\c5500_4.4.1\lib\</path>
         <kind>archive</kind>
         <file>rts55x.lib</file>
         <name>lmpy.obj</name>
      </input_file>
      <input_file id="fl-4d">
         <path>D:\ti\ccsv6\tools\compiler\c5500_4.4.1\lib\</path>
         <kind>archive</kind>
         <file>rts55x.lib</file>
         <name>ltoa.obj</name>
      </input_file>
      <input_file id="fl-4e">
         <path>D:\ti\ccsv6\tools\compiler\c5500_4.4.1\lib\</path>
         <kind>archive</kind>
         <file>rts55x.lib</file>
         <name>memccpy.obj</name>
      </input_file>
      <input_file id="fl-4f">
         <path>D:\ti\ccsv6\tools\compiler\c5500_4.4.1\lib\</path>
         <kind>archive</kind>
         <file>rts55x.lib</file>
         <name>mpyd.obj</name>
      </input_file>
      <input_file id="fl-50">
         <path>D:\ti\ccsv6\tools\compiler\c5500_4.4.1\lib\</path>
         <kind>archive</kind>
         <file>rts55x.lib</file>
         <name>negd.obj</name>
      </input_file>
      <input_file id="fl-51">
         <path>D:\ti\ccsv6\tools\compiler\c5500_4.4.1\lib\</path>
         <kind>archive</kind>
         <file>rts55x.lib</file>
         <name>remli.obj</name>
      </input_file>
      <input_file id="fl-52">
         <path>D:\ti\ccsv6\tools\compiler\c5500_4.4.1\lib\</path>
         <kind>archive</kind>
         <file>rts55x.lib</file>
         <name>remul.obj</name>
      </input_file>
      <input_file id="fl-53">
         <path>D:\ti\ccsv6\tools\compiler\c5500_4.4.1\lib\</path>
         <kind>archive</kind>
         <file>rts55x.lib</file>
         <name>setvbuf.obj</name>
      </input_file>
      <input_file id="fl-54">
         <path>D:\ti\ccsv6\tools\compiler\c5500_4.4.1\lib\</path>
         <kind>archive</kind>
         <file>rts55x.lib</file>
         <name>subd.obj</name>
      </input_file>
      <input_file id="fl-55">
         <path>D:\ti\ccsv6\tools\compiler\c5500_4.4.1\lib\</path>
         <kind>archive</kind>
         <file>rts55x.lib</file>
         <name>addd.obj</name>
      </input_file>
      <input_file id="fl-56">
         <path>D:\ti\ccsv6\tools\compiler\c5500_4.4.1\lib\</path>
         <kind>archive</kind>
         <file>rts55x.lib</file>
         <name>divli.obj</name>
      </input_file>
      <input_file id="fl-57">
         <path>D:\ti\ccsv6\tools\compiler\c5500_4.4.1\lib\</path>
         <kind>archive</kind>
         <file>rts55x.lib</file>
         <name>frcmpyd.obj</name>
      </input_file>
   </input_file_list>
   <object_component_list>
      <object_component id="oc-a5">
         <name>.text</name>
         <load_address>0x20000</load_address>
         <run_address>0x20000</run_address>
         <size>0x15a4</size>
         <input_file_ref idref="fl-3a"/>
      </object_component>
      <object_component id="oc-6b">
         <name>.text</name>
         <load_address>0x215a4</load_address>
         <run_address>0x215a4</run_address>
         <size>0x543</size>
         <input_file_ref idref="fl-2e"/>
      </object_component>
      <object_component id="oc-84">
         <name>.text</name>
         <load_address>0x21ae7</load_address>
         <run_address>0x21ae7</run_address>
         <size>0x528</size>
         <input_file_ref idref="fl-33"/>
      </object_component>
      <object_component id="oc-75">
         <name>.text</name>
         <load_address>0x2200f</load_address>
         <run_address>0x2200f</run_address>
         <size>0x4b5</size>
         <input_file_ref idref="fl-30"/>
      </object_component>
      <object_component id="oc-c1">
         <name>.text</name>
         <load_address>0x224c4</load_address>
         <run_address>0x224c4</run_address>
         <size>0x3cc</size>
         <input_file_ref idref="fl-41"/>
      </object_component>
      <object_component id="oc-5d">
         <name>.text</name>
         <load_address>0x22890</load_address>
         <run_address>0x22890</run_address>
         <size>0x27f</size>
         <input_file_ref idref="fl-2b"/>
      </object_component>
      <object_component id="oc-eb">
         <name>.text</name>
         <load_address>0x22b0f</load_address>
         <run_address>0x22b0f</run_address>
         <size>0x25e</size>
         <input_file_ref idref="fl-4b"/>
      </object_component>
      <object_component id="oc-113">
         <name>.text</name>
         <load_address>0x22d6d</load_address>
         <run_address>0x22d6d</run_address>
         <size>0x25a</size>
         <input_file_ref idref="fl-55"/>
      </object_component>
      <object_component id="oc-67">
         <name>.text</name>
         <load_address>0x22fc7</load_address>
         <run_address>0x22fc7</run_address>
         <size>0x1ee</size>
         <input_file_ref idref="fl-2d"/>
      </object_component>
      <object_component id="oc-b7">
         <name>.text</name>
         <load_address>0x231b5</load_address>
         <run_address>0x231b5</run_address>
         <size>0x1ea</size>
         <input_file_ref idref="fl-3e"/>
      </object_component>
      <object_component id="oc-da">
         <name>.text</name>
         <load_address>0x2339f</load_address>
         <run_address>0x2339f</run_address>
         <size>0x163</size>
         <input_file_ref idref="fl-47"/>
      </object_component>
      <object_component id="oc-27">
         <name>.text</name>
         <load_address>0x23502</load_address>
         <run_address>0x23502</run_address>
         <size>0x152</size>
         <input_file_ref idref="fl-5"/>
      </object_component>
      <object_component id="oc-fb">
         <name>.text</name>
         <load_address>0x23654</load_address>
         <run_address>0x23654</run_address>
         <size>0x14c</size>
         <input_file_ref idref="fl-4f"/>
      </object_component>
      <object_component id="oc-2d">
         <name>.text</name>
         <load_address>0x237a0</load_address>
         <run_address>0x237a0</run_address>
         <size>0x120</size>
         <input_file_ref idref="fl-6"/>
      </object_component>
      <object_component id="oc-63">
         <name>.text</name>
         <load_address>0x238c0</load_address>
         <run_address>0x238c0</run_address>
         <size>0x10f</size>
         <input_file_ref idref="fl-2c"/>
      </object_component>
      <object_component id="oc-1f">
         <name>.text</name>
         <load_address>0x239cf</load_address>
         <run_address>0x239cf</run_address>
         <size>0xf6</size>
         <input_file_ref idref="fl-4"/>
      </object_component>
      <object_component id="oc-18">
         <name>.text</name>
         <load_address>0x23ac5</load_address>
         <run_address>0x23ac5</run_address>
         <size>0xf2</size>
         <input_file_ref idref="fl-3"/>
      </object_component>
      <object_component id="oc-10b">
         <name>.text</name>
         <load_address>0x23bb7</load_address>
         <run_address>0x23bb7</run_address>
         <size>0xe6</size>
         <input_file_ref idref="fl-53"/>
      </object_component>
      <object_component id="oc-9b">
         <name>.text</name>
         <load_address>0x23c9d</load_address>
         <run_address>0x23c9d</run_address>
         <size>0xdd</size>
         <input_file_ref idref="fl-38"/>
      </object_component>
      <object_component id="oc-59">
         <name>.text</name>
         <load_address>0x23d7a</load_address>
         <run_address>0x23d7a</run_address>
         <size>0xc2</size>
         <input_file_ref idref="fl-2a"/>
      </object_component>
      <object_component id="oc-8c">
         <name>.text:CIO_breakpoint</name>
         <load_address>0x23e3c</load_address>
         <run_address>0x23e3c</run_address>
         <size>0xba</size>
         <input_file_ref idref="fl-34"/>
      </object_component>
      <object_component id="oc-97">
         <name>.text</name>
         <load_address>0x23ef6</load_address>
         <run_address>0x23ef6</run_address>
         <size>0xae</size>
         <input_file_ref idref="fl-37"/>
      </object_component>
      <object_component id="oc-d6">
         <name>.text</name>
         <load_address>0x23fa4</load_address>
         <run_address>0x23fa4</run_address>
         <size>0xa6</size>
         <input_file_ref idref="fl-46"/>
      </object_component>
      <object_component id="oc-c5">
         <name>.text</name>
         <load_address>0x2404a</load_address>
         <run_address>0x2404a</run_address>
         <size>0xa1</size>
         <input_file_ref idref="fl-42"/>
      </object_component>
      <object_component id="oc-f3">
         <name>.text</name>
         <load_address>0x240eb</load_address>
         <run_address>0x240eb</run_address>
         <size>0x7d</size>
         <input_file_ref idref="fl-4d"/>
      </object_component>
      <object_component id="oc-55">
         <name>.text</name>
         <load_address>0x24168</load_address>
         <run_address>0x24168</run_address>
         <size>0x7b</size>
         <input_file_ref idref="fl-29"/>
      </object_component>
      <object_component id="oc-11b">
         <name>.text</name>
         <load_address>0x241e3</load_address>
         <run_address>0x241e3</run_address>
         <size>0x76</size>
         <input_file_ref idref="fl-57"/>
      </object_component>
      <object_component id="oc-df">
         <name>.text</name>
         <load_address>0x24259</load_address>
         <run_address>0x24259</run_address>
         <size>0x73</size>
         <input_file_ref idref="fl-48"/>
      </object_component>
      <object_component id="oc-107">
         <name>.text</name>
         <load_address>0x242cc</load_address>
         <run_address>0x242cc</run_address>
         <size>0x72</size>
         <input_file_ref idref="fl-52"/>
      </object_component>
      <object_component id="oc-cd">
         <name>.text</name>
         <load_address>0x2433e</load_address>
         <run_address>0x2433e</run_address>
         <size>0x6f</size>
         <input_file_ref idref="fl-44"/>
      </object_component>
      <object_component id="oc-89">
         <name>.text</name>
         <load_address>0x243ad</load_address>
         <run_address>0x243ad</run_address>
         <size>0x6d</size>
         <input_file_ref idref="fl-34"/>
      </object_component>
      <object_component id="oc-e3">
         <name>.text</name>
         <load_address>0x2441a</load_address>
         <run_address>0x2441a</run_address>
         <size>0x6b</size>
         <input_file_ref idref="fl-49"/>
      </object_component>
      <object_component id="oc-32">
         <name>.text</name>
         <load_address>0x24485</load_address>
         <run_address>0x24485</run_address>
         <size>0x67</size>
         <input_file_ref idref="fl-7"/>
      </object_component>
      <object_component id="oc-d1">
         <name>.text</name>
         <load_address>0x244ec</load_address>
         <run_address>0x244ec</run_address>
         <size>0x67</size>
         <input_file_ref idref="fl-45"/>
      </object_component>
      <object_component id="oc-af">
         <name>.text</name>
         <load_address>0x24553</load_address>
         <run_address>0x24553</run_address>
         <size>0x5c</size>
         <input_file_ref idref="fl-3c"/>
      </object_component>
      <object_component id="oc-40">
         <name>.text</name>
         <load_address>0x245af</load_address>
         <run_address>0x245af</run_address>
         <size>0x5a</size>
         <input_file_ref idref="fl-9"/>
      </object_component>
      <object_component id="oc-45">
         <name>.text</name>
         <load_address>0x24609</load_address>
         <run_address>0x24609</run_address>
         <size>0x54</size>
         <input_file_ref idref="fl-13"/>
      </object_component>
      <object_component id="oc-7c">
         <name>.text</name>
         <load_address>0x2465d</load_address>
         <run_address>0x2465d</run_address>
         <size>0x50</size>
         <input_file_ref idref="fl-31"/>
      </object_component>
      <object_component id="oc-b3">
         <name>.text</name>
         <load_address>0x246ad</load_address>
         <run_address>0x246ad</run_address>
         <size>0x4d</size>
         <input_file_ref idref="fl-3d"/>
      </object_component>
      <object_component id="oc-ab">
         <name>.text</name>
         <load_address>0x246fa</load_address>
         <run_address>0x246fa</run_address>
         <size>0x4b</size>
         <input_file_ref idref="fl-3b"/>
      </object_component>
      <object_component id="oc-103">
         <name>.text</name>
         <load_address>0x24745</load_address>
         <run_address>0x24745</run_address>
         <size>0x4b</size>
         <input_file_ref idref="fl-51"/>
      </object_component>
      <object_component id="oc-117">
         <name>.text</name>
         <load_address>0x24790</load_address>
         <run_address>0x24790</run_address>
         <size>0x48</size>
         <input_file_ref idref="fl-56"/>
      </object_component>
      <object_component id="oc-39">
         <name>.text</name>
         <load_address>0x247d8</load_address>
         <run_address>0x247d8</run_address>
         <size>0x41</size>
         <input_file_ref idref="fl-8"/>
      </object_component>
      <object_component id="oc-71">
         <name>.text</name>
         <load_address>0x24819</load_address>
         <run_address>0x24819</run_address>
         <size>0x3f</size>
         <input_file_ref idref="fl-2f"/>
      </object_component>
      <object_component id="oc-4e">
         <name>.text</name>
         <load_address>0x24858</load_address>
         <run_address>0x24858</run_address>
         <size>0x3e</size>
         <input_file_ref idref="fl-28"/>
      </object_component>
      <object_component id="oc-11">
         <name>.text</name>
         <load_address>0x24896</load_address>
         <run_address>0x24896</run_address>
         <size>0x34</size>
         <input_file_ref idref="fl-27"/>
      </object_component>
      <object_component id="oc-c9">
         <name>.text</name>
         <load_address>0x248ca</load_address>
         <run_address>0x248ca</run_address>
         <size>0x2a</size>
         <input_file_ref idref="fl-43"/>
      </object_component>
      <object_component id="oc-8f">
         <name>.text</name>
         <load_address>0x248f4</load_address>
         <run_address>0x248f4</run_address>
         <size>0x2a</size>
         <input_file_ref idref="fl-35"/>
      </object_component>
      <object_component id="oc-f7">
         <name>.text</name>
         <load_address>0x2491e</load_address>
         <run_address>0x2491e</run_address>
         <size>0x23</size>
         <input_file_ref idref="fl-4e"/>
      </object_component>
      <object_component id="oc-e7">
         <name>.text</name>
         <load_address>0x24941</load_address>
         <run_address>0x24941</run_address>
         <size>0x1a</size>
         <input_file_ref idref="fl-4a"/>
      </object_component>
      <object_component id="oc-10f">
         <name>.text</name>
         <load_address>0x2495b</load_address>
         <run_address>0x2495b</run_address>
         <size>0x14</size>
         <input_file_ref idref="fl-54"/>
      </object_component>
      <object_component id="oc-ef">
         <name>.text</name>
         <load_address>0x2496f</load_address>
         <run_address>0x2496f</run_address>
         <size>0x13</size>
         <input_file_ref idref="fl-4c"/>
      </object_component>
      <object_component id="oc-9f">
         <name>.text</name>
         <load_address>0x24982</load_address>
         <run_address>0x24982</run_address>
         <size>0x12</size>
         <input_file_ref idref="fl-39"/>
      </object_component>
      <object_component id="oc-ff">
         <name>.text</name>
         <load_address>0x24994</load_address>
         <run_address>0x24994</run_address>
         <size>0x10</size>
         <input_file_ref idref="fl-50"/>
      </object_component>
      <object_component id="oc-13">
         <name>.text</name>
         <load_address>0x249a4</load_address>
         <run_address>0x249a4</run_address>
         <size>0xa</size>
         <input_file_ref idref="fl-2"/>
      </object_component>
      <object_component id="oc-80">
         <name>.text</name>
         <load_address>0x249ae</load_address>
         <run_address>0x249ae</run_address>
         <size>0xa</size>
         <input_file_ref idref="fl-32"/>
      </object_component>
      <object_component id="oc-52">
         <name>.text:CIO_breakpoint</name>
         <load_address>0x249b8</load_address>
         <run_address>0x249b8</run_address>
         <size>0x7</size>
         <input_file_ref idref="fl-28"/>
      </object_component>
      <object_component id="oc-93">
         <name>.text</name>
         <load_address>0x249bf</load_address>
         <run_address>0x249bf</run_address>
         <size>0x2</size>
         <input_file_ref idref="fl-36"/>
      </object_component>
      <object_component id="oc-4a">
         <name>.stack</name>
         <uninitialized>true</uninitialized>
         <run_address>0xc0</run_address>
         <size>0x0</size>
         <input_file_ref idref="fl-27"/>
      </object_component>
      <object_component id="oc-13a">
         <name>.stack</name>
         <uninitialized>true</uninitialized>
         <run_address>0xc0</run_address>
         <size>0x0</size>
      </object_component>
      <object_component id="oc-11f">
         <name>.sysstack</name>
         <uninitialized>true</uninitialized>
         <run_address>0x20c0</run_address>
         <size>0x0</size>
         <input_file_ref idref="fl-27"/>
      </object_component>
      <object_component id="oc-13c">
         <name>.sysstack</name>
         <uninitialized>true</uninitialized>
         <run_address>0x20c0</run_address>
         <size>0x0</size>
      </object_component>
      <object_component id="oc-28">
         <name>.bss</name>
         <uninitialized>true</uninitialized>
         <run_address>0x50c0</run_address>
         <size>0x800</size>
         <input_file_ref idref="fl-5"/>
      </object_component>
      <object_component id="oc-bd">
         <name>.bss</name>
         <uninitialized>true</uninitialized>
         <run_address>0x58c0</run_address>
         <size>0x232</size>
         <input_file_ref idref="fl-40"/>
      </object_component>
      <object_component id="oc-5e">
         <name>.bss</name>
         <uninitialized>true</uninitialized>
         <run_address>0x5af2</run_address>
         <size>0x2</size>
         <input_file_ref idref="fl-2b"/>
      </object_component>
      <object_component id="oc-33">
         <name>.bss</name>
         <uninitialized>true</uninitialized>
         <run_address>0x5af8</run_address>
         <size>0x200</size>
         <input_file_ref idref="fl-7"/>
      </object_component>
      <object_component id="oc-85">
         <name>.bss</name>
         <uninitialized>true</uninitialized>
         <run_address>0x5cf8</run_address>
         <size>0x1a0</size>
         <input_file_ref idref="fl-33"/>
      </object_component>
      <object_component id="oc-6c">
         <name>.bss</name>
         <uninitialized>true</uninitialized>
         <run_address>0x5e98</run_address>
         <size>0xe2</size>
         <input_file_ref idref="fl-2e"/>
      </object_component>
      <object_component id="oc-76">
         <name>.bss</name>
         <uninitialized>true</uninitialized>
         <run_address>0x5f7c</run_address>
         <size>0xc</size>
         <input_file_ref idref="fl-30"/>
      </object_component>
      <object_component id="oc-19">
         <name>.bss</name>
         <uninitialized>true</uninitialized>
         <run_address>0x5f88</run_address>
         <size>0xa</size>
         <input_file_ref idref="fl-3"/>
      </object_component>
      <object_component id="oc-20">
         <name>.bss</name>
         <uninitialized>true</uninitialized>
         <run_address>0x5f94</run_address>
         <size>0x8</size>
         <input_file_ref idref="fl-4"/>
      </object_component>
      <object_component id="oc-a0">
         <name>.bss</name>
         <uninitialized>true</uninitialized>
         <run_address>0x5f9c</run_address>
         <size>0x8</size>
         <input_file_ref idref="fl-39"/>
      </object_component>
      <object_component id="oc-4f">
         <name>.bss</name>
         <uninitialized>true</uninitialized>
         <run_address>0x5fa4</run_address>
         <size>0x8</size>
         <input_file_ref idref="fl-28"/>
      </object_component>
      <object_component id="oc-dc">
         <name>.const:.string</name>
         <load_address>0x5af4</load_address>
         <run_address>0x5af4</run_address>
         <size>0x4</size>
         <input_file_ref idref="fl-47"/>
      </object_component>
      <object_component id="oc-120">
         <name>.const:__ctypes_</name>
         <load_address>0x5fac</load_address>
         <run_address>0x5fac</run_address>
         <size>0x202</size>
         <input_file_ref idref="fl-3f"/>
      </object_component>
      <object_component id="oc-3b">
         <name>.const</name>
         <load_address>0x61ae</load_address>
         <run_address>0x61ae</run_address>
         <size>0x2</size>
         <input_file_ref idref="fl-8"/>
      </object_component>
      <object_component id="oc-23">
         <name>.const:.string</name>
         <load_address>0x61b0</load_address>
         <run_address>0x61b0</run_address>
         <size>0x12e</size>
         <input_file_ref idref="fl-4"/>
      </object_component>
      <object_component id="oc-35">
         <name>.const:.string</name>
         <load_address>0x62e0</load_address>
         <run_address>0x62e0</run_address>
         <size>0x7a</size>
         <input_file_ref idref="fl-7"/>
      </object_component>
      <object_component id="oc-a8">
         <name>.const:.string</name>
         <load_address>0x635c</load_address>
         <run_address>0x635c</run_address>
         <size>0x48</size>
         <input_file_ref idref="fl-3a"/>
      </object_component>
      <object_component id="oc-3c">
         <name>.const:.string</name>
         <load_address>0x63a4</load_address>
         <run_address>0x63a4</run_address>
         <size>0x2a</size>
         <input_file_ref idref="fl-8"/>
      </object_component>
      <object_component id="oc-a7">
         <name>.const</name>
         <load_address>0x63d0</load_address>
         <run_address>0x63d0</run_address>
         <size>0x18</size>
         <input_file_ref idref="fl-3a"/>
      </object_component>
      <object_component id="oc-121">
         <name>.const:_initial_approx$1</name>
         <load_address>0x63e8</load_address>
         <run_address>0x63e8</run_address>
         <size>0x10</size>
         <input_file_ref idref="fl-41"/>
      </object_component>
      <object_component id="oc-d3">
         <name>.const</name>
         <load_address>0x63f8</load_address>
         <run_address>0x63f8</run_address>
         <size>0x4</size>
         <input_file_ref idref="fl-45"/>
      </object_component>
      <object_component id="oc-79">
         <name>.sysmem</name>
         <uninitialized>true</uninitialized>
         <run_address>0x30c0</run_address>
         <size>0x0</size>
         <input_file_ref idref="fl-30"/>
      </object_component>
      <object_component id="oc-13b">
         <name>.sysmem</name>
         <uninitialized>true</uninitialized>
         <run_address>0x30c0</run_address>
         <size>0x0</size>
      </object_component>
      <object_component id="oc-6e">
         <name>.cinit</name>
         <load_address>0x40240</load_address>
         <run_address>0x40240</run_address>
         <size>0x5a</size>
         <input_file_ref idref="fl-2e"/>
      </object_component>
      <object_component id="oc-bf">
         <name>.cinit</name>
         <load_address>0x4029a</load_address>
         <run_address>0x4029a</run_address>
         <size>0x54</size>
         <input_file_ref idref="fl-40"/>
      </object_component>
      <object_component id="oc-22">
         <name>.cinit</name>
         <load_address>0x402ee</load_address>
         <run_address>0x402ee</run_address>
         <size>0x14</size>
         <input_file_ref idref="fl-4"/>
      </object_component>
      <object_component id="oc-a2">
         <name>.cinit</name>
         <load_address>0x40302</load_address>
         <run_address>0x40302</run_address>
         <size>0x14</size>
         <input_file_ref idref="fl-39"/>
      </object_component>
      <object_component id="oc-51">
         <name>.cinit</name>
         <load_address>0x40316</load_address>
         <run_address>0x40316</run_address>
         <size>0x14</size>
         <input_file_ref idref="fl-28"/>
      </object_component>
      <object_component id="oc-1b">
         <name>.cinit</name>
         <load_address>0x4032a</load_address>
         <run_address>0x4032a</run_address>
         <size>0x8</size>
         <input_file_ref idref="fl-3"/>
      </object_component>
      <object_component id="oc-60">
         <name>.cinit</name>
         <load_address>0x40332</load_address>
         <run_address>0x40332</run_address>
         <size>0x8</size>
         <input_file_ref idref="fl-2b"/>
      </object_component>
      <object_component id="oc-78">
         <name>.cinit</name>
         <load_address>0x4033a</load_address>
         <run_address>0x4033a</run_address>
         <size>0x8</size>
         <input_file_ref idref="fl-30"/>
      </object_component>
      <object_component id="oc-8b">
         <name>.cio</name>
         <uninitialized>true</uninitialized>
         <run_address>0x40000</run_address>
         <size>0x240</size>
         <input_file_ref idref="fl-34"/>
      </object_component>
      <object_component id="oc-12">
         <name>vectors</name>
         <load_address>0x4fe00</load_address>
         <run_address>0x4fe00</run_address>
         <size>0x100</size>
         <input_file_ref idref="fl-36"/>
      </object_component>
      <object_component id="oc-14">
         <name>.debug_info</name>
         <load_address>0x0</load_address>
         <run_address>0x0</run_address>
         <size>0x59a</size>
         <input_file_ref idref="fl-2"/>
      </object_component>
      <object_component id="oc-1a">
         <name>.debug_info</name>
         <load_address>0x59a</load_address>
         <run_address>0x59a</run_address>
         <size>0x939</size>
         <input_file_ref idref="fl-3"/>
      </object_component>
      <object_component id="oc-21">
         <name>.debug_info</name>
         <load_address>0xed3</load_address>
         <run_address>0xed3</run_address>
         <size>0x94b</size>
         <input_file_ref idref="fl-4"/>
      </object_component>
      <object_component id="oc-29">
         <name>.debug_info</name>
         <load_address>0x181e</load_address>
         <run_address>0x181e</run_address>
         <size>0x9ff</size>
         <input_file_ref idref="fl-5"/>
      </object_component>
      <object_component id="oc-2e">
         <name>.debug_info</name>
         <load_address>0x221d</load_address>
         <run_address>0x221d</run_address>
         <size>0x787</size>
         <input_file_ref idref="fl-6"/>
      </object_component>
      <object_component id="oc-34">
         <name>.debug_info</name>
         <load_address>0x29a4</load_address>
         <run_address>0x29a4</run_address>
         <size>0x962</size>
         <input_file_ref idref="fl-7"/>
      </object_component>
      <object_component id="oc-3a">
         <name>.debug_info</name>
         <load_address>0x3306</load_address>
         <run_address>0x3306</run_address>
         <size>0x6c5</size>
         <input_file_ref idref="fl-8"/>
      </object_component>
      <object_component id="oc-41">
         <name>.debug_info</name>
         <load_address>0x39cb</load_address>
         <run_address>0x39cb</run_address>
         <size>0x9f7</size>
         <input_file_ref idref="fl-9"/>
      </object_component>
      <object_component id="oc-46">
         <name>.debug_info</name>
         <load_address>0x43c2</load_address>
         <run_address>0x43c2</run_address>
         <size>0x5896</size>
         <input_file_ref idref="fl-13"/>
      </object_component>
      <object_component id="oc-4b">
         <name>.debug_info</name>
         <load_address>0x9c58</load_address>
         <run_address>0x9c58</run_address>
         <size>0xe8</size>
         <input_file_ref idref="fl-27"/>
      </object_component>
      <object_component id="oc-50">
         <name>.debug_info</name>
         <load_address>0x9d40</load_address>
         <run_address>0x9d40</run_address>
         <size>0x5fb</size>
         <input_file_ref idref="fl-28"/>
      </object_component>
      <object_component id="oc-56">
         <name>.debug_info</name>
         <load_address>0xa33b</load_address>
         <run_address>0xa33b</run_address>
         <size>0x64f</size>
         <input_file_ref idref="fl-29"/>
      </object_component>
      <object_component id="oc-5a">
         <name>.debug_info</name>
         <load_address>0xa98a</load_address>
         <run_address>0xa98a</run_address>
         <size>0x706</size>
         <input_file_ref idref="fl-2a"/>
      </object_component>
      <object_component id="oc-5f">
         <name>.debug_info</name>
         <load_address>0xb090</load_address>
         <run_address>0xb090</run_address>
         <size>0xa1c</size>
         <input_file_ref idref="fl-2b"/>
      </object_component>
      <object_component id="oc-64">
         <name>.debug_info</name>
         <load_address>0xbaac</load_address>
         <run_address>0xbaac</run_address>
         <size>0x762</size>
         <input_file_ref idref="fl-2c"/>
      </object_component>
      <object_component id="oc-68">
         <name>.debug_info</name>
         <load_address>0xc20e</load_address>
         <run_address>0xc20e</run_address>
         <size>0x8f7</size>
         <input_file_ref idref="fl-2d"/>
      </object_component>
      <object_component id="oc-6d">
         <name>.debug_info</name>
         <load_address>0xcb05</load_address>
         <run_address>0xcb05</run_address>
         <size>0x144b</size>
         <input_file_ref idref="fl-2e"/>
      </object_component>
      <object_component id="oc-72">
         <name>.debug_info</name>
         <load_address>0xdf50</load_address>
         <run_address>0xdf50</run_address>
         <size>0xd1</size>
         <input_file_ref idref="fl-2f"/>
      </object_component>
      <object_component id="oc-77">
         <name>.debug_info</name>
         <load_address>0xe021</load_address>
         <run_address>0xe021</run_address>
         <size>0xb97</size>
         <input_file_ref idref="fl-30"/>
      </object_component>
      <object_component id="oc-7d">
         <name>.debug_info</name>
         <load_address>0xebb8</load_address>
         <run_address>0xebb8</run_address>
         <size>0x76c</size>
         <input_file_ref idref="fl-31"/>
      </object_component>
      <object_component id="oc-81">
         <name>.debug_info</name>
         <load_address>0xf324</load_address>
         <run_address>0xf324</run_address>
         <size>0x510</size>
         <input_file_ref idref="fl-32"/>
      </object_component>
      <object_component id="oc-86">
         <name>.debug_info</name>
         <load_address>0xf834</load_address>
         <run_address>0xf834</run_address>
         <size>0xed4</size>
         <input_file_ref idref="fl-33"/>
      </object_component>
      <object_component id="oc-8a">
         <name>.debug_info</name>
         <load_address>0x10708</load_address>
         <run_address>0x10708</run_address>
         <size>0x744</size>
         <input_file_ref idref="fl-34"/>
      </object_component>
      <object_component id="oc-90">
         <name>.debug_info</name>
         <load_address>0x10e4c</load_address>
         <run_address>0x10e4c</run_address>
         <size>0xef</size>
         <input_file_ref idref="fl-35"/>
      </object_component>
      <object_component id="oc-94">
         <name>.debug_info</name>
         <load_address>0x10f3b</load_address>
         <run_address>0x10f3b</run_address>
         <size>0xbc</size>
         <input_file_ref idref="fl-36"/>
      </object_component>
      <object_component id="oc-98">
         <name>.debug_info</name>
         <load_address>0x10ff7</load_address>
         <run_address>0x10ff7</run_address>
         <size>0x6b8</size>
         <input_file_ref idref="fl-37"/>
      </object_component>
      <object_component id="oc-9c">
         <name>.debug_info</name>
         <load_address>0x116af</load_address>
         <run_address>0x116af</run_address>
         <size>0x662</size>
         <input_file_ref idref="fl-38"/>
      </object_component>
      <object_component id="oc-a1">
         <name>.debug_info</name>
         <load_address>0x11d11</load_address>
         <run_address>0x11d11</run_address>
         <size>0x5bc</size>
         <input_file_ref idref="fl-39"/>
      </object_component>
      <object_component id="oc-a6">
         <name>.debug_info</name>
         <load_address>0x122cd</load_address>
         <run_address>0x122cd</run_address>
         <size>0x27bd</size>
         <input_file_ref idref="fl-3a"/>
      </object_component>
      <object_component id="oc-ac">
         <name>.debug_info</name>
         <load_address>0x14a8a</load_address>
         <run_address>0x14a8a</run_address>
         <size>0x586</size>
         <input_file_ref idref="fl-3b"/>
      </object_component>
      <object_component id="oc-b0">
         <name>.debug_info</name>
         <load_address>0x15010</load_address>
         <run_address>0x15010</run_address>
         <size>0x5a4</size>
         <input_file_ref idref="fl-3c"/>
      </object_component>
      <object_component id="oc-b4">
         <name>.debug_info</name>
         <load_address>0x155b4</load_address>
         <run_address>0x155b4</run_address>
         <size>0xcd</size>
         <input_file_ref idref="fl-3d"/>
      </object_component>
      <object_component id="oc-b8">
         <name>.debug_info</name>
         <load_address>0x15681</load_address>
         <run_address>0x15681</run_address>
         <size>0x81f</size>
         <input_file_ref idref="fl-3e"/>
      </object_component>
      <object_component id="oc-bb">
         <name>.debug_info</name>
         <load_address>0x15ea0</load_address>
         <run_address>0x15ea0</run_address>
         <size>0x498</size>
         <input_file_ref idref="fl-3f"/>
      </object_component>
      <object_component id="oc-be">
         <name>.debug_info</name>
         <load_address>0x16338</load_address>
         <run_address>0x16338</run_address>
         <size>0x57e</size>
         <input_file_ref idref="fl-40"/>
      </object_component>
      <object_component id="oc-c2">
         <name>.debug_info</name>
         <load_address>0x168b6</load_address>
         <run_address>0x168b6</run_address>
         <size>0x7e8</size>
         <input_file_ref idref="fl-41"/>
      </object_component>
      <object_component id="oc-c6">
         <name>.debug_info</name>
         <load_address>0x1709e</load_address>
         <run_address>0x1709e</run_address>
         <size>0x534</size>
         <input_file_ref idref="fl-42"/>
      </object_component>
      <object_component id="oc-ca">
         <name>.debug_info</name>
         <load_address>0x175d2</load_address>
         <run_address>0x175d2</run_address>
         <size>0x4cf</size>
         <input_file_ref idref="fl-43"/>
      </object_component>
      <object_component id="oc-ce">
         <name>.debug_info</name>
         <load_address>0x17aa1</load_address>
         <run_address>0x17aa1</run_address>
         <size>0x534</size>
         <input_file_ref idref="fl-44"/>
      </object_component>
      <object_component id="oc-d2">
         <name>.debug_info</name>
         <load_address>0x17fd5</load_address>
         <run_address>0x17fd5</run_address>
         <size>0x549</size>
         <input_file_ref idref="fl-45"/>
      </object_component>
      <object_component id="oc-d7">
         <name>.debug_info</name>
         <load_address>0x1851e</load_address>
         <run_address>0x1851e</run_address>
         <size>0x6aa</size>
         <input_file_ref idref="fl-46"/>
      </object_component>
      <object_component id="oc-db">
         <name>.debug_info</name>
         <load_address>0x18bc8</load_address>
         <run_address>0x18bc8</run_address>
         <size>0x942</size>
         <input_file_ref idref="fl-47"/>
      </object_component>
      <object_component id="oc-e0">
         <name>.debug_info</name>
         <load_address>0x1950a</load_address>
         <run_address>0x1950a</run_address>
         <size>0x53e</size>
         <input_file_ref idref="fl-48"/>
      </object_component>
      <object_component id="oc-e4">
         <name>.debug_info</name>
         <load_address>0x19a48</load_address>
         <run_address>0x19a48</run_address>
         <size>0x5f7</size>
         <input_file_ref idref="fl-49"/>
      </object_component>
      <object_component id="oc-e8">
         <name>.debug_info</name>
         <load_address>0x1a03f</load_address>
         <run_address>0x1a03f</run_address>
         <size>0x680</size>
         <input_file_ref idref="fl-4a"/>
      </object_component>
      <object_component id="oc-ec">
         <name>.debug_info</name>
         <load_address>0x1a6bf</load_address>
         <run_address>0x1a6bf</run_address>
         <size>0x7d4</size>
         <input_file_ref idref="fl-4b"/>
      </object_component>
      <object_component id="oc-f0">
         <name>.debug_info</name>
         <load_address>0x1ae93</load_address>
         <run_address>0x1ae93</run_address>
         <size>0xbd</size>
         <input_file_ref idref="fl-4c"/>
      </object_component>
      <object_component id="oc-f4">
         <name>.debug_info</name>
         <load_address>0x1af50</load_address>
         <run_address>0x1af50</run_address>
         <size>0x5ad</size>
         <input_file_ref idref="fl-4d"/>
      </object_component>
      <object_component id="oc-f8">
         <name>.debug_info</name>
         <load_address>0x1b4fd</load_address>
         <run_address>0x1b4fd</run_address>
         <size>0x574</size>
         <input_file_ref idref="fl-4e"/>
      </object_component>
      <object_component id="oc-fc">
         <name>.debug_info</name>
         <load_address>0x1ba71</load_address>
         <run_address>0x1ba71</run_address>
         <size>0x55b</size>
         <input_file_ref idref="fl-4f"/>
      </object_component>
      <object_component id="oc-100">
         <name>.debug_info</name>
         <load_address>0x1bfcc</load_address>
         <run_address>0x1bfcc</run_address>
         <size>0x4b7</size>
         <input_file_ref idref="fl-50"/>
      </object_component>
      <object_component id="oc-104">
         <name>.debug_info</name>
         <load_address>0x1c483</load_address>
         <run_address>0x1c483</run_address>
         <size>0x4f2</size>
         <input_file_ref idref="fl-51"/>
      </object_component>
      <object_component id="oc-108">
         <name>.debug_info</name>
         <load_address>0x1c975</load_address>
         <run_address>0x1c975</run_address>
         <size>0x534</size>
         <input_file_ref idref="fl-52"/>
      </object_component>
      <object_component id="oc-10c">
         <name>.debug_info</name>
         <load_address>0x1cea9</load_address>
         <run_address>0x1cea9</run_address>
         <size>0x64a</size>
         <input_file_ref idref="fl-53"/>
      </object_component>
      <object_component id="oc-110">
         <name>.debug_info</name>
         <load_address>0x1d4f3</load_address>
         <run_address>0x1d4f3</run_address>
         <size>0x4de</size>
         <input_file_ref idref="fl-54"/>
      </object_component>
      <object_component id="oc-114">
         <name>.debug_info</name>
         <load_address>0x1d9d1</load_address>
         <run_address>0x1d9d1</run_address>
         <size>0x5ab</size>
         <input_file_ref idref="fl-55"/>
      </object_component>
      <object_component id="oc-118">
         <name>.debug_info</name>
         <load_address>0x1df7c</load_address>
         <run_address>0x1df7c</run_address>
         <size>0x4f2</size>
         <input_file_ref idref="fl-56"/>
      </object_component>
      <object_component id="oc-11c">
         <name>.debug_info</name>
         <load_address>0x1e46e</load_address>
         <run_address>0x1e46e</run_address>
         <size>0x4d2</size>
         <input_file_ref idref="fl-57"/>
      </object_component>
      <object_component id="oc-148">
         <name>.debug_info</name>
         <load_address>0x1e940</load_address>
         <run_address>0x1e940</run_address>
         <size>0x6e</size>
      </object_component>
      <object_component id="oc-15">
         <name>.debug_frame</name>
         <load_address>0x0</load_address>
         <run_address>0x0</run_address>
         <size>0xf4</size>
         <input_file_ref idref="fl-2"/>
      </object_component>
      <object_component id="oc-1c">
         <name>.debug_frame</name>
         <load_address>0xf4</load_address>
         <run_address>0xf4</run_address>
         <size>0x132</size>
         <input_file_ref idref="fl-3"/>
      </object_component>
      <object_component id="oc-24">
         <name>.debug_frame</name>
         <load_address>0x226</load_address>
         <run_address>0x226</run_address>
         <size>0x139</size>
         <input_file_ref idref="fl-4"/>
      </object_component>
      <object_component id="oc-2a">
         <name>.debug_frame</name>
         <load_address>0x35f</load_address>
         <run_address>0x35f</run_address>
         <size>0x118</size>
         <input_file_ref idref="fl-5"/>
      </object_component>
      <object_component id="oc-2f">
         <name>.debug_frame</name>
         <load_address>0x477</load_address>
         <run_address>0x477</run_address>
         <size>0x102</size>
         <input_file_ref idref="fl-6"/>
      </object_component>
      <object_component id="oc-36">
         <name>.debug_frame</name>
         <load_address>0x579</load_address>
         <run_address>0x579</run_address>
         <size>0xe1</size>
         <input_file_ref idref="fl-7"/>
      </object_component>
      <object_component id="oc-3d">
         <name>.debug_frame</name>
         <load_address>0x65a</load_address>
         <run_address>0x65a</run_address>
         <size>0x132</size>
         <input_file_ref idref="fl-8"/>
      </object_component>
      <object_component id="oc-42">
         <name>.debug_frame</name>
         <load_address>0x78c</load_address>
         <run_address>0x78c</run_address>
         <size>0x154</size>
         <input_file_ref idref="fl-9"/>
      </object_component>
      <object_component id="oc-47">
         <name>.debug_frame</name>
         <load_address>0x8e0</load_address>
         <run_address>0x8e0</run_address>
         <size>0x116</size>
         <input_file_ref idref="fl-13"/>
      </object_component>
      <object_component id="oc-16">
         <name>.debug_line</name>
         <load_address>0x0</load_address>
         <run_address>0x0</run_address>
         <size>0x60</size>
         <input_file_ref idref="fl-2"/>
      </object_component>
      <object_component id="oc-1d">
         <name>.debug_line</name>
         <load_address>0x60</load_address>
         <run_address>0x60</run_address>
         <size>0xac</size>
         <input_file_ref idref="fl-3"/>
      </object_component>
      <object_component id="oc-25">
         <name>.debug_line</name>
         <load_address>0x10c</load_address>
         <run_address>0x10c</run_address>
         <size>0xb8</size>
         <input_file_ref idref="fl-4"/>
      </object_component>
      <object_component id="oc-2b">
         <name>.debug_line</name>
         <load_address>0x1c4</load_address>
         <run_address>0x1c4</run_address>
         <size>0xbe</size>
         <input_file_ref idref="fl-5"/>
      </object_component>
      <object_component id="oc-30">
         <name>.debug_line</name>
         <load_address>0x282</load_address>
         <run_address>0x282</run_address>
         <size>0x6e</size>
         <input_file_ref idref="fl-6"/>
      </object_component>
      <object_component id="oc-37">
         <name>.debug_line</name>
         <load_address>0x2f0</load_address>
         <run_address>0x2f0</run_address>
         <size>0x5d</size>
         <input_file_ref idref="fl-7"/>
      </object_component>
      <object_component id="oc-3e">
         <name>.debug_line</name>
         <load_address>0x34d</load_address>
         <run_address>0x34d</run_address>
         <size>0x86</size>
         <input_file_ref idref="fl-8"/>
      </object_component>
      <object_component id="oc-43">
         <name>.debug_line</name>
         <load_address>0x3d3</load_address>
         <run_address>0x3d3</run_address>
         <size>0x95</size>
         <input_file_ref idref="fl-9"/>
      </object_component>
      <object_component id="oc-48">
         <name>.debug_line</name>
         <load_address>0x468</load_address>
         <run_address>0x468</run_address>
         <size>0x59c</size>
         <input_file_ref idref="fl-13"/>
      </object_component>
      <object_component id="oc-4c">
         <name>.debug_line</name>
         <load_address>0xa04</load_address>
         <run_address>0xa04</run_address>
         <size>0x54</size>
         <input_file_ref idref="fl-27"/>
      </object_component>
      <object_component id="oc-53">
         <name>.debug_line</name>
         <load_address>0xa58</load_address>
         <run_address>0xa58</run_address>
         <size>0x51</size>
         <input_file_ref idref="fl-28"/>
      </object_component>
      <object_component id="oc-57">
         <name>.debug_line</name>
         <load_address>0xaa9</load_address>
         <run_address>0xaa9</run_address>
         <size>0x3d</size>
         <input_file_ref idref="fl-29"/>
      </object_component>
      <object_component id="oc-5b">
         <name>.debug_line</name>
         <load_address>0xae6</load_address>
         <run_address>0xae6</run_address>
         <size>0x5b</size>
         <input_file_ref idref="fl-2a"/>
      </object_component>
      <object_component id="oc-61">
         <name>.debug_line</name>
         <load_address>0xb41</load_address>
         <run_address>0xb41</run_address>
         <size>0xd7</size>
         <input_file_ref idref="fl-2b"/>
      </object_component>
      <object_component id="oc-65">
         <name>.debug_line</name>
         <load_address>0xc18</load_address>
         <run_address>0xc18</run_address>
         <size>0x4d</size>
         <input_file_ref idref="fl-2c"/>
      </object_component>
      <object_component id="oc-69">
         <name>.debug_line</name>
         <load_address>0xc65</load_address>
         <run_address>0xc65</run_address>
         <size>0x97</size>
         <input_file_ref idref="fl-2d"/>
      </object_component>
      <object_component id="oc-6f">
         <name>.debug_line</name>
         <load_address>0xcfc</load_address>
         <run_address>0xcfc</run_address>
         <size>0x1b0</size>
         <input_file_ref idref="fl-2e"/>
      </object_component>
      <object_component id="oc-73">
         <name>.debug_line</name>
         <load_address>0xeac</load_address>
         <run_address>0xeac</run_address>
         <size>0x4d</size>
         <input_file_ref idref="fl-2f"/>
      </object_component>
      <object_component id="oc-7a">
         <name>.debug_line</name>
         <load_address>0xef9</load_address>
         <run_address>0xef9</run_address>
         <size>0x112</size>
         <input_file_ref idref="fl-30"/>
      </object_component>
      <object_component id="oc-7e">
         <name>.debug_line</name>
         <load_address>0x100b</load_address>
         <run_address>0x100b</run_address>
         <size>0x69</size>
         <input_file_ref idref="fl-31"/>
      </object_component>
      <object_component id="oc-82">
         <name>.debug_line</name>
         <load_address>0x1074</load_address>
         <run_address>0x1074</run_address>
         <size>0x39</size>
         <input_file_ref idref="fl-32"/>
      </object_component>
      <object_component id="oc-87">
         <name>.debug_line</name>
         <load_address>0x10ad</load_address>
         <run_address>0x10ad</run_address>
         <size>0x15d</size>
         <input_file_ref idref="fl-33"/>
      </object_component>
      <object_component id="oc-8d">
         <name>.debug_line</name>
         <load_address>0x120a</load_address>
         <run_address>0x120a</run_address>
         <size>0x6a</size>
         <input_file_ref idref="fl-34"/>
      </object_component>
      <object_component id="oc-91">
         <name>.debug_line</name>
         <load_address>0x1274</load_address>
         <run_address>0x1274</run_address>
         <size>0x58</size>
         <input_file_ref idref="fl-35"/>
      </object_component>
      <object_component id="oc-95">
         <name>.debug_line</name>
         <load_address>0x12cc</load_address>
         <run_address>0x12cc</run_address>
         <size>0x37</size>
         <input_file_ref idref="fl-36"/>
      </object_component>
      <object_component id="oc-99">
         <name>.debug_line</name>
         <load_address>0x1303</load_address>
         <run_address>0x1303</run_address>
         <size>0x4c</size>
         <input_file_ref idref="fl-37"/>
      </object_component>
      <object_component id="oc-9d">
         <name>.debug_line</name>
         <load_address>0x134f</load_address>
         <run_address>0x134f</run_address>
         <size>0x57</size>
         <input_file_ref idref="fl-38"/>
      </object_component>
      <object_component id="oc-a3">
         <name>.debug_line</name>
         <load_address>0x13a6</load_address>
         <run_address>0x13a6</run_address>
         <size>0x57</size>
         <input_file_ref idref="fl-39"/>
      </object_component>
      <object_component id="oc-a9">
         <name>.debug_line</name>
         <load_address>0x13fd</load_address>
         <run_address>0x13fd</run_address>
         <size>0x328</size>
         <input_file_ref idref="fl-3a"/>
      </object_component>
      <object_component id="oc-ad">
         <name>.debug_line</name>
         <load_address>0x1725</load_address>
         <run_address>0x1725</run_address>
         <size>0x41</size>
         <input_file_ref idref="fl-3b"/>
      </object_component>
      <object_component id="oc-b1">
         <name>.debug_line</name>
         <load_address>0x1766</load_address>
         <run_address>0x1766</run_address>
         <size>0x46</size>
         <input_file_ref idref="fl-3c"/>
      </object_component>
      <object_component id="oc-b5">
         <name>.debug_line</name>
         <load_address>0x17ac</load_address>
         <run_address>0x17ac</run_address>
         <size>0x55</size>
         <input_file_ref idref="fl-3d"/>
      </object_component>
      <object_component id="oc-b9">
         <name>.debug_line</name>
         <load_address>0x1801</load_address>
         <run_address>0x1801</run_address>
         <size>0xad</size>
         <input_file_ref idref="fl-3e"/>
      </object_component>
      <object_component id="oc-c3">
         <name>.debug_line</name>
         <load_address>0x18ae</load_address>
         <run_address>0x18ae</run_address>
         <size>0x5b</size>
         <input_file_ref idref="fl-41"/>
      </object_component>
      <object_component id="oc-c7">
         <name>.debug_line</name>
         <load_address>0x1909</load_address>
         <run_address>0x1909</run_address>
         <size>0x44</size>
         <input_file_ref idref="fl-42"/>
      </object_component>
      <object_component id="oc-cb">
         <name>.debug_line</name>
         <load_address>0x194d</load_address>
         <run_address>0x194d</run_address>
         <size>0x3d</size>
         <input_file_ref idref="fl-43"/>
      </object_component>
      <object_component id="oc-cf">
         <name>.debug_line</name>
         <load_address>0x198a</load_address>
         <run_address>0x198a</run_address>
         <size>0x3d</size>
         <input_file_ref idref="fl-44"/>
      </object_component>
      <object_component id="oc-d4">
         <name>.debug_line</name>
         <load_address>0x19c7</load_address>
         <run_address>0x19c7</run_address>
         <size>0x44</size>
         <input_file_ref idref="fl-45"/>
      </object_component>
      <object_component id="oc-d8">
         <name>.debug_line</name>
         <load_address>0x1a0b</load_address>
         <run_address>0x1a0b</run_address>
         <size>0x56</size>
         <input_file_ref idref="fl-46"/>
      </object_component>
      <object_component id="oc-dd">
         <name>.debug_line</name>
         <load_address>0x1a61</load_address>
         <run_address>0x1a61</run_address>
         <size>0xa8</size>
         <input_file_ref idref="fl-47"/>
      </object_component>
      <object_component id="oc-e1">
         <name>.debug_line</name>
         <load_address>0x1b09</load_address>
         <run_address>0x1b09</run_address>
         <size>0x40</size>
         <input_file_ref idref="fl-48"/>
      </object_component>
      <object_component id="oc-e5">
         <name>.debug_line</name>
         <load_address>0x1b49</load_address>
         <run_address>0x1b49</run_address>
         <size>0x3c</size>
         <input_file_ref idref="fl-49"/>
      </object_component>
      <object_component id="oc-e9">
         <name>.debug_line</name>
         <load_address>0x1b85</load_address>
         <run_address>0x1b85</run_address>
         <size>0x38</size>
         <input_file_ref idref="fl-4a"/>
      </object_component>
      <object_component id="oc-ed">
         <name>.debug_line</name>
         <load_address>0x1bbd</load_address>
         <run_address>0x1bbd</run_address>
         <size>0xa8</size>
         <input_file_ref idref="fl-4b"/>
      </object_component>
      <object_component id="oc-f1">
         <name>.debug_line</name>
         <load_address>0x1c65</load_address>
         <run_address>0x1c65</run_address>
         <size>0x3c</size>
         <input_file_ref idref="fl-4c"/>
      </object_component>
      <object_component id="oc-f5">
         <name>.debug_line</name>
         <load_address>0x1ca1</load_address>
         <run_address>0x1ca1</run_address>
         <size>0x40</size>
         <input_file_ref idref="fl-4d"/>
      </object_component>
      <object_component id="oc-f9">
         <name>.debug_line</name>
         <load_address>0x1ce1</load_address>
         <run_address>0x1ce1</run_address>
         <size>0x3c</size>
         <input_file_ref idref="fl-4e"/>
      </object_component>
      <object_component id="oc-fd">
         <name>.debug_line</name>
         <load_address>0x1d1d</load_address>
         <run_address>0x1d1d</run_address>
         <size>0x3c</size>
         <input_file_ref idref="fl-4f"/>
      </object_component>
      <object_component id="oc-101">
         <name>.debug_line</name>
         <load_address>0x1d59</load_address>
         <run_address>0x1d59</run_address>
         <size>0x37</size>
         <input_file_ref idref="fl-50"/>
      </object_component>
      <object_component id="oc-105">
         <name>.debug_line</name>
         <load_address>0x1d90</load_address>
         <run_address>0x1d90</run_address>
         <size>0x3c</size>
         <input_file_ref idref="fl-51"/>
      </object_component>
      <object_component id="oc-109">
         <name>.debug_line</name>
         <load_address>0x1dcc</load_address>
         <run_address>0x1dcc</run_address>
         <size>0x44</size>
         <input_file_ref idref="fl-52"/>
      </object_component>
      <object_component id="oc-10d">
         <name>.debug_line</name>
         <load_address>0x1e10</load_address>
         <run_address>0x1e10</run_address>
         <size>0x3f</size>
         <input_file_ref idref="fl-53"/>
      </object_component>
      <object_component id="oc-111">
         <name>.debug_line</name>
         <load_address>0x1e4f</load_address>
         <run_address>0x1e4f</run_address>
         <size>0x37</size>
         <input_file_ref idref="fl-54"/>
      </object_component>
      <object_component id="oc-115">
         <name>.debug_line</name>
         <load_address>0x1e86</load_address>
         <run_address>0x1e86</run_address>
         <size>0x5c</size>
         <input_file_ref idref="fl-55"/>
      </object_component>
      <object_component id="oc-119">
         <name>.debug_line</name>
         <load_address>0x1ee2</load_address>
         <run_address>0x1ee2</run_address>
         <size>0x3c</size>
         <input_file_ref idref="fl-56"/>
      </object_component>
      <object_component id="oc-11d">
         <name>.debug_line</name>
         <load_address>0x1f1e</load_address>
         <run_address>0x1f1e</run_address>
         <size>0x3a</size>
         <input_file_ref idref="fl-57"/>
      </object_component>
      <object_component id="oc-17">
         <name>.debug_abbrev</name>
         <load_address>0x0</load_address>
         <run_address>0x0</run_address>
         <size>0x76</size>
         <input_file_ref idref="fl-2"/>
      </object_component>
      <object_component id="oc-1e">
         <name>.debug_abbrev</name>
         <load_address>0x76</load_address>
         <run_address>0x76</run_address>
         <size>0x10c</size>
         <input_file_ref idref="fl-3"/>
      </object_component>
      <object_component id="oc-26">
         <name>.debug_abbrev</name>
         <load_address>0x182</load_address>
         <run_address>0x182</run_address>
         <size>0x121</size>
         <input_file_ref idref="fl-4"/>
      </object_component>
      <object_component id="oc-2c">
         <name>.debug_abbrev</name>
         <load_address>0x2a3</load_address>
         <run_address>0x2a3</run_address>
         <size>0x139</size>
         <input_file_ref idref="fl-5"/>
      </object_component>
      <object_component id="oc-31">
         <name>.debug_abbrev</name>
         <load_address>0x3dc</load_address>
         <run_address>0x3dc</run_address>
         <size>0xb2</size>
         <input_file_ref idref="fl-6"/>
      </object_component>
      <object_component id="oc-38">
         <name>.debug_abbrev</name>
         <load_address>0x48e</load_address>
         <run_address>0x48e</run_address>
         <size>0x116</size>
         <input_file_ref idref="fl-7"/>
      </object_component>
      <object_component id="oc-3f">
         <name>.debug_abbrev</name>
         <load_address>0x5a4</load_address>
         <run_address>0x5a4</run_address>
         <size>0xf5</size>
         <input_file_ref idref="fl-8"/>
      </object_component>
      <object_component id="oc-44">
         <name>.debug_abbrev</name>
         <load_address>0x699</load_address>
         <run_address>0x699</run_address>
         <size>0xc0</size>
         <input_file_ref idref="fl-9"/>
      </object_component>
      <object_component id="oc-49">
         <name>.debug_abbrev</name>
         <load_address>0x759</load_address>
         <run_address>0x759</run_address>
         <size>0x198</size>
         <input_file_ref idref="fl-13"/>
      </object_component>
      <object_component id="oc-4d">
         <name>.debug_abbrev</name>
         <load_address>0x8f1</load_address>
         <run_address>0x8f1</run_address>
         <size>0x3a</size>
         <input_file_ref idref="fl-27"/>
      </object_component>
      <object_component id="oc-54">
         <name>.debug_abbrev</name>
         <load_address>0x92b</load_address>
         <run_address>0x92b</run_address>
         <size>0xf7</size>
         <input_file_ref idref="fl-28"/>
      </object_component>
      <object_component id="oc-58">
         <name>.debug_abbrev</name>
         <load_address>0xa22</load_address>
         <run_address>0xa22</run_address>
         <size>0x118</size>
         <input_file_ref idref="fl-29"/>
      </object_component>
      <object_component id="oc-5c">
         <name>.debug_abbrev</name>
         <load_address>0xb3a</load_address>
         <run_address>0xb3a</run_address>
         <size>0x136</size>
         <input_file_ref idref="fl-2a"/>
      </object_component>
      <object_component id="oc-62">
         <name>.debug_abbrev</name>
         <load_address>0xc70</load_address>
         <run_address>0xc70</run_address>
         <size>0x1a2</size>
         <input_file_ref idref="fl-2b"/>
      </object_component>
      <object_component id="oc-66">
         <name>.debug_abbrev</name>
         <load_address>0xe12</load_address>
         <run_address>0xe12</run_address>
         <size>0x111</size>
         <input_file_ref idref="fl-2c"/>
      </object_component>
      <object_component id="oc-6a">
         <name>.debug_abbrev</name>
         <load_address>0xf23</load_address>
         <run_address>0xf23</run_address>
         <size>0x11e</size>
         <input_file_ref idref="fl-2d"/>
      </object_component>
      <object_component id="oc-70">
         <name>.debug_abbrev</name>
         <load_address>0x1041</load_address>
         <run_address>0x1041</run_address>
         <size>0x225</size>
         <input_file_ref idref="fl-2e"/>
      </object_component>
      <object_component id="oc-74">
         <name>.debug_abbrev</name>
         <load_address>0x1266</load_address>
         <run_address>0x1266</run_address>
         <size>0x38</size>
         <input_file_ref idref="fl-2f"/>
      </object_component>
      <object_component id="oc-7b">
         <name>.debug_abbrev</name>
         <load_address>0x129e</load_address>
         <run_address>0x129e</run_address>
         <size>0x1de</size>
         <input_file_ref idref="fl-30"/>
      </object_component>
      <object_component id="oc-7f">
         <name>.debug_abbrev</name>
         <load_address>0x147c</load_address>
         <run_address>0x147c</run_address>
         <size>0x145</size>
         <input_file_ref idref="fl-31"/>
      </object_component>
      <object_component id="oc-83">
         <name>.debug_abbrev</name>
         <load_address>0x15c1</load_address>
         <run_address>0x15c1</run_address>
         <size>0xbf</size>
         <input_file_ref idref="fl-32"/>
      </object_component>
      <object_component id="oc-88">
         <name>.debug_abbrev</name>
         <load_address>0x1680</load_address>
         <run_address>0x1680</run_address>
         <size>0x15a</size>
         <input_file_ref idref="fl-33"/>
      </object_component>
      <object_component id="oc-8e">
         <name>.debug_abbrev</name>
         <load_address>0x17da</load_address>
         <run_address>0x17da</run_address>
         <size>0xde</size>
         <input_file_ref idref="fl-34"/>
      </object_component>
      <object_component id="oc-92">
         <name>.debug_abbrev</name>
         <load_address>0x18b8</load_address>
         <run_address>0x18b8</run_address>
         <size>0x38</size>
         <input_file_ref idref="fl-35"/>
      </object_component>
      <object_component id="oc-96">
         <name>.debug_abbrev</name>
         <load_address>0x18f0</load_address>
         <run_address>0x18f0</run_address>
         <size>0x26</size>
         <input_file_ref idref="fl-36"/>
      </object_component>
      <object_component id="oc-9a">
         <name>.debug_abbrev</name>
         <load_address>0x1916</load_address>
         <run_address>0x1916</run_address>
         <size>0x124</size>
         <input_file_ref idref="fl-37"/>
      </object_component>
      <object_component id="oc-9e">
         <name>.debug_abbrev</name>
         <load_address>0x1a3a</load_address>
         <run_address>0x1a3a</run_address>
         <size>0xd1</size>
         <input_file_ref idref="fl-38"/>
      </object_component>
      <object_component id="oc-a4">
         <name>.debug_abbrev</name>
         <load_address>0x1b0b</load_address>
         <run_address>0x1b0b</run_address>
         <size>0x9f</size>
         <input_file_ref idref="fl-39"/>
      </object_component>
      <object_component id="oc-aa">
         <name>.debug_abbrev</name>
         <load_address>0x1baa</load_address>
         <run_address>0x1baa</run_address>
         <size>0x1f8</size>
         <input_file_ref idref="fl-3a"/>
      </object_component>
      <object_component id="oc-ae">
         <name>.debug_abbrev</name>
         <load_address>0x1da2</load_address>
         <run_address>0x1da2</run_address>
         <size>0xec</size>
         <input_file_ref idref="fl-3b"/>
      </object_component>
      <object_component id="oc-b2">
         <name>.debug_abbrev</name>
         <load_address>0x1e8e</load_address>
         <run_address>0x1e8e</run_address>
         <size>0xd5</size>
         <input_file_ref idref="fl-3c"/>
      </object_component>
      <object_component id="oc-b6">
         <name>.debug_abbrev</name>
         <load_address>0x1f63</load_address>
         <run_address>0x1f63</run_address>
         <size>0x44</size>
         <input_file_ref idref="fl-3d"/>
      </object_component>
      <object_component id="oc-ba">
         <name>.debug_abbrev</name>
         <load_address>0x1fa7</load_address>
         <run_address>0x1fa7</run_address>
         <size>0xb7</size>
         <input_file_ref idref="fl-3e"/>
      </object_component>
      <object_component id="oc-bc">
         <name>.debug_abbrev</name>
         <load_address>0x205e</load_address>
         <run_address>0x205e</run_address>
         <size>0x68</size>
         <input_file_ref idref="fl-3f"/>
      </object_component>
      <object_component id="oc-c0">
         <name>.debug_abbrev</name>
         <load_address>0x20c6</load_address>
         <run_address>0x20c6</run_address>
         <size>0x83</size>
         <input_file_ref idref="fl-40"/>
      </object_component>
      <object_component id="oc-c4">
         <name>.debug_abbrev</name>
         <load_address>0x2149</load_address>
         <run_address>0x2149</run_address>
         <size>0x112</size>
         <input_file_ref idref="fl-41"/>
      </object_component>
      <object_component id="oc-c8">
         <name>.debug_abbrev</name>
         <load_address>0x225b</load_address>
         <run_address>0x225b</run_address>
         <size>0xb5</size>
         <input_file_ref idref="fl-42"/>
      </object_component>
      <object_component id="oc-cc">
         <name>.debug_abbrev</name>
         <load_address>0x2310</load_address>
         <run_address>0x2310</run_address>
         <size>0x8f</size>
         <input_file_ref idref="fl-43"/>
      </object_component>
      <object_component id="oc-d0">
         <name>.debug_abbrev</name>
         <load_address>0x239f</load_address>
         <run_address>0x239f</run_address>
         <size>0xb7</size>
         <input_file_ref idref="fl-44"/>
      </object_component>
      <object_component id="oc-d5">
         <name>.debug_abbrev</name>
         <load_address>0x2456</load_address>
         <run_address>0x2456</run_address>
         <size>0xc2</size>
         <input_file_ref idref="fl-45"/>
      </object_component>
      <object_component id="oc-d9">
         <name>.debug_abbrev</name>
         <load_address>0x2518</load_address>
         <run_address>0x2518</run_address>
         <size>0x103</size>
         <input_file_ref idref="fl-46"/>
      </object_component>
      <object_component id="oc-de">
         <name>.debug_abbrev</name>
         <load_address>0x261b</load_address>
         <run_address>0x261b</run_address>
         <size>0x140</size>
         <input_file_ref idref="fl-47"/>
      </object_component>
      <object_component id="oc-e2">
         <name>.debug_abbrev</name>
         <load_address>0x275b</load_address>
         <run_address>0x275b</run_address>
         <size>0x9a</size>
         <input_file_ref idref="fl-48"/>
      </object_component>
      <object_component id="oc-e6">
         <name>.debug_abbrev</name>
         <load_address>0x27f5</load_address>
         <run_address>0x27f5</run_address>
         <size>0xd1</size>
         <input_file_ref idref="fl-49"/>
      </object_component>
      <object_component id="oc-ea">
         <name>.debug_abbrev</name>
         <load_address>0x28c6</load_address>
         <run_address>0x28c6</run_address>
         <size>0xd0</size>
         <input_file_ref idref="fl-4a"/>
      </object_component>
      <object_component id="oc-ee">
         <name>.debug_abbrev</name>
         <load_address>0x2996</load_address>
         <run_address>0x2996</run_address>
         <size>0xb7</size>
         <input_file_ref idref="fl-4b"/>
      </object_component>
      <object_component id="oc-f2">
         <name>.debug_abbrev</name>
         <load_address>0x2a4d</load_address>
         <run_address>0x2a4d</run_address>
         <size>0x38</size>
         <input_file_ref idref="fl-4c"/>
      </object_component>
      <object_component id="oc-f6">
         <name>.debug_abbrev</name>
         <load_address>0x2a85</load_address>
         <run_address>0x2a85</run_address>
         <size>0xec</size>
         <input_file_ref idref="fl-4d"/>
      </object_component>
      <object_component id="oc-fa">
         <name>.debug_abbrev</name>
         <load_address>0x2b71</load_address>
         <run_address>0x2b71</run_address>
         <size>0xb7</size>
         <input_file_ref idref="fl-4e"/>
      </object_component>
      <object_component id="oc-fe">
         <name>.debug_abbrev</name>
         <load_address>0x2c28</load_address>
         <run_address>0x2c28</run_address>
         <size>0xdc</size>
         <input_file_ref idref="fl-4f"/>
      </object_component>
      <object_component id="oc-102">
         <name>.debug_abbrev</name>
         <load_address>0x2d04</load_address>
         <run_address>0x2d04</run_address>
[...]
      </symbol>
      <symbol id="sm-bd">
         <name>_first_order_IIR</name>
         <value>0x237a0</value>
         <object_component_ref idref="oc-2d"/>
      </symbol>
      <symbol id="sm-be">
         <name>_second_order_IIR</name>
         <value>0x23807</value>
         <object_component_ref idref="oc-2d"/>
      </symbol>
      <symbol id="sm-d2">
         <name>_main</name>
         <value>0x24485</value>
         <object_component_ref idref="oc-32"/>
      </symbol>
      <symbol id="sm-d3">
         <name>_sampleBufferL</name>
         <value>0x5af8</value>
         <object_component_ref idref="oc-33"/>
      </symbol>
      <symbol id="sm-d4">
         <name>_sampleBufferR</name>
         <value>0x5bf8</value>
         <object_component_ref idref="oc-33"/>
      </symbol>
      <symbol id="sm-e5">
         <name>_setWritePointerToFirstChar</name>
         <value>0x247ed</value>
         <object_component_ref idref="oc-39"/>
      </symbol>
      <symbol id="sm-e6">
         <name>_clearLCD</name>
         <value>0x247da</value>
         <object_component_ref idref="oc-39"/>
      </symbol>
      <symbol id="sm-e7">
         <name>_initPrintNumber</name>
         <value>0x247d8</value>
         <object_component_ref idref="oc-39"/>
      </symbol>
      <symbol id="sm-e8">
         <name>_sign_width</name>
         <value>0x61ae</value>
         <object_component_ref idref="oc-3b"/>
      </symbol>
      <symbol id="sm-e9">
         <name>_printChar</name>
         <value>0x24800</value>
         <object_component_ref idref="oc-39"/>
      </symbol>
      <symbol id="sm-f3">
         <name>_shelvingPeek</name>
         <value>0x245f4</value>
         <object_component_ref idref="oc-40"/>
      </symbol>
      <symbol id="sm-f4">
         <name>_calculatePeekCoeff</name>
         <value>0x245bb</value>
         <object_component_ref idref="oc-40"/>
      </symbol>
      <symbol id="sm-f5">
         <name>_shelvingLP</name>
         <value>0x245df</value>
         <object_component_ref idref="oc-40"/>
      </symbol>
      <symbol id="sm-f6">
         <name>_shelvingHP</name>
         <value>0x245ca</value>
         <object_component_ref idref="oc-40"/>
      </symbol>
      <symbol id="sm-f7">
         <name>_calculateShelvingCoeff</name>
         <value>0x245af</value>
         <object_component_ref idref="oc-40"/>
      </symbol>
      <symbol id="sm-105">
         <name>_EZDSP5535_waitusec</name>
         <value>0x2463d</value>
         <object_component_ref idref="oc-45"/>
      </symbol>
      <symbol id="sm-106">
         <name>_EZDSP5535_init</name>
         <value>0x2464f</value>
         <object_component_ref idref="oc-45"/>
      </symbol>
      <symbol id="sm-107">
         <name>_EZDSP5535_wait</name>
         <value>0x24609</value>
         <object_component_ref idref="oc-45"/>
      </symbol>
      <symbol id="sm-113">
         <name>__sysstack</name>
         <value>0x20c0</value>
         <object_component_ref idref="oc-11f"/>
      </symbol>
      <symbol id="sm-114">
         <name>_c_int00</name>
         <value>0x24896</value>
         <object_component_ref idref="oc-11"/>
      </symbol>
      <symbol id="sm-115">
         <name>__stack</name>
         <value>0xc0</value>
         <object_component_ref idref="oc-4a"/>
      </symbol>
      <symbol id="sm-125">
         <name>C$$EXIT</name>
         <value>0x249b9</value>
         <object_component_ref idref="oc-52"/>
      </symbol>
      <symbol id="sm-126">
         <name>_exit</name>
         <value>0x24858</value>
         <object_component_ref idref="oc-4e"/>
      </symbol>
      <symbol id="sm-127">
         <name>_abort</name>
         <value>0x249b8</value>
         <object_component_ref idref="oc-52"/>
      </symbol>
      <symbol id="sm-128">
         <name>__cleanup_ptr</name>
         <value>0x5fa4</value>
         <object_component_ref idref="oc-4f"/>
      </symbol>
      <symbol id="sm-129">
         <name>__dtors_ptr</name>
         <value>0x5fa8</value>
         <object_component_ref idref="oc-4f"/>
      </symbol>
      <symbol id="sm-133">
         <name>_fclose</name>
         <value>0x24168</value>
         <object_component_ref idref="oc-55"/>
      </symbol>
      <symbol id="sm-13d">
         <name>__doflush</name>
         <value>0x23d7a</value>
         <object_component_ref idref="oc-59"/>
      </symbol>
      <symbol id="sm-13e">
         <name>_fflush</name>
         <value>0x23de3</value>
         <object_component_ref idref="oc-59"/>
      </symbol>
      <symbol id="sm-14d">
         <name>__cleanup</name>
         <value>0x229b1</value>
         <object_component_ref idref="oc-5d"/>
      </symbol>
      <symbol id="sm-14e">
         <name>_fopen</name>
         <value>0x22ad4</value>
         <object_component_ref idref="oc-5d"/>
      </symbol>
      <symbol id="sm-14f">
         <name>_freopen</name>
         <value>0x22a0b</value>
         <object_component_ref idref="oc-5d"/>
      </symbol>
      <symbol id="sm-159">
         <name>_fread</name>
         <value>0x238c0</value>
         <object_component_ref idref="oc-63"/>
      </symbol>
      <symbol id="sm-165">
         <name>_fwrite</name>
         <value>0x22fc7</value>
         <object_component_ref idref="oc-67"/>
      </symbol>
      <symbol id="sm-177">
         <name>_add_device</name>
         <value>0x219f7</value>
         <object_component_ref idref="oc-6b"/>
      </symbol>
      <symbol id="sm-178">
         <name>_rename</name>
         <value>0x21719</value>
         <object_component_ref idref="oc-6b"/>
      </symbol>
      <symbol id="sm-179">
         <name>_read</name>
         <value>0x217a8</value>
         <object_component_ref idref="oc-6b"/>
      </symbol>
      <symbol id="sm-17a">
         <name>_unlink</name>
         <value>0x216e6</value>
         <object_component_ref idref="oc-6b"/>
      </symbol>
      <symbol id="sm-17b">
         <name>_remove_device</name>
         <value>0x21772</value>
         <object_component_ref idref="oc-6b"/>
      </symbol>
      <symbol id="sm-17c">
         <name>_open</name>
         <value>0x21856</value>
         <object_component_ref idref="oc-6b"/>
      </symbol>
      <symbol id="sm-17d">
         <name>_find_registered_device</name>
         <value>0x2197b</value>
         <object_component_ref idref="oc-6b"/>
      </symbol>
      <symbol id="sm-17e">
         <name>_lseek</name>
         <value>0x21915</value>
         <object_component_ref idref="oc-6b"/>
      </symbol>
      <symbol id="sm-17f">
         <name>_close</name>
         <value>0x21984</value>
         <object_component_ref idref="oc-6b"/>
      </symbol>
      <symbol id="sm-180">
         <name>_write</name>
         <value>0x215a4</value>
         <object_component_ref idref="oc-6b"/>
      </symbol>
      <symbol id="sm-188">
         <name>_memcpy</name>
         <value>0x24819</value>
         <object_component_ref idref="oc-71"/>
      </symbol>
      <symbol id="sm-198">
         <name>__sys_memory</name>
         <value>0x30c0</value>
         <object_component_ref idref="oc-79"/>
      </symbol>
      <symbol id="sm-199">
         <name>_chkheap</name>
         <value>0x22496</value>
         <object_component_ref idref="oc-75"/>
      </symbol>
      <symbol id="sm-19a">
         <name>_realloc</name>
         <value>0x22235</value>
         <object_component_ref idref="oc-75"/>
      </symbol>
      <symbol id="sm-19b">
         <name>_free_memory</name>
         <value>0x22440</value>
         <object_component_ref idref="oc-75"/>
      </symbol>
      <symbol id="sm-19c">
         <name>_max_free</name>
         <value>0x223e6</value>
         <object_component_ref idref="oc-75"/>
      </symbol>
      <symbol id="sm-19d">
         <name>_free</name>
         <value>0x2200f</value>
         <object_component_ref idref="oc-75"/>
      </symbol>
      <symbol id="sm-19e">
         <name>_calloc</name>
         <value>0x2249e</value>
         <object_component_ref idref="oc-75"/>
      </symbol>
      <symbol id="sm-19f">
         <name>_malloc</name>
         <value>0x22140</value>
         <object_component_ref idref="oc-75"/>
      </symbol>
      <symbol id="sm-1a0">
         <name>_minit</name>
         <value>0x220db</value>
         <object_component_ref idref="oc-75"/>
      </symbol>
      <symbol id="sm-1aa">
         <name>_printf</name>
         <value>0x2465d</value>
         <object_component_ref idref="oc-7c"/>
      </symbol>
      <symbol id="sm-1b4">
         <name>_remove</name>
         <value>0x249ae</value>
         <object_component_ref idref="oc-80"/>
      </symbol>
      <symbol id="sm-1c0">
         <name>_HOSTopen</name>
         <value>0x21df2</value>
         <object_component_ref idref="oc-84"/>
      </symbol>
      <symbol id="sm-1c1">
         <name>_HOSTread</name>
         <value>0x21d65</value>
         <object_component_ref idref="oc-84"/>
      </symbol>
      <symbol id="sm-1c2">
         <name>_HOSTtime</name>
         <value>0x21c59</value>
         <object_component_ref idref="oc-84"/>
      </symbol>
      <symbol id="sm-1c3">
         <name>_getenv</name>
         <value>0x21ae7</value>
         <object_component_ref idref="oc-84"/>
      </symbol>
      <symbol id="sm-1c4">
         <name>_HOSTrename</name>
         <value>0x21cb7</value>
         <object_component_ref idref="oc-84"/>
      </symbol>
      <symbol id="sm-1c5">
         <name>_HOSTclock</name>
         <value>0x21fb1</value>
         <object_component_ref idref="oc-84"/>
      </symbol>
      <symbol id="sm-1c6">
         <name>_HOSTwrite</name>
         <value>0x21b62</value>
         <object_component_ref idref="oc-84"/>
      </symbol>
      <symbol id="sm-1c7">
         <name>_HOSTlseek</name>
         <value>0x21e91</value>
         <object_component_ref idref="oc-84"/>
      </symbol>
      <symbol id="sm-1c8">
         <name>_HOSTunlink</name>
         <value>0x21bef</value>
         <object_component_ref idref="oc-84"/>
      </symbol>
      <symbol id="sm-1c9">
         <name>_HOSTclose</name>
         <value>0x21f46</value>
         <object_component_ref idref="oc-84"/>
      </symbol>
      <symbol id="sm-1db">
         <name>C$$IO$$</name>
         <value>0x23ef1</value>
         <object_component_ref idref="oc-8c"/>
      </symbol>
      <symbol id="sm-1dc">
         <name>__CIOBUF_</name>
         <value>0x40000</value>
         <object_component_ref idref="oc-8b"/>
      </symbol>
      <symbol id="sm-1dd">
         <name>_readmsg</name>
         <value>0x243ad</value>
         <object_component_ref idref="oc-89"/>
      </symbol>
      <symbol id="sm-1de">
         <name>_writemsg</name>
         <value>0x23e3c</value>
         <object_component_ref idref="oc-8c"/>
      </symbol>
      <symbol id="sm-1e6">
         <name>__remu</name>
         <value>0x24909</value>
         <object_component_ref idref="oc-8f"/>
      </symbol>
      <symbol id="sm-1e7">
         <name>__divu</name>
         <value>0x248f4</value>
         <object_component_ref idref="oc-8f"/>
      </symbol>
      <symbol id="sm-1e8">
         <name>I$$UMOD</name>
         <value>0x24909</value>
         <object_component_ref idref="oc-8f"/>
      </symbol>
      <symbol id="sm-1e9">
         <name>I$$UDIV</name>
         <value>0x248f4</value>
         <object_component_ref idref="oc-8f"/>
      </symbol>
      <symbol id="sm-1f3">
         <name>_Reset</name>
         <value>0x4fe00</value>
         <object_component_ref idref="oc-12"/>
      </symbol>
      <symbol id="sm-1fd">
         <name>__buff_read</name>
         <value>0x23ef6</value>
         <object_component_ref idref="oc-97"/>
      </symbol>
      <symbol id="sm-207">
         <name>__rd_ok</name>
         <value>0x23d1d</value>
         <object_component_ref idref="oc-9b"/>
      </symbol>
      <symbol id="sm-208">
         <name>__wrt_ok</name>
         <value>0x23c9d</value>
         <object_component_ref idref="oc-9b"/>
      </symbol>
      <symbol id="sm-216">
         <name>__unlock</name>
         <value>0x5fa0</value>
         <object_component_ref idref="oc-a0"/>
      </symbol>
      <symbol id="sm-217">
         <name>__lock</name>
         <value>0x5f9c</value>
         <object_component_ref idref="oc-a0"/>
      </symbol>
      <symbol id="sm-218">
         <name>__register_lock</name>
         <value>0x2498a</value>
         <object_component_ref idref="oc-9f"/>
      </symbol>
      <symbol id="sm-219">
         <name>__nop</name>
         <value>0x24992</value>
         <object_component_ref idref="oc-9f"/>
      </symbol>
      <symbol id="sm-21a">
         <name>__register_unlock</name>
         <value>0x24982</value>
         <object_component_ref idref="oc-9f"/>
      </symbol>
      <symbol id="sm-22c">
         <name>__printfi</name>
         <value>0x21362</value>
         <object_component_ref idref="oc-a5"/>
      </symbol>
      <symbol id="sm-236">
         <name>__args_main</name>
         <value>0x246fa</value>
         <object_component_ref idref="oc-ab"/>
      </symbol>
      <symbol id="sm-237">
         <name>__TI_args_main</name>
         <value>0x1</value>
      </symbol>
      <symbol id="sm-241">
         <name>_atoi</name>
         <value>0x24553</value>
         <object_component_ref idref="oc-af"/>
      </symbol>
      <symbol id="sm-249">
         <name>_auto_init</name>
         <value>0x246ad</value>
         <object_component_ref idref="oc-b3"/>
      </symbol>
      <symbol id="sm-253">
         <name>__eqld</name>
         <value>0x23313</value>
         <object_component_ref idref="oc-b7"/>
      </symbol>
      <symbol id="sm-254">
         <name>__cmpd</name>
         <value>0x23347</value>
         <object_component_ref idref="oc-b7"/>
      </symbol>
      <symbol id="sm-255">
         <name>__neqd</name>
         <value>0x231b5</value>
         <object_component_ref idref="oc-b7"/>
      </symbol>
      <symbol id="sm-256">
         <name>__gtrd</name>
         <value>0x2327e</value>
         <object_component_ref idref="oc-b7"/>
      </symbol>
      <symbol id="sm-257">
         <name>__geqd</name>
         <value>0x232c9</value>
         <object_component_ref idref="oc-b7"/>
      </symbol>
      <symbol id="sm-258">
         <name>__leqd</name>
         <value>0x23231</value>
         <object_component_ref idref="oc-b7"/>
      </symbol>
      <symbol id="sm-259">
         <name>__lssd</name>
         <value>0x231e9</value>
         <object_component_ref idref="oc-b7"/>
      </symbol>
      <symbol id="sm-261">
         <name>__ctypes_</name>
         <value>0x5fac</value>
         <object_component_ref idref="oc-120"/>
      </symbol>
      <symbol id="sm-26b">
         <name>__tmpnams</name>
         <value>0x59b0</value>
         <object_component_ref idref="oc-bd"/>
      </symbol>
      <symbol id="sm-26c">
         <name>__ft_end</name>
         <value>0x5af0</value>
         <object_component_ref idref="oc-bd"/>
      </symbol>
      <symbol id="sm-26d">
         <name>__ftable</name>
         <value>0x58c0</value>
         <object_component_ref idref="oc-bd"/>
      </symbol>
      <symbol id="sm-279">
         <name>__divd</name>
         <value>0x224c4</value>
         <object_component_ref idref="oc-c1"/>
      </symbol>
      <symbol id="sm-284">
         <name>__divul</name>
         <value>0x2404a</value>
         <object_component_ref idref="oc-c5"/>
      </symbol>
      <symbol id="sm-28e">
         <name>__fixdi</name>
         <value>0x248ca</value>
         <object_component_ref idref="oc-c9"/>
      </symbol>
      <symbol id="sm-298">
         <name>__fixdli</name>
         <value>0x2433e</value>
         <object_component_ref idref="oc-cd"/>
      </symbol>
      <symbol id="sm-2a4">
         <name>__fltlid</name>
         <value>0x244ec</value>
         <object_component_ref idref="oc-d1"/>
      </symbol>
      <symbol id="sm-2ae">
         <name>_putchar</name>
         <value>0x2403b</value>
         <object_component_ref idref="oc-d6"/>
      </symbol>
      <symbol id="sm-2af">
         <name>_putc</name>
         <value>0x23fa4</value>
         <object_component_ref idref="oc-d6"/>
      </symbol>
      <symbol id="sm-2b0">
         <name>_fputc</name>
         <value>0x23fa4</value>
         <object_component_ref idref="oc-d6"/>
      </symbol>
      <symbol id="sm-2be">
         <name>_puts</name>
         <value>0x234d4</value>
         <object_component_ref idref="oc-da"/>
      </symbol>
      <symbol id="sm-2bf">
         <name>_fputs</name>
         <value>0x2339f</value>
         <object_component_ref idref="oc-da"/>
      </symbol>
      <symbol id="sm-2c9">
         <name>__frcmpyd_div</name>
         <value>0x24259</value>
         <object_component_ref idref="oc-df"/>
      </symbol>
      <symbol id="sm-2d3">
         <name>_fseek</name>
         <value>0x2441a</value>
         <object_component_ref idref="oc-e3"/>
      </symbol>
      <symbol id="sm-2dd">
         <name>___isinf</name>
         <value>0x24941</value>
         <object_component_ref idref="oc-e7"/>
      </symbol>
      <symbol id="sm-2e7">
         <name>__divull</name>
         <value>0x22c44</value>
         <object_component_ref idref="oc-eb"/>
      </symbol>
      <symbol id="sm-2e8">
         <name>__mpylli</name>
         <value>0x22b8c</value>
         <object_component_ref idref="oc-eb"/>
      </symbol>
      <symbol id="sm-2e9">
         <name>__remlli</name>
         <value>0x22b5d</value>
         <object_component_ref idref="oc-eb"/>
      </symbol>
      <symbol id="sm-2ea">
         <name>__divlli</name>
         <value>0x22d38</value>
         <object_component_ref idref="oc-eb"/>
      </symbol>
      <symbol id="sm-2eb">
         <name>__remull</name>
         <value>0x22b0f</value>
         <object_component_ref idref="oc-eb"/>
      </symbol>
      <symbol id="sm-2f3">
         <name>__mpyli</name>
         <value>0x2496f</value>
         <object_component_ref idref="oc-ef"/>
      </symbol>
      <symbol id="sm-2f4">
         <name>I$$LMPY</name>
         <value>0x2496f</value>
         <object_component_ref idref="oc-ef"/>
      </symbol>
      <symbol id="sm-2fe">
         <name>_ltoa</name>
         <value>0x240eb</value>
         <object_component_ref idref="oc-f3"/>
      </symbol>
      <symbol id="sm-309">
         <name>_memccpy</name>
         <value>0x2491e</value>
         <object_component_ref idref="oc-f7"/>
      </symbol>
      <symbol id="sm-313">
         <name>__mpyd</name>
         <value>0x23654</value>
         <object_component_ref idref="oc-fb"/>
      </symbol>
      <symbol id="sm-31d">
         <name>__negd</name>
         <value>0x24994</value>
         <object_component_ref idref="oc-ff"/>
      </symbol>
      <symbol id="sm-327">
         <name>__remli</name>
         <value>0x24745</value>
         <object_component_ref idref="oc-103"/>
      </symbol>
      <symbol id="sm-332">
         <name>__remul</name>
         <value>0x242cc</value>
         <object_component_ref idref="oc-107"/>
      </symbol>
      <symbol id="sm-33c">
         <name>_setvbuf</name>
         <value>0x23bb7</value>
         <object_component_ref idref="oc-10b"/>
      </symbol>
      <symbol id="sm-346">
         <name>__subd</name>
         <value>0x2495b</value>
         <object_component_ref idref="oc-10f"/>
      </symbol>
      <symbol id="sm-350">
         <name>__addd</name>
         <value>0x22d6d</value>
         <object_component_ref idref="oc-113"/>
      </symbol>
      <symbol id="sm-35a">
         <name>__divli</name>
         <value>0x24790</value>
         <object_component_ref idref="oc-117"/>
      </symbol>
      <symbol id="sm-364">
         <name>__frcmpyd</name>
         <value>0x241e3</value>
         <object_component_ref idref="oc-11b"/>
      </symbol>
   </symbol_table>
</link_info>
